<?xml version="1.0" encoding="ISO-8859-1" ?>
<link_info>
   <banner>TMS320C2000 Linker PC v22.6.3.LTS</banner>
   <copyright>Copyright (c) 1996-2018 Texas Instruments Incorporated</copyright>
   <link_time>0x69b452d0</link_time>
   <link_errors>0x0</link_errors>
   <output_file>logturtle_tuning_pm.out</output_file>
   <entry_point>
      <name>code_start</name>
      <address>0x0</address>
   </entry_point>
   <input_file_list>
      <input_file id="fl-2">
         <path>.\</path>
         <kind>object</kind>
         <file>F2837xD_GlobalVariableDefs.obj</file>
         <name>F2837xD_GlobalVariableDefs.obj</name>
      </input_file>
      <input_file id="fl-3">
         <path>.\</path>
         <kind>object</kind>
         <file>cla_tasks.obj</file>
         <name>cla_tasks.obj</name>
      </input_file>
      <input_file id="fl-4">
         <path>.\</path>
         <kind>object</kind>
         <file>comparator_dac.obj</file>
         <name>comparator_dac.obj</name>
      </input_file>
      <input_file id="fl-5">
         <path>.\</path>
         <kind>object</kind>
         <file>epwm_interrupts.obj</file>
         <name>epwm_interrupts.obj</name>
      </input_file>
      <input_file id="fl-6">
         <path>.\</path>
         <kind>object</kind>
         <file>hrpwm_control.obj</file>
         <name>hrpwm_control.obj</name>
      </input_file>
      <input_file id="fl-7">
         <path>.\syscfg\</path>
         <kind>object</kind>
         <file>board.obj</file>
         <name>board.obj</name>
      </input_file>
      <input_file id="fl-8">
         <path>.\syscfg\</path>
         <kind>object</kind>
         <file>c2000ware_libraries.obj</file>
         <name>c2000ware_libraries.obj</name>
      </input_file>
      <input_file id="fl-9">
         <path>.\</path>
         <kind>object</kind>
         <file>main.obj</file>
         <name>main.obj</name>
      </input_file>
      <input_file id="fl-a">
         <path>.\</path>
         <kind>object</kind>
         <file>phase_triggers.obj</file>
         <name>phase_triggers.obj</name>
      </input_file>
      <input_file id="fl-b">
         <path>.\device\</path>
         <kind>object</kind>
         <file>F2837xD_CodeStartBranch.obj</file>
         <name>F2837xD_CodeStartBranch.obj</name>
      </input_file>
      <input_file id="fl-c">
         <path>.\device\</path>
         <kind>object</kind>
         <file>device.obj</file>
         <name>device.obj</name>
      </input_file>
      <input_file id="fl-13">
         <kind>object</kind>
         <file>&lt;internal&gt;</file>
         <name>&lt;internal&gt;</name>
      </input_file>
      <input_file id="fl-1f">
         <path>C:\ti\ccs2041\ccs\tools\compiler\ti-cgt-c2000_22.6.3.LTS\lib\</path>
         <kind>archive</kind>
         <file>rts2800_fpu32.lib</file>
         <name>cla_divu.cla.obj</name>
      </input_file>
      <input_file id="fl-20">
         <path>C:\ti\ccs2041\ccs\tools\compiler\ti-cgt-c2000_22.6.3.LTS\lib\</path>
         <kind>archive</kind>
         <file>rts2800_fpu32.lib</file>
         <name>boot28.asm.obj</name>
      </input_file>
      <input_file id="fl-21">
         <path>C:\ti\ccs2041\ccs\tools\compiler\ti-cgt-c2000_22.6.3.LTS\lib\</path>
         <kind>archive</kind>
         <file>rts2800_fpu32.lib</file>
         <name>fs_div28.asm.obj</name>
      </input_file>
      <input_file id="fl-22">
         <path>C:\ti\ccs2041\ccs\tools\compiler\ti-cgt-c2000_22.6.3.LTS\lib\</path>
         <kind>archive</kind>
         <file>rts2800_fpu32.lib</file>
         <name>cpy_tbl.c.obj</name>
      </input_file>
      <input_file id="fl-23">
         <path>C:\ti\ccs2041\ccs\tools\compiler\ti-cgt-c2000_22.6.3.LTS\lib\</path>
         <kind>archive</kind>
         <file>rts2800_fpu32.lib</file>
         <name>memcpy.c.obj</name>
      </input_file>
      <input_file id="fl-24">
         <path>C:\ti\ccs2041\ccs\tools\compiler\ti-cgt-c2000_22.6.3.LTS\lib\</path>
         <kind>archive</kind>
         <file>rts2800_fpu32.lib</file>
         <name>pre_init.c.obj</name>
      </input_file>
      <input_file id="fl-25">
         <path>C:\ti\ccs2041\ccs\tools\compiler\ti-cgt-c2000_22.6.3.LTS\lib\</path>
         <kind>archive</kind>
         <file>rts2800_fpu32.lib</file>
         <name>startup.c.obj</name>
      </input_file>
      <input_file id="fl-26">
         <path>C:\ti\ccs2041\ccs\tools\compiler\ti-cgt-c2000_22.6.3.LTS\lib\</path>
         <kind>archive</kind>
         <file>rts2800_fpu32.lib</file>
         <name>exit.c.obj</name>
      </input_file>
      <input_file id="fl-27">
         <path>C:\ti\ccs2041\ccs\tools\compiler\ti-cgt-c2000_22.6.3.LTS\lib\</path>
         <kind>archive</kind>
         <file>rts2800_fpu32.lib</file>
         <name>_lock.c.obj</name>
      </input_file>
      <input_file id="fl-28">
         <path>C:\ti\ccs2041\ccs\tools\compiler\ti-cgt-c2000_22.6.3.LTS\lib\</path>
         <kind>archive</kind>
         <file>rts2800_fpu32.lib</file>
         <name>args_main.c.obj</name>
      </input_file>
      <input_file id="fl-2c">
         <path>C:\ti\C2000Ware_6_00_01_00\libraries\calibration\hrpwm\f2837xd\lib\</path>
         <kind>archive</kind>
         <file>SFO_v8_fpu_lib_build_c28_coff.lib</file>
         <name>SFO_v8_fpu_lib_build_c28.obj</name>
      </input_file>
      <input_file id="fl-2d">
         <path>C:\ti\C2000Ware_6_00_01_00\driverlib\f2837xd\driverlib\ccs\debug\</path>
         <kind>archive</kind>
         <file>driverlib_coff.lib</file>
         <name>cla.obj</name>
      </input_file>
      <input_file id="fl-2e">
         <path>C:\ti\C2000Ware_6_00_01_00\driverlib\f2837xd\driverlib\ccs\debug\</path>
         <kind>archive</kind>
         <file>driverlib_coff.lib</file>
         <name>epwm.obj</name>
      </input_file>
      <input_file id="fl-2f">
         <path>C:\ti\C2000Ware_6_00_01_00\driverlib\f2837xd\driverlib\ccs\debug\</path>
         <kind>archive</kind>
         <file>driverlib_coff.lib</file>
         <name>gpio.obj</name>
      </input_file>
      <input_file id="fl-30">
         <path>C:\ti\C2000Ware_6_00_01_00\driverlib\f2837xd\driverlib\ccs\debug\</path>
         <kind>archive</kind>
         <file>driverlib_coff.lib</file>
         <name>interrupt.obj</name>
      </input_file>
      <input_file id="fl-31">
         <path>C:\ti\C2000Ware_6_00_01_00\driverlib\f2837xd\driverlib\ccs\debug\</path>
         <kind>archive</kind>
         <file>driverlib_coff.lib</file>
         <name>memcfg.obj</name>
      </input_file>
      <input_file id="fl-32">
         <path>C:\ti\C2000Ware_6_00_01_00\driverlib\f2837xd\driverlib\ccs\debug\</path>
         <kind>archive</kind>
         <file>driverlib_coff.lib</file>
         <name>sysctl.obj</name>
      </input_file>
   </input_file_list>
   <object_component_list>
      <object_component id="oc-98">
         <name>codestart</name>
         <load_address>0x0</load_address>
         <run_address>0x0</run_address>
         <size>0x2</size>
         <input_file_ref idref="fl-b"/>
      </object_component>
      <object_component id="oc-1cb">
         <name>.text</name>
         <load_address>0xb000</load_address>
         <run_address>0xb000</run_address>
         <size>0x3ff</size>
         <input_file_ref idref="fl-c"/>
      </object_component>
      <object_component id="oc-1dc">
         <name>.text:_SysCtl_setClock</name>
         <load_address>0xb3ff</load_address>
         <run_address>0xb3ff</run_address>
         <size>0x209</size>
         <input_file_ref idref="fl-32"/>
      </object_component>
      <object_component id="oc-1d3">
         <name>.text</name>
         <load_address>0xb608</load_address>
         <run_address>0xb608</run_address>
         <size>0x1b1</size>
         <input_file_ref idref="fl-2c"/>
      </object_component>
      <object_component id="oc-1cd">
         <name>.text:_Interrupt_initModule</name>
         <load_address>0xb7b9</load_address>
         <run_address>0xb7b9</run_address>
         <size>0x3d</size>
         <input_file_ref idref="fl-30"/>
      </object_component>
      <object_component id="oc-1af">
         <name>.text:_Interrupt_illegalOperationHandler</name>
         <load_address>0xb7f6</load_address>
         <run_address>0xb7f6</run_address>
         <size>0xa</size>
         <input_file_ref idref="fl-30"/>
      </object_component>
      <object_component id="oc-144">
         <name>.text:retain</name>
         <load_address>0xb800</load_address>
         <run_address>0xb800</run_address>
         <size>0x178</size>
         <input_file_ref idref="fl-9"/>
      </object_component>
      <object_component id="oc-1c4">
         <name>.text</name>
         <load_address>0xb978</load_address>
         <run_address>0xb978</run_address>
         <size>0x119</size>
         <input_file_ref idref="fl-9"/>
      </object_component>
      <object_component id="oc-1d0">
         <name>.text</name>
         <load_address>0xba91</load_address>
         <run_address>0xba91</run_address>
         <size>0xd9</size>
         <input_file_ref idref="fl-4"/>
      </object_component>
      <object_component id="oc-1c5">
         <name>.text</name>
         <load_address>0xbb6a</load_address>
         <run_address>0xbb6a</run_address>
         <size>0x96</size>
         <input_file_ref idref="fl-a"/>
      </object_component>
      <object_component id="oc-1e4">
         <name>.text:_MemCfg_getInitStatus</name>
         <load_address>0xbc00</load_address>
         <run_address>0xbc00</run_address>
         <size>0x91</size>
         <input_file_ref idref="fl-31"/>
      </object_component>
      <object_component id="oc-1fd">
         <name>.text:_SysCtl_selectXTAL</name>
         <load_address>0xbc91</load_address>
         <run_address>0xbc91</run_address>
         <size>0x90</size>
         <input_file_ref idref="fl-32"/>
      </object_component>
      <object_component id="oc-1e7">
         <name>.text:_MemCfg_setProtection</name>
         <load_address>0xbd21</load_address>
         <run_address>0xbd21</run_address>
         <size>0x8b</size>
         <input_file_ref idref="fl-31"/>
      </object_component>
      <object_component id="oc-16b">
         <name>.text</name>
         <load_address>0xbdac</load_address>
         <run_address>0xbdac</run_address>
         <size>0x88</size>
         <input_file_ref idref="fl-21"/>
      </object_component>
      <object_component id="oc-1c3">
         <name>.text</name>
         <load_address>0xbe34</load_address>
         <run_address>0xbe34</run_address>
         <size>0x84</size>
         <input_file_ref idref="fl-5"/>
      </object_component>
      <object_component id="oc-1e3">
         <name>.text:_MemCfg_initSections</name>
         <load_address>0xbeb8</load_address>
         <run_address>0xbeb8</run_address>
         <size>0x7c</size>
         <input_file_ref idref="fl-31"/>
      </object_component>
      <object_component id="oc-14b">
         <name>.text:retain</name>
         <load_address>0xbf34</load_address>
         <run_address>0xbf34</run_address>
         <size>0x72</size>
         <input_file_ref idref="fl-a"/>
      </object_component>
      <object_component id="oc-164">
         <name>.text</name>
         <load_address>0xbfa6</load_address>
         <run_address>0xbfa6</run_address>
         <size>0x56</size>
         <input_file_ref idref="fl-20"/>
      </object_component>
      <object_component id="oc-1c6">
         <name>.text</name>
         <load_address>0xbffc</load_address>
         <run_address>0xbffc</run_address>
         <size>0x2</size>
         <input_file_ref idref="fl-24"/>
      </object_component>
      <object_component id="oc-1c8">
         <name>.text</name>
         <load_address>0xbffe</load_address>
         <run_address>0xbffe</run_address>
         <size>0x1</size>
         <input_file_ref idref="fl-25"/>
      </object_component>
      <object_component id="oc-1cf">
         <name>.text</name>
         <load_address>0x11000</load_address>
         <run_address>0x11000</run_address>
         <size>0xd6f</size>
         <input_file_ref idref="fl-7"/>
      </object_component>
      <object_component id="oc-1db">
         <name>.text:_SysCtl_getDeviceParametric</name>
         <load_address>0x11d6f</load_address>
         <run_address>0x11d6f</run_address>
         <size>0x68</size>
         <input_file_ref idref="fl-32"/>
      </object_component>
      <object_component id="oc-126">
         <name>.text:retain</name>
         <load_address>0x11dd7</load_address>
         <run_address>0x11dd7</run_address>
         <size>0x64</size>
         <input_file_ref idref="fl-5"/>
      </object_component>
      <object_component id="oc-1d5">
         <name>.text:_GPIO_setPadConfig</name>
         <load_address>0x11e3b</load_address>
         <run_address>0x11e3b</run_address>
         <size>0x52</size>
         <input_file_ref idref="fl-2f"/>
      </object_component>
      <object_component id="oc-1dd">
         <name>.text:_SysCtl_getClock</name>
         <load_address>0x11e8d</load_address>
         <run_address>0x11e8d</run_address>
         <size>0x51</size>
         <input_file_ref idref="fl-32"/>
      </object_component>
      <object_component id="oc-1f9">
         <name>.text:_SysCtl_selectOscSource</name>
         <load_address>0x11ede</load_address>
         <run_address>0x11ede</run_address>
         <size>0x48</size>
         <input_file_ref idref="fl-32"/>
      </object_component>
      <object_component id="oc-1fb">
         <name>.text:_EPWM_isBaseValid</name>
         <load_address>0x11f26</load_address>
         <run_address>0x11f26</run_address>
         <size>0x3b</size>
         <input_file_ref idref="fl-2e"/>
      </object_component>
      <object_component id="oc-1e5">
         <name>.text:_MemCfg_setLSRAMControllerSel</name>
         <load_address>0x11f61</load_address>
         <run_address>0x11f61</run_address>
         <size>0x39</size>
         <input_file_ref idref="fl-31"/>
      </object_component>
      <object_component id="oc-1e0">
         <name>.text:_GPIO_setControllerCore</name>
         <load_address>0x11f9a</load_address>
         <run_address>0x11f9a</run_address>
         <size>0x37</size>
         <input_file_ref idref="fl-2f"/>
      </object_component>
      <object_component id="oc-1ca">
         <name>.text</name>
         <load_address>0x11fd1</load_address>
         <run_address>0x11fd1</run_address>
         <size>0x29</size>
         <input_file_ref idref="fl-26"/>
      </object_component>
      <object_component id="oc-1d1">
         <name>.text</name>
         <load_address>0x12000</load_address>
         <run_address>0x12000</run_address>
         <size>0x92c</size>
         <input_file_ref idref="fl-6"/>
      </object_component>
      <object_component id="oc-1df">
         <name>.text:_GPIO_setPinConfig</name>
         <load_address>0x1292c</load_address>
         <run_address>0x1292c</run_address>
         <size>0x37</size>
         <input_file_ref idref="fl-2f"/>
      </object_component>
      <object_component id="oc-1d6">
         <name>.text:_GPIO_setQualificationMode</name>
         <load_address>0x12963</load_address>
         <run_address>0x12963</run_address>
         <size>0x37</size>
         <input_file_ref idref="fl-2f"/>
      </object_component>
      <object_component id="oc-1cc">
         <name>.text:_Interrupt_enable</name>
         <load_address>0x1299a</load_address>
         <run_address>0x1299a</run_address>
         <size>0x37</size>
         <input_file_ref idref="fl-30"/>
      </object_component>
      <object_component id="oc-1d7">
         <name>.text:_GPIO_setInterruptPin</name>
         <load_address>0x129d1</load_address>
         <run_address>0x129d1</run_address>
         <size>0x34</size>
         <input_file_ref idref="fl-2f"/>
      </object_component>
      <object_component id="oc-1d4">
         <name>.text:_GPIO_setDirectionMode</name>
         <load_address>0x12a05</load_address>
         <run_address>0x12a05</run_address>
         <size>0x31</size>
         <input_file_ref idref="fl-2f"/>
      </object_component>
      <object_component id="oc-201">
         <name>.text:_CPUTimer_selectClockSource</name>
         <load_address>0x12a36</load_address>
         <run_address>0x12a36</run_address>
         <size>0x28</size>
         <input_file_ref idref="fl-32"/>
      </object_component>
      <object_component id="oc-1d2">
         <name>.text:_CLA_setTriggerSource</name>
         <load_address>0x12a5e</load_address>
         <run_address>0x12a5e</run_address>
         <size>0x26</size>
         <input_file_ref idref="fl-2d"/>
      </object_component>
      <object_component id="oc-1e6">
         <name>.text:_MemCfg_setGSRAMControllerSel</name>
         <load_address>0x12a84</load_address>
         <run_address>0x12a84</run_address>
         <size>0x26</size>
         <input_file_ref idref="fl-31"/>
      </object_component>
      <object_component id="oc-1c7">
         <name>.text</name>
         <load_address>0x12aaa</load_address>
         <run_address>0x12aaa</run_address>
         <size>0x24</size>
         <input_file_ref idref="fl-22"/>
      </object_component>
      <object_component id="oc-207">
         <name>.text:_CPUTimer_getTimerOverflowStatus</name>
         <load_address>0x12ace</load_address>
         <run_address>0x12ace</run_address>
         <size>0x1f</size>
         <input_file_ref idref="fl-32"/>
      </object_component>
      <object_component id="oc-1ce">
         <name>.text:_Interrupt_initVectorTable</name>
         <load_address>0x12aed</load_address>
         <run_address>0x12aed</run_address>
         <size>0x1e</size>
         <input_file_ref idref="fl-30"/>
      </object_component>
      <object_component id="oc-1d8">
         <name>.text</name>
         <load_address>0x12b0b</load_address>
         <run_address>0x12b0b</run_address>
         <size>0x1d</size>
         <input_file_ref idref="fl-23"/>
      </object_component>
      <object_component id="oc-203">
         <name>.text:_CPUTimer_startTimer</name>
         <load_address>0x12b28</load_address>
         <run_address>0x12b28</run_address>
         <size>0x1a</size>
         <input_file_ref idref="fl-32"/>
      </object_component>
      <object_component id="oc-1de">
         <name>.text:_SysCtl_getLowSpeedClock</name>
         <load_address>0x12b42</load_address>
         <run_address>0x12b42</run_address>
         <size>0x1a</size>
         <input_file_ref idref="fl-32"/>
      </object_component>
      <object_component id="oc-206">
         <name>.text:_CPUTimer_isBaseValid</name>
         <load_address>0x12b5c</load_address>
         <run_address>0x12b5c</run_address>
         <size>0x17</size>
         <input_file_ref idref="fl-32"/>
      </object_component>
      <object_component id="oc-1e8">
         <name>.text:_EPWM_setEmulationMode</name>
         <load_address>0x12b73</load_address>
         <run_address>0x12b73</run_address>
         <size>0x16</size>
         <input_file_ref idref="fl-2e"/>
      </object_component>
      <object_component id="oc-1ae">
         <name>.text:_Interrupt_defaultHandler</name>
         <load_address>0x12b89</load_address>
         <run_address>0x12b89</run_address>
         <size>0x16</size>
         <input_file_ref idref="fl-30"/>
      </object_component>
      <object_component id="oc-1f5">
         <name>.text:_XBAR_setInputPin</name>
         <load_address>0x12b9f</load_address>
         <run_address>0x12b9f</run_address>
         <size>0x16</size>
         <input_file_ref idref="fl-2f"/>
      </object_component>
      <object_component id="oc-1ff">
         <name>.text:_CPUTimer_stopTimer</name>
         <load_address>0x12bb5</load_address>
         <run_address>0x12bb5</run_address>
         <size>0x14</size>
         <input_file_ref idref="fl-32"/>
      </object_component>
      <object_component id="oc-202">
         <name>.text:_CPUTimer_clearOverflowFlag</name>
         <load_address>0x12bc9</load_address>
         <run_address>0x12bc9</run_address>
         <size>0x12</size>
         <input_file_ref idref="fl-32"/>
      </object_component>
      <object_component id="oc-1fe">
         <name>.text:_CPUTimer_disableInterrupt</name>
         <load_address>0x12bdb</load_address>
         <run_address>0x12bdb</run_address>
         <size>0x12</size>
         <input_file_ref idref="fl-32"/>
      </object_component>
      <object_component id="oc-1c9">
         <name>.text</name>
         <load_address>0x12bed</load_address>
         <run_address>0x12bed</run_address>
         <size>0x12</size>
         <input_file_ref idref="fl-28"/>
      </object_component>
      <object_component id="oc-200">
         <name>.text:_CPUTimer_setPeriod</name>
         <load_address>0x12bff</load_address>
         <run_address>0x12bff</run_address>
         <size>0x11</size>
         <input_file_ref idref="fl-32"/>
      </object_component>
      <object_component id="oc-204">
         <name>.text:_SysCtl_pollCpuTimer</name>
         <load_address>0x12c10</load_address>
         <run_address>0x12c10</run_address>
         <size>0xf</size>
         <input_file_ref idref="fl-32"/>
      </object_component>
      <object_component id="oc-1f4">
         <name>.text:_GPIO_isPinValid</name>
         <load_address>0x12c1f</load_address>
         <run_address>0x12c1f</run_address>
         <size>0xe</size>
         <input_file_ref idref="fl-2f"/>
      </object_component>
      <object_component id="oc-1e1">
         <name>.text:_Interrupt_disableGlobal</name>
         <load_address>0x12c2d</load_address>
         <run_address>0x12c2d</run_address>
         <size>0xd</size>
         <input_file_ref idref="fl-30"/>
      </object_component>
      <object_component id="oc-1e2">
         <name>.text:_Interrupt_enableGlobal</name>
         <load_address>0x12c3a</load_address>
         <run_address>0x12c3a</run_address>
         <size>0xd</size>
         <input_file_ref idref="fl-30"/>
      </object_component>
      <object_component id="oc-1f8">
         <name>.text:_SysCtl_isMCDClockFailureDetected</name>
         <load_address>0x12c47</load_address>
         <run_address>0x12c47</run_address>
         <size>0xb</size>
         <input_file_ref idref="fl-32"/>
      </object_component>
      <object_component id="oc-1b0">
         <name>.text:_Interrupt_nmiHandler</name>
         <load_address>0x12c52</load_address>
         <run_address>0x12c52</run_address>
         <size>0xa</size>
         <input_file_ref idref="fl-30"/>
      </object_component>
      <object_component id="oc-1fa">
         <name>.text:_SysCtl_serviceWatchdog</name>
         <load_address>0x12c5c</load_address>
         <run_address>0x12c5c</run_address>
         <size>0x9</size>
         <input_file_ref idref="fl-32"/>
      </object_component>
      <object_component id="oc-1f6">
         <name>.text</name>
         <load_address>0x12c65</load_address>
         <run_address>0x12c65</run_address>
         <size>0x9</size>
         <input_file_ref idref="fl-27"/>
      </object_component>
      <object_component id="oc-150">
         <name>.text</name>
         <load_address>0x12c6e</load_address>
         <run_address>0x12c6e</run_address>
         <size>0x8</size>
         <input_file_ref idref="fl-b"/>
      </object_component>
      <object_component id="oc-205">
         <name>.text:_SysCtl_resetMCD</name>
         <load_address>0x12c76</load_address>
         <run_address>0x12c76</run_address>
         <size>0x7</size>
         <input_file_ref idref="fl-32"/>
      </object_component>
      <object_component id="oc-1ea">
         <name>.cinit:_gHrpwmDeadtimeConfig</name>
         <load_address>0x123</load_address>
         <run_address>0x123</run_address>
         <size>0x1b</size>
         <input_file_ref idref="fl-6"/>
      </object_component>
      <object_component id="oc-1f2">
         <name>.cinit:_ePWM</name>
         <load_address>0x13e</load_address>
         <run_address>0x13e</run_address>
         <size>0xf</size>
         <input_file_ref idref="fl-9"/>
      </object_component>
      <object_component id="oc-156">
         <name>.cinit</name>
         <load_address>0x14d</load_address>
         <run_address>0x14d</run_address>
         <size>0xf</size>
         <input_file_ref idref="fl-c"/>
      </object_component>
      <object_component id="oc-185">
         <name>.cinit</name>
         <load_address>0x15c</load_address>
         <run_address>0x15c</run_address>
         <size>0xe</size>
         <input_file_ref idref="fl-26"/>
      </object_component>
      <object_component id="oc-1ef">
         <name>.cinit:_gAuxInterruptLeadTicks</name>
         <load_address>0x16a</load_address>
         <run_address>0x16a</run_address>
         <size>0x9</size>
         <input_file_ref idref="fl-6"/>
      </object_component>
      <object_component id="oc-140">
         <name>.cinit</name>
         <load_address>0x173</load_address>
         <run_address>0x173</run_address>
         <size>0x8</size>
         <input_file_ref idref="fl-9"/>
      </object_component>
      <object_component id="oc-1da">
         <name>.cinit:__lock</name>
         <load_address>0x17b</load_address>
         <run_address>0x17b</run_address>
         <size>0x5</size>
         <input_file_ref idref="fl-27"/>
      </object_component>
      <object_component id="oc-1f7">
         <name>.cinit:__unlock</name>
         <load_address>0x180</load_address>
         <run_address>0x180</run_address>
         <size>0x5</size>
         <input_file_ref idref="fl-27"/>
      </object_component>
      <object_component id="oc-196">
         <name>.cinit</name>
         <load_address>0x185</load_address>
         <run_address>0x185</run_address>
         <size>0x4</size>
         <input_file_ref idref="fl-2c"/>
      </object_component>
      <object_component id="oc-12d">
         <name>.cinit</name>
         <load_address>0x189</load_address>
         <run_address>0x189</run_address>
         <size>0x4</size>
         <input_file_ref idref="fl-6"/>
      </object_component>
      <object_component id="oc-166">
         <name>.reset</name>
         <load_address>0x3fffc0</load_address>
         <run_address>0x3fffc0</run_address>
         <size>0x2</size>
         <input_file_ref idref="fl-20"/>
      </object_component>
      <object_component id="oc-165">
         <name>.stack</name>
         <uninitialized>true</uninitialized>
         <run_address>0x400</run_address>
         <size>0x0</size>
         <input_file_ref idref="fl-20"/>
      </object_component>
      <object_component id="oc-2a4">
         <name>.stack</name>
         <uninitialized>true</uninitialized>
         <run_address>0x400</run_address>
         <size>0x0</size>
      </object_component>
      <object_component id="oc-12e">
         <name>.ebss</name>
         <uninitialized>true</uninitialized>
         <run_address>0x905b</run_address>
         <size>0x1</size>
         <input_file_ref idref="fl-6"/>
      </object_component>
      <object_component id="oc-1ee">
         <name>.ebss:_gAuxInterruptLeadTicks</name>
         <uninitialized>true</uninitialized>
         <run_address>0x9055</run_address>
         <size>0x6</size>
         <input_file_ref idref="fl-6"/>
      </object_component>
      <object_component id="oc-1f0">
         <name>.ebss:_appliedLeadTicks$2</name>
         <uninitialized>true</uninitialized>
         <run_address>0x904f</run_address>
         <size>0x6</size>
         <input_file_ref idref="fl-6"/>
      </object_component>
      <object_component id="oc-1e9">
         <name>.ebss:_gHrpwmDeadtimeConfig</name>
         <uninitialized>true</uninitialized>
         <run_address>0x9018</run_address>
         <size>0x18</size>
         <input_file_ref idref="fl-6"/>
      </object_component>
      <object_component id="oc-1ec">
         <name>.ebss:_appliedDeadtime$1</name>
         <uninitialized>true</uninitialized>
         <run_address>0x9000</run_address>
         <size>0x18</size>
         <input_file_ref idref="fl-6"/>
      </object_component>
      <object_component id="oc-141">
         <name>.ebss</name>
         <uninitialized>true</uninitialized>
         <run_address>0x9068</run_address>
         <size>0x2</size>
         <input_file_ref idref="fl-9"/>
      </object_component>
      <object_component id="oc-1f1">
         <name>.ebss:_ePWM</name>
         <uninitialized>true</uninitialized>
         <run_address>0x9030</run_address>
         <size>0xc</size>
         <input_file_ref idref="fl-9"/>
      </object_component>
      <object_component id="oc-157">
         <name>.ebss</name>
         <uninitialized>true</uninitialized>
         <run_address>0x905c</run_address>
         <size>0x6</size>
         <input_file_ref idref="fl-c"/>
      </object_component>
      <object_component id="oc-186">
         <name>.ebss</name>
         <uninitialized>true</uninitialized>
         <run_address>0x9062</run_address>
         <size>0x6</size>
         <input_file_ref idref="fl-26"/>
      </object_component>
      <object_component id="oc-1d9">
         <name>.ebss:__lock</name>
         <uninitialized>true</uninitialized>
         <run_address>0x903c</run_address>
         <size>0x2</size>
         <input_file_ref idref="fl-27"/>
      </object_component>
      <object_component id="oc-1fc">
         <name>.ebss:__unlock</name>
         <uninitialized>true</uninitialized>
         <run_address>0x903e</run_address>
         <size>0x2</size>
         <input_file_ref idref="fl-27"/>
      </object_component>
      <object_component id="oc-197">
         <name>.ebss</name>
         <uninitialized>true</uninitialized>
         <run_address>0x9049</run_address>
         <size>0x6</size>
         <input_file_ref idref="fl-2c"/>
      </object_component>
      <object_component id="oc-1f3">
         <name>.ebss:_MEP_SF</name>
         <uninitialized>true</uninitialized>
         <run_address>0x9040</run_address>
         <size>0x9</size>
         <input_file_ref idref="fl-2c"/>
      </object_component>
      <object_component id="oc-135">
         <name>.econst:.string</name>
         <load_address>0x9800</load_address>
         <run_address>0x9800</run_address>
         <size>0x13c</size>
         <input_file_ref idref="fl-7"/>
      </object_component>
      <object_component id="oc-1be">
         <name>.econst:.string</name>
         <load_address>0x993c</load_address>
         <run_address>0x993c</run_address>
         <size>0xc2</size>
         <input_file_ref idref="fl-32"/>
      </object_component>
      <object_component id="oc-1a2">
         <name>.econst:.string</name>
         <load_address>0x99fe</load_address>
         <run_address>0x99fe</run_address>
         <size>0xbc</size>
         <input_file_ref idref="fl-2e"/>
      </object_component>
      <object_component id="oc-1a8">
         <name>.econst:.string</name>
         <load_address>0x9aba</load_address>
         <run_address>0x9aba</run_address>
         <size>0xbc</size>
         <input_file_ref idref="fl-2f"/>
      </object_component>
      <object_component id="oc-12f">
         <name>.econst:.string</name>
         <load_address>0x9b76</load_address>
         <run_address>0x9b76</run_address>
         <size>0x7d</size>
         <input_file_ref idref="fl-6"/>
      </object_component>
      <object_component id="oc-1b1">
         <name>.econst:.string</name>
         <load_address>0x9bf4</load_address>
         <run_address>0x9bf4</run_address>
         <size>0x63</size>
         <input_file_ref idref="fl-30"/>
      </object_component>
      <object_component id="oc-1b7">
         <name>.econst:.string</name>
         <load_address>0x9c58</load_address>
         <run_address>0x9c58</run_address>
         <size>0x60</size>
         <input_file_ref idref="fl-31"/>
      </object_component>
      <object_component id="oc-127">
         <name>.econst:.string</name>
         <load_address>0x9cb8</load_address>
         <run_address>0x9cb8</run_address>
         <size>0x3e</size>
         <input_file_ref idref="fl-5"/>
      </object_component>
      <object_component id="oc-145">
         <name>.econst:.string</name>
         <load_address>0x9cf6</load_address>
         <run_address>0x9cf6</run_address>
         <size>0x3e</size>
         <input_file_ref idref="fl-9"/>
      </object_component>
      <object_component id="oc-120">
         <name>.econst:.string</name>
         <load_address>0x9d34</load_address>
         <run_address>0x9d34</run_address>
         <size>0x3d</size>
         <input_file_ref idref="fl-4"/>
      </object_component>
      <object_component id="oc-158">
         <name>.econst:.string</name>
         <load_address>0x9d72</load_address>
         <run_address>0x9d72</run_address>
         <size>0x13</size>
         <input_file_ref idref="fl-c"/>
      </object_component>
      <object_component id="oc-1eb">
         <name>.econst:_kAuxPhaseShiftDegrees</name>
         <load_address>0x9d86</load_address>
         <run_address>0x9d86</run_address>
         <size>0xc</size>
         <input_file_ref idref="fl-6"/>
      </object_component>
      <object_component id="oc-1ed">
         <name>.econst:_pwmBaseByChannel$4</name>
         <load_address>0x9d92</load_address>
         <run_address>0x9d92</run_address>
         <size>0xc</size>
         <input_file_ref idref="fl-6"/>
      </object_component>
      <object_component id="oc-15e">
         <name>Cla1Prog:___claabi_divu</name>
         <load_address>0xa000</load_address>
         <run_address>0xa000</run_address>
         <size>0x4ba</size>
         <input_file_ref idref="fl-1f"/>
      </object_component>
      <object_component id="oc-110">
         <name>Cla1Prog:_claUpdateTuningFromPins</name>
         <load_address>0xa4ba</load_address>
         <run_address>0xa4ba</run_address>
         <size>0x26c</size>
         <input_file_ref idref="fl-3"/>
      </object_component>
      <object_component id="oc-112">
         <name>Cla1Prog:_Cla1Task1</name>
         <load_address>0xa726</load_address>
         <run_address>0xa726</run_address>
         <size>0x196</size>
         <input_file_ref idref="fl-3"/>
      </object_component>
      <object_component id="oc-10e">
         <name>Cla1Prog:_claWriteTunedAuxCmp</name>
         <load_address>0xa8bc</load_address>
         <run_address>0xa8bc</run_address>
         <size>0x142</size>
         <input_file_ref idref="fl-3"/>
      </object_component>
      <object_component id="oc-108">
         <name>Cla1Prog:_claGetActiveOffset</name>
         <load_address>0xa9fe</load_address>
         <run_address>0xa9fe</run_address>
         <size>0x4e</size>
         <input_file_ref idref="fl-3"/>
      </object_component>
      <object_component id="oc-10a">
         <name>Cla1Prog:_claGetAuxCmpBaseQ8</name>
         <load_address>0xaa4c</load_address>
         <run_address>0xaa4c</run_address>
         <size>0x4a</size>
         <input_file_ref idref="fl-3"/>
      </object_component>
      <object_component id="oc-10c">
         <name>Cla1Prog:_claGetAuxPrdBaseQ8</name>
         <load_address>0xaa96</load_address>
         <run_address>0xaa96</run_address>
         <size>0x4a</size>
         <input_file_ref idref="fl-3"/>
      </object_component>
      <object_component id="oc-114">
         <name>Cla1Prog:_Cla1Task2</name>
         <load_address>0xaae0</load_address>
         <run_address>0xaae0</run_address>
         <size>0x14</size>
         <input_file_ref idref="fl-3"/>
      </object_component>
      <object_component id="oc-115">
         <name>Cla1Prog:_Cla1Task3</name>
         <load_address>0xaaf4</load_address>
         <run_address>0xaaf4</run_address>
         <size>0x14</size>
         <input_file_ref idref="fl-3"/>
      </object_component>
      <object_component id="oc-116">
         <name>Cla1Prog:_Cla1Task4</name>
         <load_address>0xab08</load_address>
         <run_address>0xab08</run_address>
         <size>0x8</size>
         <input_file_ref idref="fl-3"/>
      </object_component>
      <object_component id="oc-117">
         <name>Cla1Prog:_Cla1Task5</name>
         <load_address>0xab10</load_address>
         <run_address>0xab10</run_address>
         <size>0x8</size>
         <input_file_ref idref="fl-3"/>
      </object_component>
      <object_component id="oc-118">
         <name>Cla1Prog:_Cla1Task6</name>
         <load_address>0xab18</load_address>
         <run_address>0xab18</run_address>
         <size>0x8</size>
         <input_file_ref idref="fl-3"/>
      </object_component>
      <object_component id="oc-119">
         <name>Cla1Prog:_Cla1Task7</name>
         <load_address>0xab20</load_address>
         <run_address>0xab20</run_address>
         <size>0x8</size>
         <input_file_ref idref="fl-3"/>
      </object_component>
      <object_component id="oc-11a">
         <name>Cla1Prog:_Cla1Task8</name>
         <load_address>0xab28</load_address>
         <run_address>0xab28</run_address>
         <size>0x8</size>
         <input_file_ref idref="fl-3"/>
      </object_component>
      <object_component id="oc-142">
         <name>Cla1ToCpuMsgRAM</name>
         <uninitialized>true</uninitialized>
         <run_address>0x1480</run_address>
         <size>0xe</size>
         <input_file_ref idref="fl-9"/>
      </object_component>
      <object_component id="oc-143">
         <name>CpuToCla1MsgRAM</name>
         <uninitialized>true</uninitialized>
         <run_address>0x1500</run_address>
         <size>0x20</size>
         <input_file_ref idref="fl-9"/>
      </object_component>
      <object_component id="oc-1bd">
         <name>.TI.ramfunc</name>
         <load_address>0x18f</load_address>
         <run_address>0x18f</run_address>
         <size>0x4</size>
         <input_file_ref idref="fl-32"/>
      </object_component>
      <object_component id="oc-109">
         <name>.scratchpad:Cla1Prog:_claGetActiveOffset</name>
         <uninitialized>true</uninitialized>
         <run_address>0x8914</run_address>
         <size>0x2</size>
         <input_file_ref idref="fl-3"/>
      </object_component>
      <object_component id="oc-10b">
         <name>.scratchpad:Cla1Prog:_claGetAuxCmpBaseQ8</name>
         <uninitialized>true</uninitialized>
         <run_address>0x8914</run_address>
         <size>0x2</size>
         <input_file_ref idref="fl-3"/>
      </object_component>
      <object_component id="oc-10d">
         <name>.scratchpad:Cla1Prog:_claGetAuxPrdBaseQ8</name>
         <uninitialized>true</uninitialized>
         <run_address>0x8914</run_address>
         <size>0x2</size>
         <input_file_ref idref="fl-3"/>
      </object_component>
      <object_component id="oc-10f">
         <name>.scratchpad:Cla1Prog:_claWriteTunedAuxCmp</name>
         <uninitialized>true</uninitialized>
         <run_address>0x8900</run_address>
         <size>0x14</size>
         <input_file_ref idref="fl-3"/>
      </object_component>
      <object_component id="oc-111">
         <name>.scratchpad:Cla1Prog:_claUpdateTuningFromPins</name>
         <uninitialized>true</uninitialized>
         <run_address>0x8922</run_address>
         <size>0xe</size>
         <input_file_ref idref="fl-3"/>
      </object_component>
      <object_component id="oc-113">
         <name>.scratchpad:Cla1Prog:_Cla1Task1</name>
         <uninitialized>true</uninitialized>
         <run_address>0x8922</run_address>
         <size>0x6</size>
         <input_file_ref idref="fl-3"/>
      </object_component>
      <object_component id="oc-15f">
         <name>.scratchpad:Cla1Prog:___claabi_divu</name>
         <uninitialized>true</uninitialized>
         <run_address>0x8914</run_address>
         <size>0xe</size>
         <input_file_ref idref="fl-1f"/>
      </object_component>
      <object_component id="oc-105">
         <name>PieVectTableFile</name>
         <uninitialized>true</uninitialized>
         <run_address>0xd00</run_address>
         <size>0x1c0</size>
         <input_file_ref idref="fl-2"/>
      </object_component>
      <object_component id="oc-d5">
         <name>AccessProtectionRegsFile</name>
         <uninitialized>true</uninitialized>
         <run_address>0x5f4c0</run_address>
         <size>0x2e</size>
         <input_file_ref idref="fl-2"/>
      </object_component>
      <object_component id="oc-ea">
         <name>AdcaRegsFile</name>
         <uninitialized>true</uninitialized>
         <run_address>0x7400</run_address>
         <size>0x7c</size>
         <input_file_ref idref="fl-2"/>
      </object_component>
      <object_component id="oc-eb">
         <name>AdcbRegsFile</name>
         <uninitialized>true</uninitialized>
         <run_address>0x7480</run_address>
         <size>0x7c</size>
         <input_file_ref idref="fl-2"/>
      </object_component>
      <object_component id="oc-ec">
         <name>AdccRegsFile</name>
         <uninitialized>true</uninitialized>
         <run_address>0x7500</run_address>
         <size>0x7c</size>
         <input_file_ref idref="fl-2"/>
      </object_component>
      <object_component id="oc-ed">
         <name>AdcdRegsFile</name>
         <uninitialized>true</uninitialized>
         <run_address>0x7580</run_address>
         <size>0x7c</size>
         <input_file_ref idref="fl-2"/>
      </object_component>
      <object_component id="oc-b2">
         <name>AdcaResultRegsFile</name>
         <uninitialized>true</uninitialized>
         <run_address>0xb00</run_address>
         <size>0x18</size>
         <input_file_ref idref="fl-2"/>
      </object_component>
      <object_component id="oc-b3">
         <name>AdcbResultRegsFile</name>
         <uninitialized>true</uninitialized>
         <run_address>0xb20</run_address>
         <size>0x18</size>
         <input_file_ref idref="fl-2"/>
      </object_component>
      <object_component id="oc-b4">
         <name>AdccResultRegsFile</name>
         <uninitialized>true</uninitialized>
         <run_address>0xb40</run_address>
         <size>0x18</size>
         <input_file_ref idref="fl-2"/>
      </object_component>
      <object_component id="oc-b5">
         <name>AdcdResultRegsFile</name>
         <uninitialized>true</uninitialized>
         <run_address>0xb60</run_address>
         <size>0x18</size>
         <input_file_ref idref="fl-2"/>
      </object_component>
      <object_component id="oc-d9">
         <name>AnalogSubsysRegsFile</name>
         <uninitialized>true</uninitialized>
         <run_address>0x5d180</run_address>
         <size>0x3e</size>
         <input_file_ref idref="fl-2"/>
      </object_component>
      <object_component id="oc-101">
         <name>CanaRegsFile</name>
         <uninitialized>true</uninitialized>
         <run_address>0x48000</run_address>
         <size>0x164</size>
         <input_file_ref idref="fl-2"/>
      </object_component>
      <object_component id="oc-102">
         <name>CanbRegsFile</name>
         <uninitialized>true</uninitialized>
         <run_address>0x4a000</run_address>
         <size>0x164</size>
         <input_file_ref idref="fl-2"/>
      </object_component>
      <object_component id="oc-da">
         <name>Cla1RegsFile</name>
         <uninitialized>true</uninitialized>
         <run_address>0x1400</run_address>
         <size>0x3e</size>
         <input_file_ref idref="fl-2"/>
      </object_component>
      <object_component id="oc-fc">
         <name>Clb1DataExchRegsFile</name>
         <uninitialized>true</uninitialized>
         <run_address>0x3200</run_address>
         <size>0x108</size>
         <input_file_ref idref="fl-2"/>
      </object_component>
      <object_component id="oc-fd">
         <name>Clb2DataExchRegsFile</name>
         <uninitialized>true</uninitialized>
         <run_address>0x3600</run_address>
         <size>0x108</size>
         <input_file_ref idref="fl-2"/>
      </object_component>
      <object_component id="oc-fe">
         <name>Clb3DataExchRegsFile</name>
         <uninitialized>true</uninitialized>
         <run_address>0x3a00</run_address>
         <size>0x108</size>
         <input_file_ref idref="fl-2"/>
      </object_component>
      <object_component id="oc-ff">
         <name>Clb4DataExchRegsFile</name>
         <uninitialized>true</uninitialized>
         <run_address>0x3e00</run_address>
         <size>0x108</size>
         <input_file_ref idref="fl-2"/>
      </object_component>
      <object_component id="oc-db">
         <name>Clb1LogicCfgRegsFile</name>
         <uninitialized>true</uninitialized>
         <run_address>0x3000</run_address>
         <size>0x3e</size>
         <input_file_ref idref="fl-2"/>
      </object_component>
      <object_component id="oc-dc">
         <name>Clb2LogicCfgRegsFile</name>
         <uninitialized>true</uninitialized>
         <run_address>0x3400</run_address>
         <size>0x3e</size>
         <input_file_ref idref="fl-2"/>
      </object_component>
      <object_component id="oc-dd">
         <name>Clb3LogicCfgRegsFile</name>
         <uninitialized>true</uninitialized>
         <run_address>0x3800</run_address>
         <size>0x3e</size>
         <input_file_ref idref="fl-2"/>
      </object_component>
      <object_component id="oc-de">
         <name>Clb4LogicCfgRegsFile</name>
         <uninitialized>true</uninitialized>
         <run_address>0x3c00</run_address>
         <size>0x3e</size>
         <input_file_ref idref="fl-2"/>
      </object_component>
      <object_component id="oc-df">
         <name>Clb1LogicCtrlRegsFile</name>
         <uninitialized>true</uninitialized>
         <run_address>0x3100</run_address>
         <size>0x40</size>
         <input_file_ref idref="fl-2"/>
      </object_component>
      <object_component id="oc-e0">
         <name>Clb2LogicCtrlRegsFile</name>
         <uninitialized>true</uninitialized>
         <run_address>0x3500</run_address>
         <size>0x40</size>
         <input_file_ref idref="fl-2"/>
      </object_component>
      <object_component id="oc-e1">
         <name>Clb3LogicCtrlRegsFile</name>
         <uninitialized>true</uninitialized>
         <run_address>0x3900</run_address>
         <size>0x40</size>
         <input_file_ref idref="fl-2"/>
      </object_component>
      <object_component id="oc-e2">
         <name>Clb4LogicCtrlRegsFile</name>
         <uninitialized>true</uninitialized>
         <run_address>0x3d00</run_address>
         <size>0x40</size>
         <input_file_ref idref="fl-2"/>
      </object_component>
      <object_component id="oc-e3">
         <name>ClbXbarRegsFile</name>
         <uninitialized>true</uninitialized>
         <run_address>0x7a40</run_address>
         <size>0x40</size>
         <input_file_ref idref="fl-2"/>
      </object_component>
      <object_component id="oc-d7">
         <name>ClkCfgRegsFile</name>
         <uninitialized>true</uninitialized>
         <run_address>0x5d200</run_address>
         <size>0x32</size>
         <input_file_ref idref="fl-2"/>
      </object_component>
      <object_component id="oc-be">
         <name>Cmpss1RegsFile</name>
         <uninitialized>true</uninitialized>
         <run_address>0x5c80</run_address>
         <size>0x1b</size>
         <input_file_ref idref="fl-2"/>
      </object_component>
      <object_component id="oc-bf">
         <name>Cmpss2RegsFile</name>
         <uninitialized>true</uninitialized>
         <run_address>0x5ca0</run_address>
         <size>0x1b</size>
         <input_file_ref idref="fl-2"/>
      </object_component>
      <object_component id="oc-c0">
         <name>Cmpss3RegsFile</name>
         <uninitialized>true</uninitialized>
         <run_address>0x5cc0</run_address>
         <size>0x1b</size>
         <input_file_ref idref="fl-2"/>
      </object_component>
      <object_component id="oc-c1">
         <name>Cmpss4RegsFile</name>
         <uninitialized>true</uninitialized>
         <run_address>0x5ce0</run_address>
         <size>0x1b</size>
         <input_file_ref idref="fl-2"/>
      </object_component>
      <object_component id="oc-c2">
         <name>Cmpss5RegsFile</name>
         <uninitialized>true</uninitialized>
         <run_address>0x5d00</run_address>
         <size>0x1b</size>
         <input_file_ref idref="fl-2"/>
      </object_component>
      <object_component id="oc-c3">
         <name>Cmpss6RegsFile</name>
         <uninitialized>true</uninitialized>
         <run_address>0x5d20</run_address>
         <size>0x1b</size>
         <input_file_ref idref="fl-2"/>
      </object_component>
      <object_component id="oc-c4">
         <name>Cmpss7RegsFile</name>
         <uninitialized>true</uninitialized>
         <run_address>0x5d40</run_address>
         <size>0x1b</size>
         <input_file_ref idref="fl-2"/>
      </object_component>
      <object_component id="oc-c5">
         <name>Cmpss8RegsFile</name>
         <uninitialized>true</uninitialized>
         <run_address>0x5d60</run_address>
         <size>0x1b</size>
         <input_file_ref idref="fl-2"/>
      </object_component>
      <object_component id="oc-a3">
         <name>CpuTimer0RegsFile</name>
         <uninitialized>true</uninitialized>
         <run_address>0xc00</run_address>
         <size>0x8</size>
         <input_file_ref idref="fl-2"/>
      </object_component>
      <object_component id="oc-a4">
         <name>CpuTimer1RegsFile</name>
         <uninitialized>true</uninitialized>
         <run_address>0xc08</run_address>
         <size>0x8</size>
         <input_file_ref idref="fl-2"/>
      </object_component>
      <object_component id="oc-a5">
         <name>CpuTimer2RegsFile</name>
         <uninitialized>true</uninitialized>
         <run_address>0xc10</run_address>
         <size>0x8</size>
         <input_file_ref idref="fl-2"/>
      </object_component>
      <object_component id="oc-ee">
         <name>CpuSysRegsFile</name>
         <uninitialized>true</uninitialized>
         <run_address>0x5d300</run_address>
         <size>0x82</size>
         <input_file_ref idref="fl-2"/>
      </object_component>
      <object_component id="oc-9f">
         <name>DacaRegsFile</name>
         <uninitialized>true</uninitialized>
         <run_address>0x5c00</run_address>
         <size>0x7</size>
         <input_file_ref idref="fl-2"/>
      </object_component>
      <object_component id="oc-a0">
         <name>DacbRegsFile</name>
         <uninitialized>true</uninitialized>
         <run_address>0x5c10</run_address>
         <size>0x7</size>
         <input_file_ref idref="fl-2"/>
      </object_component>
      <object_component id="oc-a1">
         <name>DaccRegsFile</name>
         <uninitialized>true</uninitialized>
         <run_address>0x5c20</run_address>
         <size>0x7</size>
         <input_file_ref idref="fl-2"/>
      </object_component>
      <object_component id="oc-9d">
         <name>DcsmCommonRegsFile</name>
         <uninitialized>true</uninitialized>
         <run_address>0x5f070</run_address>
         <size>0x6</size>
         <input_file_ref idref="fl-2"/>
      </object_component>
      <object_component id="oc-c7">
         <name>DcsmZ1RegsFile</name>
         <uninitialized>true</uninitialized>
         <run_address>0x5f000</run_address>
         <size>0x22</size>
         <input_file_ref idref="fl-2"/>
      </object_component>
      <object_component id="oc-c8">
         <name>DcsmZ2RegsFile</name>
         <uninitialized>true</uninitialized>
         <run_address>0x5f040</run_address>
         <size>0x22</size>
         <input_file_ref idref="fl-2"/>
      </object_component>
      <object_component id="oc-100">
         <name>DevCfgRegsFile</name>
         <uninitialized>true</uninitialized>
         <run_address>0x5d000</run_address>
         <size>0x12e</size>
         <input_file_ref idref="fl-2"/>
      </object_component>
      <object_component id="oc-b6">
         <name>DmaClaSrcSelRegsFile</name>
         <uninitialized>true</uninitialized>
         <run_address>0x7980</run_address>
         <size>0x1a</size>
         <input_file_ref idref="fl-2"/>
      </object_component>
      <object_component id="oc-ef">
         <name>DmaRegsFile</name>
         <uninitialized>true</uninitialized>
         <run_address>0x1000</run_address>
         <size>0xe0</size>
         <input_file_ref idref="fl-2"/>
      </object_component>
      <object_component id="oc-b7">
         <name>ECap1RegsFile</name>
         <uninitialized>true</uninitialized>
         <run_address>0x5000</run_address>
         <size>0x1a</size>
         <input_file_ref idref="fl-2"/>
      </object_component>
      <object_component id="oc-b8">
         <name>ECap2RegsFile</name>
         <uninitialized>true</uninitialized>
         <run_address>0x5020</run_address>
         <size>0x1a</size>
         <input_file_ref idref="fl-2"/>
      </object_component>
      <object_component id="oc-b9">
         <name>ECap3RegsFile</name>
         <uninitialized>true</uninitialized>
         <run_address>0x5040</run_address>
         <size>0x1a</size>
         <input_file_ref idref="fl-2"/>
      </object_component>
      <object_component id="oc-ba">
         <name>ECap4RegsFile</name>
         <uninitialized>true</uninitialized>
         <run_address>0x5060</run_address>
         <size>0x1a</size>
         <input_file_ref idref="fl-2"/>
      </object_component>
      <object_component id="oc-bb">
         <name>ECap5RegsFile</name>
         <uninitialized>true</uninitialized>
         <run_address>0x5080</run_address>
         <size>0x1a</size>
         <input_file_ref idref="fl-2"/>
      </object_component>
      <object_component id="oc-bc">
         <name>ECap6RegsFile</name>
         <uninitialized>true</uninitialized>
         <run_address>0x50a0</run_address>
         <size>0x1a</size>
         <input_file_ref idref="fl-2"/>
      </object_component>
      <object_component id="oc-a6">
         <name>Emif1ConfigRegsFile</name>
         <uninitialized>true</uninitialized>
         <run_address>0x5f480</run_address>
         <size>0xa</size>
         <input_file_ref idref="fl-2"/>
      </object_component>
      <object_component id="oc-a7">
         <name>Emif2ConfigRegsFile</name>
         <uninitialized>true</uninitialized>
         <run_address>0x5f4a0</run_address>
         <size>0xa</size>
         <input_file_ref idref="fl-2"/>
      </object_component>
      <object_component id="oc-d1">
         <name>Emif1RegsFile</name>
         <uninitialized>true</uninitialized>
         <run_address>0x47000</run_address>
         <size>0x28</size>
         <input_file_ref idref="fl-2"/>
      </object_component>
      <object_component id="oc-d2">
         <name>Emif2RegsFile</name>
         <uninitialized>true</uninitialized>
         <run_address>0x47800</run_address>
         <size>0x28</size>
         <input_file_ref idref="fl-2"/>
      </object_component>
      <object_component id="oc-f0">
         <name>EPwm1RegsFile</name>
         <uninitialized>true</uninitialized>
         <run_address>0x4000</run_address>
         <size>0x100</size>
         <input_file_ref idref="fl-2"/>
      </object_component>
      <object_component id="oc-f1">
         <name>EPwm2RegsFile</name>
         <uninitialized>true</uninitialized>
         <run_address>0x4100</run_address>
         <size>0x100</size>
         <input_file_ref idref="fl-2"/>
      </object_component>
      <object_component id="oc-f2">
         <name>EPwm3RegsFile</name>
         <uninitialized>true</uninitialized>
         <run_address>0x4200</run_address>
         <size>0x100</size>
         <input_file_ref idref="fl-2"/>
      </object_component>
      <object_component id="oc-f3">
         <name>EPwm4RegsFile</name>
         <uninitialized>true</uninitialized>
         <run_address>0x4300</run_address>
         <size>0x100</size>
         <input_file_ref idref="fl-2"/>
      </object_component>
      <object_component id="oc-f4">
         <name>EPwm5RegsFile</name>
         <uninitialized>true</uninitialized>
         <run_address>0x4400</run_address>
         <size>0x100</size>
         <input_file_ref idref="fl-2"/>
      </object_component>
      <object_component id="oc-f5">
         <name>EPwm6RegsFile</name>
         <uninitialized>true</uninitialized>
         <run_address>0x4500</run_address>
         <size>0x100</size>
         <input_file_ref idref="fl-2"/>
      </object_component>
      <object_component id="oc-f6">
         <name>EPwm7RegsFile</name>
         <uninitialized>true</uninitialized>
         <run_address>0x4600</run_address>
         <size>0x100</size>
         <input_file_ref idref="fl-2"/>
      </object_component>
      <object_component id="oc-f7">
         <name>EPwm8RegsFile</name>
         <uninitialized>true</uninitialized>
         <run_address>0x4700</run_address>
         <size>0x100</size>
         <input_file_ref idref="fl-2"/>
      </object_component>
      <object_component id="oc-f8">
         <name>EPwm9RegsFile</name>
         <uninitialized>true</uninitialized>
         <run_address>0x4800</run_address>
         <size>0x100</size>
         <input_file_ref idref="fl-2"/>
      </object_component>
      <object_component id="oc-f9">
         <name>EPwm10RegsFile</name>
         <uninitialized>true</uninitialized>
         <run_address>0x4900</run_address>
         <size>0x100</size>
         <input_file_ref idref="fl-2"/>
      </object_component>
      <object_component id="oc-fa">
         <name>EPwm11RegsFile</name>
         <uninitialized>true</uninitialized>
         <run_address>0x4a00</run_address>
         <size>0x100</size>
         <input_file_ref idref="fl-2"/>
      </object_component>
      <object_component id="oc-fb">
         <name>EPwm12RegsFile</name>
         <uninitialized>true</uninitialized>
         <run_address>0x4b00</run_address>
         <size>0x100</size>
         <input_file_ref idref="fl-2"/>
      </object_component>
      <object_component id="oc-e4">
         <name>EPwmXbarRegsFile</name>
         <uninitialized>true</uninitialized>
         <run_address>0x7a00</run_address>
         <size>0x40</size>
         <input_file_ref idref="fl-2"/>
      </object_component>
      <object_component id="oc-c9">
         <name>EQep1RegsFile</name>
         <uninitialized>true</uninitialized>
         <run_address>0x5100</run_address>
         <size>0x22</size>
         <input_file_ref idref="fl-2"/>
      </object_component>
      <object_component id="oc-ca">
         <name>EQep2RegsFile</name>
         <uninitialized>true</uninitialized>
         <run_address>0x5140</run_address>
         <size>0x22</size>
         <input_file_ref idref="fl-2"/>
      </object_component>
      <object_component id="oc-cb">
         <name>EQep3RegsFile</name>
         <uninitialized>true</uninitialized>
         <run_address>0x5180</run_address>
         <size>0x22</size>
         <input_file_ref idref="fl-2"/>
      </object_component>
      <object_component id="oc-104">
         <name>Flash0CtrlRegsFile</name>
         <uninitialized>true</uninitialized>
         <run_address>0x5f800</run_address>
         <size>0x182</size>
         <input_file_ref idref="fl-2"/>
      </object_component>
      <object_component id="oc-d3">
         <name>Flash0EccRegsFile</name>
         <uninitialized>true</uninitialized>
         <run_address>0x5fb00</run_address>
         <size>0x28</size>
         <input_file_ref idref="fl-2"/>
      </object_component>
      <object_component id="oc-9a">
         <name>FlashPumpSemaphoreRegsFile</name>
         <uninitialized>true</uninitialized>
         <run_address>0x50024</run_address>
         <size>0x2</size>
         <input_file_ref idref="fl-2"/>
      </object_component>
      <object_component id="oc-103">
         <name>GpioCtrlRegsFile</name>
         <uninitialized>true</uninitialized>
         <run_address>0x7c00</run_address>
         <size>0x180</size>
         <input_file_ref idref="fl-2"/>
      </object_component>
      <object_component id="oc-d6">
         <name>GpioDataRegsFile</name>
         <uninitialized>true</uninitialized>
         <run_address>0x7f00</run_address>
         <size>0x30</size>
         <input_file_ref idref="fl-2"/>
      </object_component>
      <object_component id="oc-cc">
         <name>I2caRegsFile</name>
         <uninitialized>true</uninitialized>
         <run_address>0x7300</run_address>
         <size>0x22</size>
         <input_file_ref idref="fl-2"/>
      </object_component>
      <object_component id="oc-cd">
         <name>I2cbRegsFile</name>
         <uninitialized>true</uninitialized>
         <run_address>0x7340</run_address>
         <size>0x22</size>
         <input_file_ref idref="fl-2"/>
      </object_component>
      <object_component id="oc-c6">
         <name>InputXbarRegsFile</name>
         <uninitialized>true</uninitialized>
         <run_address>0x7900</run_address>
         <size>0x20</size>
         <input_file_ref idref="fl-2"/>
      </object_component>
      <object_component id="oc-ce">
         <name>IpcRegsFile</name>
         <uninitialized>true</uninitialized>
         <run_address>0x50000</run_address>
         <size>0x24</size>
         <input_file_ref idref="fl-2"/>
      </object_component>
      <object_component id="oc-d8">
         <name>MemoryErrorRegsFile</name>
         <uninitialized>true</uninitialized>
         <run_address>0x5f500</run_address>
         <size>0x3a</size>
         <input_file_ref idref="fl-2"/>
      </object_component>
      <object_component id="oc-e9">
         <name>MemCfgRegsFile</name>
         <uninitialized>true</uninitialized>
         <run_address>0x5f400</run_address>
         <size>0x76</size>
         <input_file_ref idref="fl-2"/>
      </object_component>
      <object_component id="oc-cf">
         <name>McbspaRegsFile</name>
         <uninitialized>true</uninitialized>
         <run_address>0x6000</run_address>
         <size>0x24</size>
         <input_file_ref idref="fl-2"/>
      </object_component>
      <object_component id="oc-d0">
         <name>McbspbRegsFile</name>
         <uninitialized>true</uninitialized>
         <run_address>0x6040</run_address>
         <size>0x24</size>
         <input_file_ref idref="fl-2"/>
      </object_component>
      <object_component id="oc-a2">
         <name>NmiIntruptRegsFile</name>
         <uninitialized>true</uninitialized>
         <run_address>0x7060</run_address>
         <size>0x7</size>
         <input_file_ref idref="fl-2"/>
      </object_component>
      <object_component id="oc-e5">
         <name>OutputXbarRegsFile</name>
         <uninitialized>true</uninitialized>
         <run_address>0x7a80</run_address>
         <size>0x40</size>
         <input_file_ref idref="fl-2"/>
      </object_component>
      <object_component id="oc-bd">
         <name>PieCtrlRegsFile</name>
         <uninitialized>true</uninitialized>
         <run_address>0xce0</run_address>
         <size>0x1a</size>
         <input_file_ref idref="fl-2"/>
      </object_component>
      <object_component id="oc-9b">
         <name>RomPrefetchRegsFile</name>
         <uninitialized>true</uninitialized>
         <run_address>0x5e608</run_address>
         <size>0x2</size>
         <input_file_ref idref="fl-2"/>
      </object_component>
      <object_component id="oc-9c">
         <name>RomWaitStateRegsFile</name>
         <uninitialized>true</uninitialized>
         <run_address>0x5f540</run_address>
         <size>0x2</size>
         <input_file_ref idref="fl-2"/>
      </object_component>
      <object_component id="oc-aa">
         <name>SciaRegsFile</name>
         <uninitialized>true</uninitialized>
         <run_address>0x7200</run_address>
         <size>0x10</size>
         <input_file_ref idref="fl-2"/>
      </object_component>
      <object_component id="oc-ab">
         <name>ScibRegsFile</name>
         <uninitialized>true</uninitialized>
         <run_address>0x7210</run_address>
         <size>0x10</size>
         <input_file_ref idref="fl-2"/>
      </object_component>
      <object_component id="oc-ac">
         <name>ScicRegsFile</name>
         <uninitialized>true</uninitialized>
         <run_address>0x7220</run_address>
         <size>0x10</size>
         <input_file_ref idref="fl-2"/>
      </object_component>
      <object_component id="oc-ad">
         <name>ScidRegsFile</name>
         <uninitialized>true</uninitialized>
         <run_address>0x7230</run_address>
         <size>0x10</size>
         <input_file_ref idref="fl-2"/>
      </object_component>
      <object_component id="oc-e6">
         <name>Sdfm1RegsFile</name>
         <uninitialized>true</uninitialized>
         <run_address>0x5e00</run_address>
         <size>0x48</size>
         <input_file_ref idref="fl-2"/>
      </object_component>
      <object_component id="oc-e7">
         <name>Sdfm2RegsFile</name>
         <uninitialized>true</uninitialized>
         <run_address>0x5e80</run_address>
         <size>0x48</size>
         <input_file_ref idref="fl-2"/>
      </object_component>
      <object_component id="oc-ae">
         <name>SpiaRegsFile</name>
         <uninitialized>true</uninitialized>
         <run_address>0x6100</run_address>
         <size>0x10</size>
         <input_file_ref idref="fl-2"/>
      </object_component>
      <object_component id="oc-af">
         <name>SpibRegsFile</name>
         <uninitialized>true</uninitialized>
         <run_address>0x6110</run_address>
         <size>0x10</size>
         <input_file_ref idref="fl-2"/>
      </object_component>
      <object_component id="oc-b0">
         <name>SpicRegsFile</name>
         <uninitialized>true</uninitialized>
         <run_address>0x6120</run_address>
         <size>0x10</size>
         <input_file_ref idref="fl-2"/>
      </object_component>
      <object_component id="oc-9e">
         <name>SyncSocRegsFile</name>
         <uninitialized>true</uninitialized>
         <run_address>0x7940</run_address>
         <size>0x6</size>
         <input_file_ref idref="fl-2"/>
      </object_component>
      <object_component id="oc-e8">
         <name>UppRegsFile</name>
         <uninitialized>true</uninitialized>
         <run_address>0x6200</run_address>
         <size>0x48</size>
         <input_file_ref idref="fl-2"/>
      </object_component>
      <object_component id="oc-d4">
         <name>WdRegsFile</name>
         <uninitialized>true</uninitialized>
         <run_address>0x7000</run_address>
         <size>0x2b</size>
         <input_file_ref idref="fl-2"/>
      </object_component>
      <object_component id="oc-b1">
         <name>UidRegsFile</name>
         <uninitialized>true</uninitialized>
         <run_address>0x703c0</run_address>
         <size>0x10</size>
         <input_file_ref idref="fl-2"/>
      </object_component>
      <object_component id="oc-a9">
         <name>XbarRegsFile</name>
         <uninitialized>true</uninitialized>
         <run_address>0x7920</run_address>
         <size>0xe</size>
         <input_file_ref idref="fl-2"/>
      </object_component>
      <object_component id="oc-a8">
         <name>XintRegsFile</name>
         <uninitialized>true</uninitialized>
         <run_address>0x7070</run_address>
         <size>0xb</size>
         <input_file_ref idref="fl-2"/>
      </object_component>
      <object_component id="oc-99">
         <name>.debug_info</name>
         <load_address>0x0</load_address>
         <run_address>0x0</run_address>
         <size>0x57435</size>
         <input_file_ref idref="fl-2"/>
      </object_component>
      <object_component id="oc-107">
         <name>.debug_info</name>
         <load_address>0x57435</load_address>
         <run_address>0x57435</run_address>
         <size>0xffa</size>
         <input_file_ref idref="fl-3"/>
      </object_component>
      <object_component id="oc-11f">
         <name>.debug_info</name>
         <load_address>0x5842f</load_address>
         <run_address>0x5842f</run_address>
         <size>0xd21</size>
         <input_file_ref idref="fl-4"/>
      </object_component>
      <object_component id="oc-125">
         <name>.debug_info</name>
         <load_address>0x59150</load_address>
         <run_address>0x59150</run_address>
         <size>0xaec</size>
         <input_file_ref idref="fl-5"/>
      </object_component>
      <object_component id="oc-12c">
         <name>.debug_info</name>
         <load_address>0x59c3c</load_address>
         <run_address>0x59c3c</run_address>
         <size>0x662b</size>
         <input_file_ref idref="fl-6"/>
      </object_component>
      <object_component id="oc-134">
         <name>.debug_info</name>
         <load_address>0x60267</load_address>
         <run_address>0x60267</run_address>
         <size>0x9abc</size>
         <input_file_ref idref="fl-7"/>
      </object_component>
      <object_component id="oc-13a">
         <name>.debug_info</name>
         <load_address>0x69d23</load_address>
         <run_address>0x69d23</run_address>
         <size>0x349</size>
         <input_file_ref idref="fl-8"/>
      </object_component>
      <object_component id="oc-13f">
         <name>.debug_info</name>
         <load_address>0x6a06c</load_address>
         <run_address>0x6a06c</run_address>
         <size>0x282c</size>
         <input_file_ref idref="fl-9"/>
      </object_component>
      <object_component id="oc-14a">
         <name>.debug_info</name>
         <load_address>0x6c898</load_address>
         <run_address>0x6c898</run_address>
         <size>0x13dc</size>
         <input_file_ref idref="fl-a"/>
      </object_component>
      <object_component id="oc-152">
         <name>.debug_info</name>
         <load_address>0x6dc74</load_address>
         <run_address>0x6dc74</run_address>
         <size>0x143</size>
         <input_file_ref idref="fl-b"/>
      </object_component>
      <object_component id="oc-155">
         <name>.debug_info</name>
         <load_address>0x6ddb7</load_address>
         <run_address>0x6ddb7</run_address>
         <size>0x3291</size>
         <input_file_ref idref="fl-c"/>
      </object_component>
      <object_component id="oc-15d">
         <name>.debug_info</name>
         <load_address>0x71048</load_address>
         <run_address>0x71048</run_address>
         <size>0x3a9</size>
         <input_file_ref idref="fl-1f"/>
      </object_component>
      <object_component id="oc-167">
         <name>.debug_info</name>
         <load_address>0x713f1</load_address>
         <run_address>0x713f1</run_address>
         <size>0x15b</size>
         <input_file_ref idref="fl-20"/>
      </object_component>
      <object_component id="oc-16c">
         <name>.debug_info</name>
         <load_address>0x7154c</load_address>
         <run_address>0x7154c</run_address>
         <size>0xfc</size>
         <input_file_ref idref="fl-21"/>
      </object_component>
      <object_component id="oc-170">
         <name>.debug_info</name>
         <load_address>0x71648</load_address>
         <run_address>0x71648</run_address>
         <size>0x549</size>
         <input_file_ref idref="fl-22"/>
      </object_component>
      <object_component id="oc-175">
         <name>.debug_info</name>
         <load_address>0x71b91</load_address>
         <run_address>0x71b91</run_address>
         <size>0x422</size>
         <input_file_ref idref="fl-23"/>
      </object_component>
      <object_component id="oc-17a">
         <name>.debug_info</name>
         <load_address>0x71fb3</load_address>
         <run_address>0x71fb3</run_address>
         <size>0x395</size>
         <input_file_ref idref="fl-24"/>
      </object_component>
      <object_component id="oc-17f">
         <name>.debug_info</name>
         <load_address>0x72348</load_address>
         <run_address>0x72348</run_address>
         <size>0x392</size>
         <input_file_ref idref="fl-25"/>
      </object_component>
      <object_component id="oc-184">
         <name>.debug_info</name>
         <load_address>0x726da</load_address>
         <run_address>0x726da</run_address>
         <size>0x52c</size>
         <input_file_ref idref="fl-26"/>
      </object_component>
      <object_component id="oc-18b">
         <name>.debug_info</name>
         <load_address>0x72c06</load_address>
         <run_address>0x72c06</run_address>
         <size>0x4b4</size>
         <input_file_ref idref="fl-27"/>
      </object_component>
      <object_component id="oc-190">
         <name>.debug_info</name>
         <load_address>0x730ba</load_address>
         <run_address>0x730ba</run_address>
         <size>0x44f</size>
         <input_file_ref idref="fl-28"/>
      </object_component>
      <object_component id="oc-195">
         <name>.debug_info</name>
         <load_address>0x73509</load_address>
         <run_address>0x73509</run_address>
         <size>0x5aae</size>
         <input_file_ref idref="fl-2c"/>
      </object_component>
      <object_component id="oc-19c">
         <name>.debug_info</name>
         <load_address>0x78fb7</load_address>
         <run_address>0x78fb7</run_address>
         <size>0xbaf</size>
         <input_file_ref idref="fl-2d"/>
      </object_component>
      <object_component id="oc-1a1">
         <name>.debug_info</name>
         <load_address>0x79b66</load_address>
         <run_address>0x79b66</run_address>
         <size>0xf87</size>
         <input_file_ref idref="fl-2e"/>
      </object_component>
      <object_component id="oc-1a7">
         <name>.debug_info</name>
         <load_address>0x7aaed</load_address>
         <run_address>0x7aaed</run_address>
         <size>0x13af</size>
         <input_file_ref idref="fl-2f"/>
      </object_component>
      <object_component id="oc-1ad">
         <name>.debug_info</name>
         <load_address>0x7be9c</load_address>
         <run_address>0x7be9c</run_address>
         <size>0xdf9</size>
         <input_file_ref idref="fl-30"/>
      </object_component>
      <object_component id="oc-1b6">
         <name>.debug_info</name>
         <load_address>0x7cc95</load_address>
         <run_address>0x7cc95</run_address>
         <size>0xdc7</size>
         <input_file_ref idref="fl-31"/>
      </object_component>
      <object_component id="oc-1bc">
         <name>.debug_info</name>
         <load_address>0x7da5c</load_address>
         <run_address>0x7da5c</run_address>
         <size>0x246c</size>
         <input_file_ref idref="fl-32"/>
      </object_component>
      <object_component id="oc-2a9">
         <name>.debug_info</name>
         <load_address>0x7fec8</load_address>
         <run_address>0x7fec8</run_address>
         <size>0xb2</size>
      </object_component>
      <object_component id="oc-106">
         <name>.debug_abbrev</name>
         <load_address>0x0</load_address>
         <run_address>0x0</run_address>
         <size>0xcb</size>
         <input_file_ref idref="fl-2"/>
      </object_component>
      <object_component id="oc-11d">
         <name>.debug_abbrev</name>
         <load_address>0xcb</load_address>
         <run_address>0xcb</run_address>
         <size>0x19e</size>
         <input_file_ref idref="fl-3"/>
      </object_component>
      <object_component id="oc-123">
         <name>.debug_abbrev</name>
         <load_address>0x269</load_address>
         <run_address>0x269</run_address>
         <size>0x14b</size>
         <input_file_ref idref="fl-4"/>
      </object_component>
      <object_component id="oc-12a">
         <name>.debug_abbrev</name>
         <load_address>0x3b4</load_address>
         <run_address>0x3b4</run_address>
         <size>0x168</size>
         <input_file_ref idref="fl-5"/>
      </object_component>
      <object_component id="oc-132">
         <name>.debug_abbrev</name>
         <load_address>0x51c</load_address>
         <run_address>0x51c</run_address>
         <size>0x1cf</size>
         <input_file_ref idref="fl-6"/>
      </object_component>
      <object_component id="oc-138">
         <name>.debug_abbrev</name>
         <load_address>0x6eb</load_address>
         <run_address>0x6eb</run_address>
         <size>0x1c9</size>
         <input_file_ref idref="fl-7"/>
      </object_component>
      <object_component id="oc-13d">
         <name>.debug_abbrev</name>
         <load_address>0x8b4</load_address>
         <run_address>0x8b4</run_address>
         <size>0x63</size>
         <input_file_ref idref="fl-8"/>
      </object_component>
      <object_component id="oc-148">
         <name>.debug_abbrev</name>
         <load_address>0x917</load_address>
         <run_address>0x917</run_address>
         <size>0x1e0</size>
         <input_file_ref idref="fl-9"/>
      </object_component>
      <object_component id="oc-14e">
         <name>.debug_abbrev</name>
         <load_address>0xaf7</load_address>
         <run_address>0xaf7</run_address>
         <size>0x17e</size>
         <input_file_ref idref="fl-a"/>
      </object_component>
      <object_component id="oc-153">
         <name>.debug_abbrev</name>
         <load_address>0xc75</load_address>
         <run_address>0xc75</run_address>
         <size>0x21</size>
         <input_file_ref idref="fl-b"/>
      </object_component>
      <object_component id="oc-15b">
         <name>.debug_abbrev</name>
         <load_address>0xc96</load_address>
         <run_address>0xc96</run_address>
         <size>0x1b5</size>
         <input_file_ref idref="fl-c"/>
      </object_component>
      <object_component id="oc-162">
         <name>.debug_abbrev</name>
         <load_address>0xe4b</load_address>
         <run_address>0xe4b</run_address>
         <size>0x94</size>
         <input_file_ref idref="fl-1f"/>
      </object_component>
      <object_component id="oc-169">
         <name>.debug_abbrev</name>
         <load_address>0xedf</load_address>
         <run_address>0xedf</run_address>
         <size>0x46</size>
         <input_file_ref idref="fl-20"/>
      </object_component>
      <object_component id="oc-16e">
         <name>.debug_abbrev</name>
         <load_address>0xf25</load_address>
         <run_address>0xf25</run_address>
         <size>0x38</size>
         <input_file_ref idref="fl-21"/>
      </object_component>
      <object_component id="oc-173">
         <name>.debug_abbrev</name>
         <load_address>0xf5d</load_address>
         <run_address>0xf5d</run_address>
         <size>0xe3</size>
         <input_file_ref idref="fl-22"/>
      </object_component>
      <object_component id="oc-178">
         <name>.debug_abbrev</name>
         <load_address>0x1040</load_address>
         <run_address>0x1040</run_address>
         <size>0xa8</size>
         <input_file_ref idref="fl-23"/>
      </object_component>
      <object_component id="oc-17d">
         <name>.debug_abbrev</name>
         <load_address>0x10e8</load_address>
         <run_address>0x10e8</run_address>
         <size>0x68</size>
         <input_file_ref idref="fl-24"/>
      </object_component>
      <object_component id="oc-182">
         <name>.debug_abbrev</name>
         <load_address>0x1150</load_address>
         <run_address>0x1150</run_address>
         <size>0x66</size>
         <input_file_ref idref="fl-25"/>
      </object_component>
      <object_component id="oc-189">
         <name>.debug_abbrev</name>
         <load_address>0x11b6</load_address>
         <run_address>0x11b6</run_address>
         <size>0x130</size>
         <input_file_ref idref="fl-26"/>
      </object_component>
      <object_component id="oc-18e">
         <name>.debug_abbrev</name>
         <load_address>0x12e6</load_address>
         <run_address>0x12e6</run_address>
         <size>0xb2</size>
         <input_file_ref idref="fl-27"/>
      </object_component>
[...]
         <name>_Sdfm2Regs</name>
         <value>0x5e80</value>
         <object_component_ref idref="oc-e7"/>
      </symbol>
      <symbol id="sm-27b">
         <name>_AdcdResultRegs</name>
         <value>0xb60</value>
         <object_component_ref idref="oc-b5"/>
      </symbol>
      <symbol id="sm-27c">
         <name>_EQep2Regs</name>
         <value>0x5140</value>
         <object_component_ref idref="oc-ca"/>
      </symbol>
      <symbol id="sm-27d">
         <name>_Cmpss1Regs</name>
         <value>0x5c80</value>
         <object_component_ref idref="oc-be"/>
      </symbol>
      <symbol id="sm-27e">
         <name>_EPwm8Regs</name>
         <value>0x4700</value>
         <object_component_ref idref="oc-f7"/>
      </symbol>
      <symbol id="sm-27f">
         <name>_Emif2ConfigRegs</name>
         <value>0x5f4a0</value>
         <object_component_ref idref="oc-a7"/>
      </symbol>
      <symbol id="sm-280">
         <name>_DcsmCommonRegs</name>
         <value>0x5f070</value>
         <object_component_ref idref="oc-9d"/>
      </symbol>
      <symbol id="sm-281">
         <name>_EPwm2Regs</name>
         <value>0x4100</value>
         <object_component_ref idref="oc-f1"/>
      </symbol>
      <symbol id="sm-282">
         <name>_ECap3Regs</name>
         <value>0x5040</value>
         <object_component_ref idref="oc-b9"/>
      </symbol>
      <symbol id="sm-283">
         <name>_Cmpss8Regs</name>
         <value>0x5d60</value>
         <object_component_ref idref="oc-c5"/>
      </symbol>
      <symbol id="sm-284">
         <name>_EQep3Regs</name>
         <value>0x5180</value>
         <object_component_ref idref="oc-cb"/>
      </symbol>
      <symbol id="sm-285">
         <name>_SyncSocRegs</name>
         <value>0x7940</value>
         <object_component_ref idref="oc-9e"/>
      </symbol>
      <symbol id="sm-286">
         <name>_EPwm9Regs</name>
         <value>0x4800</value>
         <object_component_ref idref="oc-f8"/>
      </symbol>
      <symbol id="sm-287">
         <name>_NmiIntruptRegs</name>
         <value>0x7060</value>
         <object_component_ref idref="oc-a2"/>
      </symbol>
      <symbol id="sm-288">
         <name>_EPwm3Regs</name>
         <value>0x4200</value>
         <object_component_ref idref="oc-f2"/>
      </symbol>
      <symbol id="sm-289">
         <name>_I2caRegs</name>
         <value>0x7300</value>
         <object_component_ref idref="oc-cc"/>
      </symbol>
      <symbol id="sm-2f9">
         <name>_Cla1Task8</name>
         <value>0xab28</value>
         <object_component_ref idref="oc-11a"/>
      </symbol>
      <symbol id="sm-2fb">
         <name>_Cla1Task5</name>
         <value>0xab10</value>
         <object_component_ref idref="oc-117"/>
      </symbol>
      <symbol id="sm-2fd">
         <name>_Cla1Task4</name>
         <value>0xab08</value>
         <object_component_ref idref="oc-116"/>
      </symbol>
      <symbol id="sm-2ff">
         <name>_Cla1Task7</name>
         <value>0xab20</value>
         <object_component_ref idref="oc-119"/>
      </symbol>
      <symbol id="sm-301">
         <name>_Cla1Task6</name>
         <value>0xab18</value>
         <object_component_ref idref="oc-118"/>
      </symbol>
      <symbol id="sm-303">
         <name>_Cla1Task1</name>
         <value>0xa726</value>
         <object_component_ref idref="oc-112"/>
      </symbol>
      <symbol id="sm-305">
         <name>_Cla1Task3</name>
         <value>0xaaf4</value>
         <object_component_ref idref="oc-115"/>
      </symbol>
      <symbol id="sm-307">
         <name>_Cla1Task2</name>
         <value>0xaae0</value>
         <object_component_ref idref="oc-114"/>
      </symbol>
      <symbol id="sm-327">
         <name>_configureComparatorDACOffsets</name>
         <value>0xbb31</value>
         <object_component_ref idref="oc-1d0"/>
      </symbol>
      <symbol id="sm-342">
         <name>_configureEPWM2EPWM3Interrupts</name>
         <value>0xbe97</value>
         <object_component_ref idref="oc-1c3"/>
      </symbol>
      <symbol id="sm-3fb">
         <name>_configurePowerStageHRPWMs</name>
         <value>0x127b1</value>
         <object_component_ref idref="oc-1d1"/>
      </symbol>
      <symbol id="sm-3fd">
         <name>_gAuxInterruptLeadTicks</name>
         <value>0x9055</value>
         <object_component_ref idref="oc-1ee"/>
      </symbol>
      <symbol id="sm-3fe">
         <name>_precomputePhaseShiftPeriodsForCLA</name>
         <value>0x128c1</value>
         <object_component_ref idref="oc-1d1"/>
      </symbol>
      <symbol id="sm-400">
         <name>_gHrpwmDeadtimeConfig</name>
         <value>0x9018</value>
         <object_component_ref idref="oc-1e9"/>
      </symbol>
      <symbol id="sm-401">
         <name>_refreshPowerStageHRPWMConfig</name>
         <value>0x12804</value>
         <object_component_ref idref="oc-1d1"/>
      </symbol>
      <symbol id="sm-476">
         <name>_myCLA0_init</name>
         <value>0x11556</value>
         <object_component_ref idref="oc-1cf"/>
      </symbol>
      <symbol id="sm-478">
         <name>_INTERRUPT_init</name>
         <value>0x11998</value>
         <object_component_ref idref="oc-1cf"/>
      </symbol>
      <symbol id="sm-47a">
         <name>_SYSCTL_init</name>
         <value>0x11b78</value>
         <object_component_ref idref="oc-1cf"/>
      </symbol>
      <symbol id="sm-47c">
         <name>_Board_init</name>
         <value>0x114b7</value>
         <object_component_ref idref="oc-1cf"/>
      </symbol>
      <symbol id="sm-47e">
         <name>_PinMux_init</name>
         <value>0x114c8</value>
         <object_component_ref idref="oc-1cf"/>
      </symbol>
      <symbol id="sm-480">
         <name>_MEMCFG_init</name>
         <value>0x119f9</value>
         <object_component_ref idref="oc-1cf"/>
      </symbol>
      <symbol id="sm-482">
         <name>_SYNC_init</name>
         <value>0x11b5a</value>
         <object_component_ref idref="oc-1cf"/>
      </symbol>
      <symbol id="sm-484">
         <name>_EPWM_init</name>
         <value>0x115bb</value>
         <object_component_ref idref="oc-1cf"/>
      </symbol>
      <symbol id="sm-486">
         <name>_CLA_init</name>
         <value>0x115b8</value>
         <object_component_ref idref="oc-1cf"/>
      </symbol>
      <symbol id="sm-4c3">
         <name>_main</name>
         <value>0xba79</value>
         <object_component_ref idref="oc-1c4"/>
      </symbol>
      <symbol id="sm-4c5">
         <name>_status</name>
         <value>0x9068</value>
         <object_component_ref idref="oc-141"/>
      </symbol>
      <symbol id="sm-4c6">
         <name>_MEP_ScaleFactor</name>
         <value>0x9069</value>
         <object_component_ref idref="oc-141"/>
      </symbol>
      <symbol id="sm-4c7">
         <name>_error</name>
         <value>0xba8e</value>
         <object_component_ref idref="oc-1c4"/>
      </symbol>
      <symbol id="sm-4c9">
         <name>_cla1Isr4</name>
         <value>0xb88d</value>
         <object_component_ref idref="oc-144"/>
      </symbol>
      <symbol id="sm-4cb">
         <name>_cla1Isr5</name>
         <value>0xb8bc</value>
         <object_component_ref idref="oc-144"/>
      </symbol>
      <symbol id="sm-4cd">
         <name>_cla1Isr6</name>
         <value>0xb8eb</value>
         <object_component_ref idref="oc-144"/>
      </symbol>
      <symbol id="sm-4cf">
         <name>_cla1Isr7</name>
         <value>0xb91a</value>
         <object_component_ref idref="oc-144"/>
      </symbol>
      <symbol id="sm-4d1">
         <name>_cla1Isr1</name>
         <value>0xb800</value>
         <object_component_ref idref="oc-144"/>
      </symbol>
      <symbol id="sm-4d3">
         <name>_cla1Isr2</name>
         <value>0xb82f</value>
         <object_component_ref idref="oc-144"/>
      </symbol>
      <symbol id="sm-4d5">
         <name>_cla1Isr3</name>
         <value>0xb85e</value>
         <object_component_ref idref="oc-144"/>
      </symbol>
      <symbol id="sm-4d7">
         <name>_cla1Isr8</name>
         <value>0xb949</value>
         <object_component_ref idref="oc-144"/>
      </symbol>
      <symbol id="sm-4d9">
         <name>_claToCpuMsg</name>
         <value>0x1480</value>
         <object_component_ref idref="oc-142"/>
      </symbol>
      <symbol id="sm-4da">
         <name>_ePWM</name>
         <value>0x9030</value>
         <object_component_ref idref="oc-1f1"/>
      </symbol>
      <symbol id="sm-4db">
         <name>_cpuToClaMsg</name>
         <value>0x1500</value>
         <object_component_ref idref="oc-143"/>
      </symbol>
      <symbol id="sm-4ef">
         <name>_configureLagLeadHardwareTriggers</name>
         <value>0xbb98</value>
         <object_component_ref idref="oc-1c5"/>
      </symbol>
      <symbol id="sm-4f1">
         <name>_configureClaTuningTriggers</name>
         <value>0xbbe3</value>
         <object_component_ref idref="oc-1c5"/>
      </symbol>
      <symbol id="sm-4f3">
         <name>_xintLagIsr</name>
         <value>0xbf6d</value>
         <object_component_ref idref="oc-14b"/>
      </symbol>
      <symbol id="sm-4f5">
         <name>_xintLeadIsr</name>
         <value>0xbf34</value>
         <object_component_ref idref="oc-14b"/>
      </symbol>
      <symbol id="sm-506">
         <name>code_start</name>
         <value>0x0</value>
         <object_component_ref idref="oc-98"/>
      </symbol>
      <symbol id="sm-537">
         <name>_Example_done</name>
         <value>0xb3fe</value>
         <object_component_ref idref="oc-1cb"/>
      </symbol>
      <symbol id="sm-539">
         <name>_Example_Fail</name>
         <value>0x9060</value>
         <object_component_ref idref="oc-157"/>
      </symbol>
      <symbol id="sm-53a">
         <name>_Device_bootCPU2</name>
         <value>0xb273</value>
         <object_component_ref idref="oc-1cb"/>
      </symbol>
      <symbol id="sm-53c">
         <name>_Device_initGPIO</name>
         <value>0xb1db</value>
         <object_component_ref idref="oc-1cb"/>
      </symbol>
      <symbol id="sm-53e">
         <name>_Example_setResultPass</name>
         <value>0xb3f4</value>
         <object_component_ref idref="oc-1cb"/>
      </symbol>
      <symbol id="sm-540">
         <name>___error__</name>
         <value>0xb3ed</value>
         <object_component_ref idref="oc-1cb"/>
      </symbol>
      <symbol id="sm-542">
         <name>_Example_Result</name>
         <value>0x905c</value>
         <object_component_ref idref="oc-157"/>
      </symbol>
      <symbol id="sm-543">
         <name>_Example_setResultFail</name>
         <value>0xb3f9</value>
         <object_component_ref idref="oc-1cb"/>
      </symbol>
      <symbol id="sm-545">
         <name>_Device_enableUnbondedGPIOPullupsFor176Pin</name>
         <value>0xb1fc</value>
         <object_component_ref idref="oc-1cb"/>
      </symbol>
      <symbol id="sm-547">
         <name>_Device_enableUnbondedGPIOPullups</name>
         <value>0xb22c</value>
         <object_component_ref idref="oc-1cb"/>
      </symbol>
      <symbol id="sm-549">
         <name>_Device_init</name>
         <value>0xb0ae</value>
         <object_component_ref idref="oc-1cb"/>
      </symbol>
      <symbol id="sm-54b">
         <name>_Example_PassCount</name>
         <value>0x905e</value>
         <object_component_ref idref="oc-157"/>
      </symbol>
      <symbol id="sm-54c">
         <name>_Device_enableUnbondedGPIOPullupsFor100Pin</name>
         <value>0xb20f</value>
         <object_component_ref idref="oc-1cb"/>
      </symbol>
      <symbol id="sm-54e">
         <name>_Device_enableAllPeripherals</name>
         <value>0xb0f0</value>
         <object_component_ref idref="oc-1cb"/>
      </symbol>
      <symbol id="sm-550">
         <name>_Device_configureTMXAnalogTrim</name>
         <value>0xb242</value>
         <object_component_ref idref="oc-1cb"/>
      </symbol>
      <symbol id="sm-58d">
         <name>___claabi_divu</name>
         <value>0xa000</value>
         <object_component_ref idref="oc-15e"/>
      </symbol>
      <symbol id="sm-5a9">
         <name>_c_int00</name>
         <value>0xbfa6</value>
         <object_component_ref idref="oc-164"/>
      </symbol>
      <symbol id="sm-5aa">
         <name>__stack</name>
         <value>0x400</value>
         <object_component_ref idref="oc-165"/>
      </symbol>
      <symbol id="sm-5bb">
         <name>FS$$DIV</name>
         <value>0xbdac</value>
         <object_component_ref idref="oc-16b"/>
      </symbol>
      <symbol id="sm-5ca">
         <name>_copy_in</name>
         <value>0x12aaa</value>
         <object_component_ref idref="oc-1c7"/>
      </symbol>
      <symbol id="sm-5dc">
         <name>_memcpy</name>
         <value>0x12b0b</value>
         <object_component_ref idref="oc-1d8"/>
      </symbol>
      <symbol id="sm-5e9">
         <name>__system_pre_init</name>
         <value>0xbffc</value>
         <object_component_ref idref="oc-1c6"/>
      </symbol>
      <symbol id="sm-5f7">
         <name>__system_post_cinit</name>
         <value>0xbffe</value>
         <object_component_ref idref="oc-1c8"/>
      </symbol>
      <symbol id="sm-60c">
         <name>C$$EXIT</name>
         <value>0x11fd1</value>
         <object_component_ref idref="oc-1ca"/>
      </symbol>
      <symbol id="sm-60d">
         <name>_exit</name>
         <value>0x11fd3</value>
         <object_component_ref idref="oc-1ca"/>
      </symbol>
      <symbol id="sm-60f">
         <name>___TI_cleanup_ptr</name>
         <value>0x9064</value>
         <object_component_ref idref="oc-186"/>
      </symbol>
      <symbol id="sm-610">
         <name>___TI_enable_exit_profile_output</name>
         <value>0x9062</value>
         <object_component_ref idref="oc-186"/>
      </symbol>
      <symbol id="sm-611">
         <name>_abort</name>
         <value>0x11fd1</value>
         <object_component_ref idref="oc-1ca"/>
      </symbol>
      <symbol id="sm-613">
         <name>___TI_dtors_ptr</name>
         <value>0x9066</value>
         <object_component_ref idref="oc-186"/>
      </symbol>
      <symbol id="sm-627">
         <name>__unlock</name>
         <value>0x903e</value>
         <object_component_ref idref="oc-1fc"/>
      </symbol>
      <symbol id="sm-628">
         <name>__lock</name>
         <value>0x903c</value>
         <object_component_ref idref="oc-1d9"/>
      </symbol>
      <symbol id="sm-629">
         <name>__register_lock</name>
         <value>0x12c69</value>
         <object_component_ref idref="oc-1f6"/>
      </symbol>
      <symbol id="sm-62b">
         <name>__nop</name>
         <value>0x12c6d</value>
         <object_component_ref idref="oc-1f6"/>
      </symbol>
      <symbol id="sm-62d">
         <name>__register_unlock</name>
         <value>0x12c65</value>
         <object_component_ref idref="oc-1f6"/>
      </symbol>
      <symbol id="sm-63d">
         <name>__args_main</name>
         <value>0x12bed</value>
         <object_component_ref idref="oc-1c9"/>
      </symbol>
      <symbol id="sm-665">
         <name>_SFO_CAL</name>
         <value>0x9049</value>
         <object_component_ref idref="oc-197"/>
      </symbol>
      <symbol id="sm-666">
         <name>_MEP_SF</name>
         <value>0x9040</value>
         <object_component_ref idref="oc-1f3"/>
      </symbol>
      <symbol id="sm-667">
         <name>_SFO</name>
         <value>0xb608</value>
         <object_component_ref idref="oc-1d3"/>
      </symbol>
      <symbol id="sm-675">
         <name>_CLA_setTriggerSource</name>
         <value>0x12a5e</value>
         <object_component_ref idref="oc-1d2"/>
      </symbol>
      <symbol id="sm-68c">
         <name>_EPWM_setEmulationMode</name>
         <value>0x12b73</value>
         <object_component_ref idref="oc-1e8"/>
      </symbol>
      <symbol id="sm-6c6">
         <name>_GPIO_setInterruptPin</name>
         <value>0x129d1</value>
         <object_component_ref idref="oc-1d7"/>
      </symbol>
      <symbol id="sm-6c8">
         <name>_GPIO_setControllerCore</name>
         <value>0x11f9a</value>
         <object_component_ref idref="oc-1e0"/>
      </symbol>
      <symbol id="sm-6ca">
         <name>_GPIO_setPinConfig</name>
         <value>0x1292c</value>
         <object_component_ref idref="oc-1df"/>
      </symbol>
      <symbol id="sm-6cc">
         <name>_GPIO_setDirectionMode</name>
         <value>0x12a05</value>
         <object_component_ref idref="oc-1d4"/>
      </symbol>
      <symbol id="sm-6ce">
         <name>_GPIO_setQualificationMode</name>
         <value>0x12963</value>
         <object_component_ref idref="oc-1d6"/>
      </symbol>
      <symbol id="sm-6d0">
         <name>_GPIO_setPadConfig</name>
         <value>0x11e3b</value>
         <object_component_ref idref="oc-1d5"/>
      </symbol>
      <symbol id="sm-6ff">
         <name>_Interrupt_illegalOperationHandler</name>
         <value>0xb7f6</value>
         <object_component_ref idref="oc-1af"/>
      </symbol>
      <symbol id="sm-701">
         <name>_Interrupt_enable</name>
         <value>0x1299a</value>
         <object_component_ref idref="oc-1cc"/>
      </symbol>
      <symbol id="sm-703">
         <name>_Interrupt_initVectorTable</name>
         <value>0x12aed</value>
         <object_component_ref idref="oc-1ce"/>
      </symbol>
      <symbol id="sm-705">
         <name>_Interrupt_initModule</name>
         <value>0xb7b9</value>
         <object_component_ref idref="oc-1cd"/>
      </symbol>
      <symbol id="sm-707">
         <name>_Interrupt_nmiHandler</name>
         <value>0x12c52</value>
         <object_component_ref idref="oc-1b0"/>
      </symbol>
      <symbol id="sm-709">
         <name>_Interrupt_defaultHandler</name>
         <value>0x12b89</value>
         <object_component_ref idref="oc-1ae"/>
      </symbol>
      <symbol id="sm-744">
         <name>_MemCfg_setProtection</name>
         <value>0xbd21</value>
         <object_component_ref idref="oc-1e7"/>
      </symbol>
      <symbol id="sm-746">
         <name>_MemCfg_initSections</name>
         <value>0xbeb8</value>
         <object_component_ref idref="oc-1e3"/>
      </symbol>
      <symbol id="sm-748">
         <name>_MemCfg_setGSRAMControllerSel</name>
         <value>0x12a84</value>
         <object_component_ref idref="oc-1e6"/>
      </symbol>
      <symbol id="sm-74a">
         <name>_MemCfg_setLSRAMControllerSel</name>
         <value>0x11f61</value>
         <object_component_ref idref="oc-1e5"/>
      </symbol>
      <symbol id="sm-74c">
         <name>_MemCfg_getInitStatus</name>
         <value>0xbc00</value>
         <object_component_ref idref="oc-1e4"/>
      </symbol>
      <symbol id="sm-7d2">
         <name>_SysCtl_selectXTAL</name>
         <value>0xbc91</value>
         <object_component_ref idref="oc-1fd"/>
      </symbol>
      <symbol id="sm-7d4">
         <name>_SysCtl_delay</name>
         <value>0x18f</value>
         <object_component_ref idref="oc-1bd"/>
      </symbol>
      <symbol id="sm-7d5">
         <name>_SysCtl_selectOscSource</name>
         <value>0x11ede</value>
         <object_component_ref idref="oc-1f9"/>
      </symbol>
      <symbol id="sm-7d7">
         <name>_SysCtl_setClock</name>
         <value>0xb3ff</value>
         <object_component_ref idref="oc-1dc"/>
      </symbol>
      <symbol id="sm-7d9">
         <name>_SysCtl_getLowSpeedClock</name>
         <value>0x12b42</value>
         <object_component_ref idref="oc-1de"/>
      </symbol>
      <symbol id="sm-7db">
         <name>_SysCtl_getClock</name>
         <value>0x11e8d</value>
         <object_component_ref idref="oc-1dd"/>
      </symbol>
      <symbol id="sm-7dd">
         <name>_SysCtl_getDeviceParametric</name>
         <value>0x11d6f</value>
         <object_component_ref idref="oc-1db"/>
      </symbol>
   </symbol_table>
   <title>Link successful</title>
</link_info>
