<?xml version="1.0" encoding="ISO-8859-1" ?>
<link_info>
   <banner>TMS320C2000 Linker PC v22.6.3.LTS</banner>
   <copyright>Copyright (c) 1996-2018 Texas Instruments Incorporated</copyright>
   <link_time>0x6a58b580</link_time>
   <link_errors>0x0</link_errors>
   <output_file>logturtle_tuning_pm.out</output_file>
   <entry_point>
      <name>code_start</name>
      <address>0x0</address>
   </entry_point>
   <input_file_list>
      <input_file id="fl-2">
         <path>.\</path>
         <kind>object</kind>
         <file>F2837xD_GlobalVariableDefs.obj</file>
         <name>F2837xD_GlobalVariableDefs.obj</name>
      </input_file>
      <input_file id="fl-3">
         <path>.\</path>
         <kind>object</kind>
         <file>cla_tasks.obj</file>
         <name>cla_tasks.obj</name>
      </input_file>
      <input_file id="fl-4">
         <path>.\</path>
         <kind>object</kind>
         <file>comparator_dac.obj</file>
         <name>comparator_dac.obj</name>
      </input_file>
      <input_file id="fl-5">
         <path>.\</path>
         <kind>object</kind>
         <file>encoder.obj</file>
         <name>encoder.obj</name>
      </input_file>
      <input_file id="fl-6">
         <path>.\</path>
         <kind>object</kind>
         <file>epwm_interrupts.obj</file>
         <name>epwm_interrupts.obj</name>
      </input_file>
      <input_file id="fl-7">
         <path>.\</path>
         <kind>object</kind>
         <file>hrpwm_control.obj</file>
         <name>hrpwm_control.obj</name>
      </input_file>
      <input_file id="fl-8">
         <path>.\syscfg\</path>
         <kind>object</kind>
         <file>board.obj</file>
         <name>board.obj</name>
      </input_file>
      <input_file id="fl-9">
         <path>.\syscfg\</path>
         <kind>object</kind>
         <file>c2000ware_libraries.obj</file>
         <name>c2000ware_libraries.obj</name>
      </input_file>
      <input_file id="fl-a">
         <path>.\</path>
         <kind>object</kind>
         <file>main.obj</file>
         <name>main.obj</name>
      </input_file>
      <input_file id="fl-b">
         <path>.\</path>
         <kind>object</kind>
         <file>phase_triggers.obj</file>
         <name>phase_triggers.obj</name>
      </input_file>
      <input_file id="fl-c">
         <path>.\</path>
         <kind>object</kind>
         <file>spi_reference.obj</file>
         <name>spi_reference.obj</name>
      </input_file>
      <input_file id="fl-d">
         <path>.\</path>
         <kind>object</kind>
         <file>tuning_targets.obj</file>
         <name>tuning_targets.obj</name>
      </input_file>
      <input_file id="fl-e">
         <path>.\device\</path>
         <kind>object</kind>
         <file>F2837xD_CodeStartBranch.obj</file>
         <name>F2837xD_CodeStartBranch.obj</name>
      </input_file>
      <input_file id="fl-f">
         <path>.\device\</path>
         <kind>object</kind>
         <file>device.obj</file>
         <name>device.obj</name>
      </input_file>
      <input_file id="fl-16">
         <kind>object</kind>
         <file>&lt;internal&gt;</file>
         <name>&lt;internal&gt;</name>
      </input_file>
      <input_file id="fl-22">
         <path>C:\ti\ccs2041\ccs\tools\compiler\ti-cgt-c2000_22.6.3.LTS\lib\</path>
         <kind>archive</kind>
         <file>rts2800_fpu32.lib</file>
         <name>cla_divu.cla.obj</name>
      </input_file>
      <input_file id="fl-23">
         <path>C:\ti\ccs2041\ccs\tools\compiler\ti-cgt-c2000_22.6.3.LTS\lib\</path>
         <kind>archive</kind>
         <file>rts2800_fpu32.lib</file>
         <name>boot28.asm.obj</name>
      </input_file>
      <input_file id="fl-24">
         <path>C:\ti\ccs2041\ccs\tools\compiler\ti-cgt-c2000_22.6.3.LTS\lib\</path>
         <kind>archive</kind>
         <file>rts2800_fpu32.lib</file>
         <name>fs_div28.asm.obj</name>
      </input_file>
      <input_file id="fl-25">
         <path>C:\ti\ccs2041\ccs\tools\compiler\ti-cgt-c2000_22.6.3.LTS\lib\</path>
         <kind>archive</kind>
         <file>rts2800_fpu32.lib</file>
         <name>cpy_tbl.c.obj</name>
      </input_file>
      <input_file id="fl-26">
         <path>C:\ti\ccs2041\ccs\tools\compiler\ti-cgt-c2000_22.6.3.LTS\lib\</path>
         <kind>archive</kind>
         <file>rts2800_fpu32.lib</file>
         <name>memcpy.c.obj</name>
      </input_file>
      <input_file id="fl-27">
         <path>C:\ti\ccs2041\ccs\tools\compiler\ti-cgt-c2000_22.6.3.LTS\lib\</path>
         <kind>archive</kind>
         <file>rts2800_fpu32.lib</file>
         <name>pre_init.c.obj</name>
      </input_file>
      <input_file id="fl-28">
         <path>C:\ti\ccs2041\ccs\tools\compiler\ti-cgt-c2000_22.6.3.LTS\lib\</path>
         <kind>archive</kind>
         <file>rts2800_fpu32.lib</file>
         <name>startup.c.obj</name>
      </input_file>
      <input_file id="fl-29">
         <path>C:\ti\ccs2041\ccs\tools\compiler\ti-cgt-c2000_22.6.3.LTS\lib\</path>
         <kind>archive</kind>
         <file>rts2800_fpu32.lib</file>
         <name>exit.c.obj</name>
      </input_file>
      <input_file id="fl-2a">
         <path>C:\ti\ccs2041\ccs\tools\compiler\ti-cgt-c2000_22.6.3.LTS\lib\</path>
         <kind>archive</kind>
         <file>rts2800_fpu32.lib</file>
         <name>_lock.c.obj</name>
      </input_file>
      <input_file id="fl-2b">
         <path>C:\ti\ccs2041\ccs\tools\compiler\ti-cgt-c2000_22.6.3.LTS\lib\</path>
         <kind>archive</kind>
         <file>rts2800_fpu32.lib</file>
         <name>args_main.c.obj</name>
      </input_file>
      <input_file id="fl-2f">
         <path>C:\ti\C2000Ware_6_00_01_00\libraries\calibration\hrpwm\f2837xd\lib\</path>
         <kind>archive</kind>
         <file>SFO_v8_fpu_lib_build_c28_coff.lib</file>
         <name>SFO_v8_fpu_lib_build_c28.obj</name>
      </input_file>
      <input_file id="fl-30">
         <path>C:\ti\C2000Ware_6_00_01_00\driverlib\f2837xd\driverlib\ccs\debug\</path>
         <kind>archive</kind>
         <file>driverlib_coff.lib</file>
         <name>cla.obj</name>
      </input_file>
      <input_file id="fl-31">
         <path>C:\ti\C2000Ware_6_00_01_00\driverlib\f2837xd\driverlib\ccs\debug\</path>
         <kind>archive</kind>
         <file>driverlib_coff.lib</file>
         <name>epwm.obj</name>
      </input_file>
      <input_file id="fl-32">
         <path>C:\ti\C2000Ware_6_00_01_00\driverlib\f2837xd\driverlib\ccs\debug\</path>
         <kind>archive</kind>
         <file>driverlib_coff.lib</file>
         <name>gpio.obj</name>
      </input_file>
      <input_file id="fl-33">
         <path>C:\ti\C2000Ware_6_00_01_00\driverlib\f2837xd\driverlib\ccs\debug\</path>
         <kind>archive</kind>
         <file>driverlib_coff.lib</file>
         <name>interrupt.obj</name>
      </input_file>
      <input_file id="fl-34">
         <path>C:\ti\C2000Ware_6_00_01_00\driverlib\f2837xd\driverlib\ccs\debug\</path>
         <kind>archive</kind>
         <file>driverlib_coff.lib</file>
         <name>memcfg.obj</name>
      </input_file>
      <input_file id="fl-35">
         <path>C:\ti\C2000Ware_6_00_01_00\driverlib\f2837xd\driverlib\ccs\debug\</path>
         <kind>archive</kind>
         <file>driverlib_coff.lib</file>
         <name>sysctl.obj</name>
      </input_file>
   </input_file_list>
   <object_component_list>
      <object_component id="oc-98">
         <name>codestart</name>
         <load_address>0x0</load_address>
         <run_address>0x0</run_address>
         <size>0x2</size>
         <input_file_ref idref="fl-e"/>
      </object_component>
      <object_component id="oc-1e0">
         <name>.text</name>
         <load_address>0xb000</load_address>
         <run_address>0xb000</run_address>
         <size>0x3ff</size>
         <input_file_ref idref="fl-f"/>
      </object_component>
      <object_component id="oc-1f4">
         <name>.text:_SysCtl_setClock</name>
         <load_address>0xb3ff</load_address>
         <run_address>0xb3ff</run_address>
         <size>0x209</size>
         <input_file_ref idref="fl-35"/>
      </object_component>
      <object_component id="oc-1e8">
         <name>.text</name>
         <load_address>0xb608</load_address>
         <run_address>0xb608</run_address>
         <size>0x1b1</size>
         <input_file_ref idref="fl-2f"/>
      </object_component>
      <object_component id="oc-1e2">
         <name>.text:_Interrupt_initModule</name>
         <load_address>0xb7b9</load_address>
         <run_address>0xb7b9</run_address>
         <size>0x3d</size>
         <input_file_ref idref="fl-33"/>
      </object_component>
      <object_component id="oc-1c4">
         <name>.text:_Interrupt_illegalOperationHandler</name>
         <load_address>0xb7f6</load_address>
         <run_address>0xb7f6</run_address>
         <size>0xa</size>
         <input_file_ref idref="fl-33"/>
      </object_component>
      <object_component id="oc-14c">
         <name>.text:retain</name>
         <load_address>0xb800</load_address>
         <run_address>0xb800</run_address>
         <size>0x178</size>
         <input_file_ref idref="fl-a"/>
      </object_component>
      <object_component id="oc-1d9">
         <name>.text</name>
         <load_address>0xb978</load_address>
         <run_address>0xb978</run_address>
         <size>0x15c</size>
         <input_file_ref idref="fl-a"/>
      </object_component>
      <object_component id="oc-1ea">
         <name>.text</name>
         <load_address>0xbad4</load_address>
         <run_address>0xbad4</run_address>
         <size>0xe5</size>
         <input_file_ref idref="fl-c"/>
      </object_component>
      <object_component id="oc-1e5">
         <name>.text</name>
         <load_address>0xbbb9</load_address>
         <run_address>0xbbb9</run_address>
         <size>0xd9</size>
         <input_file_ref idref="fl-4"/>
      </object_component>
      <object_component id="oc-1e9">
         <name>.text</name>
         <load_address>0xbc92</load_address>
         <run_address>0xbc92</run_address>
         <size>0xb5</size>
         <input_file_ref idref="fl-5"/>
      </object_component>
      <object_component id="oc-1da">
         <name>.text</name>
         <load_address>0xbd47</load_address>
         <run_address>0xbd47</run_address>
         <size>0x96</size>
         <input_file_ref idref="fl-b"/>
      </object_component>
      <object_component id="oc-1fc">
         <name>.text:_MemCfg_getInitStatus</name>
         <load_address>0xbddd</load_address>
         <run_address>0xbddd</run_address>
         <size>0x91</size>
         <input_file_ref idref="fl-34"/>
      </object_component>
      <object_component id="oc-215">
         <name>.text:_SysCtl_selectXTAL</name>
         <load_address>0xbe6e</load_address>
         <run_address>0xbe6e</run_address>
         <size>0x90</size>
         <input_file_ref idref="fl-35"/>
      </object_component>
      <object_component id="oc-1eb">
         <name>.text</name>
         <load_address>0xbefe</load_address>
         <run_address>0xbefe</run_address>
         <size>0x8f</size>
         <input_file_ref idref="fl-d"/>
      </object_component>
      <object_component id="oc-153">
         <name>.text:retain</name>
         <load_address>0xbf8d</load_address>
         <run_address>0xbf8d</run_address>
         <size>0x72</size>
         <input_file_ref idref="fl-b"/>
      </object_component>
      <object_component id="oc-1dd">
         <name>.text</name>
         <load_address>0xbfff</load_address>
         <run_address>0xbfff</run_address>
         <size>0x1</size>
         <input_file_ref idref="fl-28"/>
      </object_component>
      <object_component id="oc-1e4">
         <name>.text</name>
         <load_address>0x11000</load_address>
         <run_address>0x11000</run_address>
         <size>0xd6f</size>
         <input_file_ref idref="fl-8"/>
      </object_component>
      <object_component id="oc-1ff">
         <name>.text:_MemCfg_setProtection</name>
         <load_address>0x11d6f</load_address>
         <run_address>0x11d6f</run_address>
         <size>0x8b</size>
         <input_file_ref idref="fl-34"/>
      </object_component>
      <object_component id="oc-180">
         <name>.text</name>
         <load_address>0x11dfa</load_address>
         <run_address>0x11dfa</run_address>
         <size>0x88</size>
         <input_file_ref idref="fl-24"/>
      </object_component>
      <object_component id="oc-1d8">
         <name>.text</name>
         <load_address>0x11e82</load_address>
         <run_address>0x11e82</run_address>
         <size>0x84</size>
         <input_file_ref idref="fl-6"/>
      </object_component>
      <object_component id="oc-1fb">
         <name>.text:_MemCfg_initSections</name>
         <load_address>0x11f06</load_address>
         <run_address>0x11f06</run_address>
         <size>0x7c</size>
         <input_file_ref idref="fl-34"/>
      </object_component>
      <object_component id="oc-1f3">
         <name>.text:_SysCtl_getDeviceParametric</name>
         <load_address>0x11f82</load_address>
         <run_address>0x11f82</run_address>
         <size>0x68</size>
         <input_file_ref idref="fl-35"/>
      </object_component>
      <object_component id="oc-200">
         <name>.text:_EPWM_setEmulationMode</name>
         <load_address>0x11fea</load_address>
         <run_address>0x11fea</run_address>
         <size>0x16</size>
         <input_file_ref idref="fl-31"/>
      </object_component>
      <object_component id="oc-1e6">
         <name>.text</name>
         <load_address>0x12000</load_address>
         <run_address>0x12000</run_address>
         <size>0x92c</size>
         <input_file_ref idref="fl-7"/>
      </object_component>
      <object_component id="oc-12e">
         <name>.text:retain</name>
         <load_address>0x1292c</load_address>
         <run_address>0x1292c</run_address>
         <size>0x64</size>
         <input_file_ref idref="fl-6"/>
      </object_component>
      <object_component id="oc-179">
         <name>.text</name>
         <load_address>0x12990</load_address>
         <run_address>0x12990</run_address>
         <size>0x56</size>
         <input_file_ref idref="fl-23"/>
      </object_component>
      <object_component id="oc-1ed">
         <name>.text:_GPIO_setPadConfig</name>
         <load_address>0x129e6</load_address>
         <run_address>0x129e6</run_address>
         <size>0x52</size>
         <input_file_ref idref="fl-32"/>
      </object_component>
      <object_component id="oc-1f5">
         <name>.text:_SysCtl_getClock</name>
         <load_address>0x12a38</load_address>
         <run_address>0x12a38</run_address>
         <size>0x51</size>
         <input_file_ref idref="fl-35"/>
      </object_component>
      <object_component id="oc-211">
         <name>.text:_SysCtl_selectOscSource</name>
         <load_address>0x12a89</load_address>
         <run_address>0x12a89</run_address>
         <size>0x48</size>
         <input_file_ref idref="fl-35"/>
      </object_component>
      <object_component id="oc-213">
         <name>.text:_EPWM_isBaseValid</name>
         <load_address>0x12ad1</load_address>
         <run_address>0x12ad1</run_address>
         <size>0x3b</size>
         <input_file_ref idref="fl-31"/>
      </object_component>
      <object_component id="oc-1fd">
         <name>.text:_MemCfg_setLSRAMControllerSel</name>
         <load_address>0x12b0c</load_address>
         <run_address>0x12b0c</run_address>
         <size>0x39</size>
         <input_file_ref idref="fl-34"/>
      </object_component>
      <object_component id="oc-1f8">
         <name>.text:_GPIO_setControllerCore</name>
         <load_address>0x12b45</load_address>
         <run_address>0x12b45</run_address>
         <size>0x37</size>
         <input_file_ref idref="fl-32"/>
      </object_component>
      <object_component id="oc-1f7">
         <name>.text:_GPIO_setPinConfig</name>
         <load_address>0x12b7c</load_address>
         <run_address>0x12b7c</run_address>
         <size>0x37</size>
         <input_file_ref idref="fl-32"/>
      </object_component>
      <object_component id="oc-1ee">
         <name>.text:_GPIO_setQualificationMode</name>
         <load_address>0x12bb3</load_address>
         <run_address>0x12bb3</run_address>
         <size>0x37</size>
         <input_file_ref idref="fl-32"/>
      </object_component>
      <object_component id="oc-1e1">
         <name>.text:_Interrupt_enable</name>
         <load_address>0x12bea</load_address>
         <run_address>0x12bea</run_address>
         <size>0x37</size>
         <input_file_ref idref="fl-33"/>
      </object_component>
      <object_component id="oc-1ef">
         <name>.text:_GPIO_setInterruptPin</name>
         <load_address>0x12c21</load_address>
         <run_address>0x12c21</run_address>
         <size>0x34</size>
         <input_file_ref idref="fl-32"/>
      </object_component>
      <object_component id="oc-1ec">
         <name>.text:_GPIO_setDirectionMode</name>
         <load_address>0x12c55</load_address>
         <run_address>0x12c55</run_address>
         <size>0x31</size>
         <input_file_ref idref="fl-32"/>
      </object_component>
      <object_component id="oc-1df">
         <name>.text</name>
         <load_address>0x12c86</load_address>
         <run_address>0x12c86</run_address>
         <size>0x29</size>
         <input_file_ref idref="fl-29"/>
      </object_component>
      <object_component id="oc-219">
         <name>.text:_CPUTimer_selectClockSource</name>
         <load_address>0x12caf</load_address>
         <run_address>0x12caf</run_address>
         <size>0x28</size>
         <input_file_ref idref="fl-35"/>
      </object_component>
      <object_component id="oc-1e7">
         <name>.text:_CLA_setTriggerSource</name>
         <load_address>0x12cd7</load_address>
         <run_address>0x12cd7</run_address>
         <size>0x26</size>
         <input_file_ref idref="fl-30"/>
      </object_component>
      <object_component id="oc-1fe">
         <name>.text:_MemCfg_setGSRAMControllerSel</name>
         <load_address>0x12cfd</load_address>
         <run_address>0x12cfd</run_address>
         <size>0x26</size>
         <input_file_ref idref="fl-34"/>
      </object_component>
      <object_component id="oc-1dc">
         <name>.text</name>
         <load_address>0x12d23</load_address>
         <run_address>0x12d23</run_address>
         <size>0x24</size>
         <input_file_ref idref="fl-25"/>
      </object_component>
      <object_component id="oc-21f">
         <name>.text:_CPUTimer_getTimerOverflowStatus</name>
         <load_address>0x12d47</load_address>
         <run_address>0x12d47</run_address>
         <size>0x1f</size>
         <input_file_ref idref="fl-35"/>
      </object_component>
      <object_component id="oc-1e3">
         <name>.text:_Interrupt_initVectorTable</name>
         <load_address>0x12d66</load_address>
         <run_address>0x12d66</run_address>
         <size>0x1e</size>
         <input_file_ref idref="fl-33"/>
      </object_component>
      <object_component id="oc-1f0">
         <name>.text</name>
         <load_address>0x12d84</load_address>
         <run_address>0x12d84</run_address>
         <size>0x1d</size>
         <input_file_ref idref="fl-26"/>
      </object_component>
      <object_component id="oc-21b">
         <name>.text:_CPUTimer_startTimer</name>
         <load_address>0x12da1</load_address>
         <run_address>0x12da1</run_address>
         <size>0x1a</size>
         <input_file_ref idref="fl-35"/>
      </object_component>
      <object_component id="oc-1f6">
         <name>.text:_SysCtl_getLowSpeedClock</name>
         <load_address>0x12dbb</load_address>
         <run_address>0x12dbb</run_address>
         <size>0x1a</size>
         <input_file_ref idref="fl-35"/>
      </object_component>
      <object_component id="oc-21e">
         <name>.text:_CPUTimer_isBaseValid</name>
         <load_address>0x12dd5</load_address>
         <run_address>0x12dd5</run_address>
         <size>0x17</size>
         <input_file_ref idref="fl-35"/>
      </object_component>
      <object_component id="oc-1c3">
         <name>.text:_Interrupt_defaultHandler</name>
         <load_address>0x12dec</load_address>
         <run_address>0x12dec</run_address>
         <size>0x16</size>
         <input_file_ref idref="fl-33"/>
      </object_component>
      <object_component id="oc-20d">
         <name>.text:_XBAR_setInputPin</name>
         <load_address>0x12e02</load_address>
         <run_address>0x12e02</run_address>
         <size>0x16</size>
         <input_file_ref idref="fl-32"/>
      </object_component>
      <object_component id="oc-217">
         <name>.text:_CPUTimer_stopTimer</name>
         <load_address>0x12e18</load_address>
         <run_address>0x12e18</run_address>
         <size>0x14</size>
         <input_file_ref idref="fl-35"/>
      </object_component>
      <object_component id="oc-21a">
         <name>.text:_CPUTimer_clearOverflowFlag</name>
         <load_address>0x12e2c</load_address>
         <run_address>0x12e2c</run_address>
         <size>0x12</size>
         <input_file_ref idref="fl-35"/>
      </object_component>
      <object_component id="oc-216">
         <name>.text:_CPUTimer_disableInterrupt</name>
         <load_address>0x12e3e</load_address>
         <run_address>0x12e3e</run_address>
         <size>0x12</size>
         <input_file_ref idref="fl-35"/>
      </object_component>
      <object_component id="oc-1de">
         <name>.text</name>
         <load_address>0x12e50</load_address>
         <run_address>0x12e50</run_address>
         <size>0x12</size>
         <input_file_ref idref="fl-2b"/>
      </object_component>
      <object_component id="oc-218">
         <name>.text:_CPUTimer_setPeriod</name>
         <load_address>0x12e62</load_address>
         <run_address>0x12e62</run_address>
         <size>0x11</size>
         <input_file_ref idref="fl-35"/>
      </object_component>
      <object_component id="oc-21c">
         <name>.text:_SysCtl_pollCpuTimer</name>
         <load_address>0x12e73</load_address>
         <run_address>0x12e73</run_address>
         <size>0xf</size>
         <input_file_ref idref="fl-35"/>
      </object_component>
      <object_component id="oc-20c">
         <name>.text:_GPIO_isPinValid</name>
         <load_address>0x12e82</load_address>
         <run_address>0x12e82</run_address>
         <size>0xe</size>
         <input_file_ref idref="fl-32"/>
      </object_component>
      <object_component id="oc-1f9">
         <name>.text:_Interrupt_disableGlobal</name>
         <load_address>0x12e90</load_address>
         <run_address>0x12e90</run_address>
         <size>0xd</size>
         <input_file_ref idref="fl-33"/>
      </object_component>
      <object_component id="oc-1fa">
         <name>.text:_Interrupt_enableGlobal</name>
         <load_address>0x12e9d</load_address>
         <run_address>0x12e9d</run_address>
         <size>0xd</size>
         <input_file_ref idref="fl-33"/>
      </object_component>
      <object_component id="oc-210">
         <name>.text:_SysCtl_isMCDClockFailureDetected</name>
         <load_address>0x12eaa</load_address>
         <run_address>0x12eaa</run_address>
         <size>0xb</size>
         <input_file_ref idref="fl-35"/>
      </object_component>
      <object_component id="oc-1c5">
         <name>.text:_Interrupt_nmiHandler</name>
         <load_address>0x12eb5</load_address>
         <run_address>0x12eb5</run_address>
         <size>0xa</size>
         <input_file_ref idref="fl-33"/>
      </object_component>
      <object_component id="oc-212">
         <name>.text:_SysCtl_serviceWatchdog</name>
         <load_address>0x12ebf</load_address>
         <run_address>0x12ebf</run_address>
         <size>0x9</size>
         <input_file_ref idref="fl-35"/>
      </object_component>
      <object_component id="oc-20e">
         <name>.text</name>
         <load_address>0x12ec8</load_address>
         <run_address>0x12ec8</run_address>
         <size>0x9</size>
         <input_file_ref idref="fl-2a"/>
      </object_component>
      <object_component id="oc-165">
         <name>.text</name>
         <load_address>0x12ed1</load_address>
         <run_address>0x12ed1</run_address>
         <size>0x8</size>
         <input_file_ref idref="fl-e"/>
      </object_component>
      <object_component id="oc-21d">
         <name>.text:_SysCtl_resetMCD</name>
         <load_address>0x12ed9</load_address>
         <run_address>0x12ed9</run_address>
         <size>0x7</size>
         <input_file_ref idref="fl-35"/>
      </object_component>
      <object_component id="oc-1db">
         <name>.text</name>
         <load_address>0x12ee0</load_address>
         <run_address>0x12ee0</run_address>
         <size>0x2</size>
         <input_file_ref idref="fl-27"/>
      </object_component>
      <object_component id="oc-202">
         <name>.cinit:_gHrpwmDeadtimeConfig</name>
         <load_address>0x123</load_address>
         <run_address>0x123</run_address>
         <size>0x1b</size>
         <input_file_ref idref="fl-7"/>
      </object_component>
      <object_component id="oc-15f">
         <name>.cinit</name>
         <load_address>0x13e</load_address>
         <run_address>0x13e</run_address>
         <size>0x10</size>
         <input_file_ref idref="fl-d"/>
      </object_component>
      <object_component id="oc-20a">
         <name>.cinit:_ePWM</name>
         <load_address>0x14e</load_address>
         <run_address>0x14e</run_address>
         <size>0xf</size>
         <input_file_ref idref="fl-a"/>
      </object_component>
      <object_component id="oc-16b">
         <name>.cinit</name>
         <load_address>0x15d</load_address>
         <run_address>0x15d</run_address>
         <size>0xf</size>
         <input_file_ref idref="fl-f"/>
      </object_component>
      <object_component id="oc-19a">
         <name>.cinit</name>
         <load_address>0x16c</load_address>
         <run_address>0x16c</run_address>
         <size>0xe</size>
         <input_file_ref idref="fl-29"/>
      </object_component>
      <object_component id="oc-207">
         <name>.cinit:_gAuxInterruptLeadTicks</name>
         <load_address>0x17a</load_address>
         <run_address>0x17a</run_address>
         <size>0x9</size>
         <input_file_ref idref="fl-7"/>
      </object_component>
      <object_component id="oc-126">
         <name>.cinit</name>
         <load_address>0x183</load_address>
         <run_address>0x183</run_address>
         <size>0x9</size>
         <input_file_ref idref="fl-5"/>
      </object_component>
      <object_component id="oc-148">
         <name>.cinit</name>
         <load_address>0x18c</load_address>
         <run_address>0x18c</run_address>
         <size>0x8</size>
         <input_file_ref idref="fl-a"/>
      </object_component>
      <object_component id="oc-1f2">
         <name>.cinit:__lock</name>
         <load_address>0x194</load_address>
         <run_address>0x194</run_address>
         <size>0x5</size>
         <input_file_ref idref="fl-2a"/>
      </object_component>
      <object_component id="oc-20f">
         <name>.cinit:__unlock</name>
         <load_address>0x199</load_address>
         <run_address>0x199</run_address>
         <size>0x5</size>
         <input_file_ref idref="fl-2a"/>
      </object_component>
      <object_component id="oc-1ab">
         <name>.cinit</name>
         <load_address>0x19e</load_address>
         <run_address>0x19e</run_address>
         <size>0x4</size>
         <input_file_ref idref="fl-2f"/>
      </object_component>
      <object_component id="oc-135">
         <name>.cinit</name>
         <load_address>0x1a2</load_address>
         <run_address>0x1a2</run_address>
         <size>0x4</size>
         <input_file_ref idref="fl-7"/>
      </object_component>
      <object_component id="oc-17b">
         <name>.reset</name>
         <load_address>0x3fffc0</load_address>
         <run_address>0x3fffc0</run_address>
         <size>0x2</size>
         <input_file_ref idref="fl-23"/>
      </object_component>
      <object_component id="oc-17a">
         <name>.stack</name>
         <uninitialized>true</uninitialized>
         <run_address>0x400</run_address>
         <size>0x0</size>
         <input_file_ref idref="fl-23"/>
      </object_component>
      <object_component id="oc-2bc">
         <name>.stack</name>
         <uninitialized>true</uninitialized>
         <run_address>0x400</run_address>
         <size>0x0</size>
      </object_component>
      <object_component id="oc-127">
         <name>.ebss</name>
         <uninitialized>true</uninitialized>
         <run_address>0x903c</run_address>
         <size>0x4</size>
         <input_file_ref idref="fl-5"/>
      </object_component>
      <object_component id="oc-136">
         <name>.ebss</name>
         <uninitialized>true</uninitialized>
         <run_address>0x905b</run_address>
         <size>0x1</size>
         <input_file_ref idref="fl-7"/>
      </object_component>
      <object_component id="oc-206">
         <name>.ebss:_gAuxInterruptLeadTicks</name>
         <uninitialized>true</uninitialized>
         <run_address>0x9055</run_address>
         <size>0x6</size>
         <input_file_ref idref="fl-7"/>
      </object_component>
      <object_component id="oc-208">
         <name>.ebss:_appliedLeadTicks$2</name>
         <uninitialized>true</uninitialized>
         <run_address>0x904f</run_address>
         <size>0x6</size>
         <input_file_ref idref="fl-7"/>
      </object_component>
      <object_component id="oc-201">
         <name>.ebss:_gHrpwmDeadtimeConfig</name>
         <uninitialized>true</uninitialized>
         <run_address>0x9018</run_address>
         <size>0x18</size>
         <input_file_ref idref="fl-7"/>
      </object_component>
      <object_component id="oc-204">
         <name>.ebss:_appliedDeadtime$1</name>
         <uninitialized>true</uninitialized>
         <run_address>0x9000</run_address>
         <size>0x18</size>
         <input_file_ref idref="fl-7"/>
      </object_component>
      <object_component id="oc-149">
         <name>.ebss</name>
         <uninitialized>true</uninitialized>
         <run_address>0x9070</run_address>
         <size>0x2</size>
         <input_file_ref idref="fl-a"/>
      </object_component>
      <object_component id="oc-209">
         <name>.ebss:_ePWM</name>
         <uninitialized>true</uninitialized>
         <run_address>0x9030</run_address>
         <size>0xc</size>
         <input_file_ref idref="fl-a"/>
      </object_component>
      <object_component id="oc-160">
         <name>.ebss</name>
         <uninitialized>true</uninitialized>
         <run_address>0x9068</run_address>
         <size>0x4</size>
         <input_file_ref idref="fl-d"/>
      </object_component>
      <object_component id="oc-16c">
         <name>.ebss</name>
         <uninitialized>true</uninitialized>
         <run_address>0x905c</run_address>
         <size>0x6</size>
         <input_file_ref idref="fl-f"/>
      </object_component>
      <object_component id="oc-19b">
         <name>.ebss</name>
         <uninitialized>true</uninitialized>
         <run_address>0x9062</run_address>
         <size>0x6</size>
         <input_file_ref idref="fl-29"/>
      </object_component>
      <object_component id="oc-1f1">
         <name>.ebss:__lock</name>
         <uninitialized>true</uninitialized>
         <run_address>0x906c</run_address>
         <size>0x2</size>
         <input_file_ref idref="fl-2a"/>
      </object_component>
      <object_component id="oc-214">
         <name>.ebss:__unlock</name>
         <uninitialized>true</uninitialized>
         <run_address>0x906e</run_address>
         <size>0x2</size>
         <input_file_ref idref="fl-2a"/>
      </object_component>
      <object_component id="oc-1ac">
         <name>.ebss</name>
         <uninitialized>true</uninitialized>
         <run_address>0x9049</run_address>
         <size>0x6</size>
         <input_file_ref idref="fl-2f"/>
      </object_component>
      <object_component id="oc-20b">
         <name>.ebss:_MEP_SF</name>
         <uninitialized>true</uninitialized>
         <run_address>0x9040</run_address>
         <size>0x9</size>
         <input_file_ref idref="fl-2f"/>
      </object_component>
      <object_component id="oc-13d">
         <name>.econst:.string</name>
         <load_address>0x9800</load_address>
         <run_address>0x9800</run_address>
         <size>0x13c</size>
         <input_file_ref idref="fl-8"/>
      </object_component>
      <object_component id="oc-1d3">
         <name>.econst:.string</name>
         <load_address>0x993c</load_address>
         <run_address>0x993c</run_address>
         <size>0xc2</size>
         <input_file_ref idref="fl-35"/>
      </object_component>
      <object_component id="oc-1b7">
         <name>.econst:.string</name>
         <load_address>0x99fe</load_address>
         <run_address>0x99fe</run_address>
         <size>0xbc</size>
         <input_file_ref idref="fl-31"/>
      </object_component>
      <object_component id="oc-1bd">
         <name>.econst:.string</name>
         <load_address>0x9aba</load_address>
         <run_address>0x9aba</run_address>
         <size>0xbc</size>
         <input_file_ref idref="fl-32"/>
      </object_component>
      <object_component id="oc-137">
         <name>.econst:.string</name>
         <load_address>0x9b76</load_address>
         <run_address>0x9b76</run_address>
         <size>0x7d</size>
         <input_file_ref idref="fl-7"/>
      </object_component>
      <object_component id="oc-1c6">
         <name>.econst:.string</name>
         <load_address>0x9bf4</load_address>
         <run_address>0x9bf4</run_address>
         <size>0x63</size>
         <input_file_ref idref="fl-33"/>
      </object_component>
      <object_component id="oc-1cc">
         <name>.econst:.string</name>
         <load_address>0x9c58</load_address>
         <run_address>0x9c58</run_address>
         <size>0x60</size>
         <input_file_ref idref="fl-34"/>
      </object_component>
      <object_component id="oc-128">
         <name>.econst:.string</name>
         <load_address>0x9cb8</load_address>
         <run_address>0x9cb8</run_address>
         <size>0x3e</size>
         <input_file_ref idref="fl-5"/>
      </object_component>
      <object_component id="oc-12f">
         <name>.econst:.string</name>
         <load_address>0x9cf6</load_address>
         <run_address>0x9cf6</run_address>
         <size>0x3e</size>
         <input_file_ref idref="fl-6"/>
      </object_component>
      <object_component id="oc-14d">
         <name>.econst:.string</name>
         <load_address>0x9d34</load_address>
         <run_address>0x9d34</run_address>
         <size>0x3e</size>
         <input_file_ref idref="fl-a"/>
      </object_component>
      <object_component id="oc-159">
         <name>.econst:.string</name>
         <load_address>0x9d72</load_address>
         <run_address>0x9d72</run_address>
         <size>0x3e</size>
         <input_file_ref idref="fl-c"/>
      </object_component>
      <object_component id="oc-120">
         <name>.econst:.string</name>
         <load_address>0x9db0</load_address>
         <run_address>0x9db0</run_address>
         <size>0x3d</size>
         <input_file_ref idref="fl-4"/>
      </object_component>
      <object_component id="oc-16d">
         <name>.econst:.string</name>
         <load_address>0x9dee</load_address>
         <run_address>0x9dee</run_address>
         <size>0x13</size>
         <input_file_ref idref="fl-f"/>
      </object_component>
      <object_component id="oc-203">
         <name>.econst:_kAuxPhaseShiftDegrees</name>
         <load_address>0x9e02</load_address>
         <run_address>0x9e02</run_address>
         <size>0xc</size>
         <input_file_ref idref="fl-7"/>
      </object_component>
      <object_component id="oc-205">
         <name>.econst:_pwmBaseByChannel$4</name>
         <load_address>0x9e0e</load_address>
         <run_address>0x9e0e</run_address>
         <size>0xc</size>
         <input_file_ref idref="fl-7"/>
      </object_component>
      <object_component id="oc-173">
         <name>Cla1Prog:___claabi_divu</name>
         <load_address>0xa000</load_address>
         <run_address>0xa000</run_address>
         <size>0x4ba</size>
         <input_file_ref idref="fl-22"/>
      </object_component>
      <object_component id="oc-110">
         <name>Cla1Prog:_claUpdateTuningFromPins</name>
         <load_address>0xa4ba</load_address>
         <run_address>0xa4ba</run_address>
         <size>0x33a</size>
         <input_file_ref idref="fl-3"/>
      </object_component>
      <object_component id="oc-112">
         <name>Cla1Prog:_Cla1Task1</name>
         <load_address>0xa7f4</load_address>
         <run_address>0xa7f4</run_address>
         <size>0x196</size>
         <input_file_ref idref="fl-3"/>
      </object_component>
      <object_component id="oc-10e">
         <name>Cla1Prog:_claWriteTunedAuxCmp</name>
         <load_address>0xa98a</load_address>
         <run_address>0xa98a</run_address>
         <size>0x142</size>
         <input_file_ref idref="fl-3"/>
      </object_component>
      <object_component id="oc-108">
         <name>Cla1Prog:_claGetActiveOffset</name>
         <load_address>0xaacc</load_address>
         <run_address>0xaacc</run_address>
         <size>0x4e</size>
         <input_file_ref idref="fl-3"/>
      </object_component>
      <object_component id="oc-10a">
         <name>Cla1Prog:_claGetAuxCmpBaseQ8</name>
         <load_address>0xab1a</load_address>
         <run_address>0xab1a</run_address>
         <size>0x4a</size>
         <input_file_ref idref="fl-3"/>
      </object_component>
      <object_component id="oc-10c">
         <name>Cla1Prog:_claGetAuxPrdBaseQ8</name>
         <load_address>0xab64</load_address>
         <run_address>0xab64</run_address>
         <size>0x4a</size>
         <input_file_ref idref="fl-3"/>
      </object_component>
      <object_component id="oc-114">
         <name>Cla1Prog:_Cla1Task2</name>
         <load_address>0xabae</load_address>
         <run_address>0xabae</run_address>
         <size>0x14</size>
         <input_file_ref idref="fl-3"/>
      </object_component>
      <object_component id="oc-115">
         <name>Cla1Prog:_Cla1Task3</name>
         <load_address>0xabc2</load_address>
         <run_address>0xabc2</run_address>
         <size>0x14</size>
         <input_file_ref idref="fl-3"/>
      </object_component>
      <object_component id="oc-116">
         <name>Cla1Prog:_Cla1Task4</name>
         <load_address>0xabd6</load_address>
         <run_address>0xabd6</run_address>
         <size>0x8</size>
         <input_file_ref idref="fl-3"/>
      </object_component>
      <object_component id="oc-117">
         <name>Cla1Prog:_Cla1Task5</name>
         <load_address>0xabde</load_address>
         <run_address>0xabde</run_address>
         <size>0x8</size>
         <input_file_ref idref="fl-3"/>
      </object_component>
      <object_component id="oc-118">
         <name>Cla1Prog:_Cla1Task6</name>
         <load_address>0xabe6</load_address>
         <run_address>0xabe6</run_address>
         <size>0x8</size>
         <input_file_ref idref="fl-3"/>
      </object_component>
      <object_component id="oc-119">
         <name>Cla1Prog:_Cla1Task7</name>
         <load_address>0xabee</load_address>
         <run_address>0xabee</run_address>
         <size>0x8</size>
         <input_file_ref idref="fl-3"/>
      </object_component>
      <object_component id="oc-11a">
         <name>Cla1Prog:_Cla1Task8</name>
         <load_address>0xabf6</load_address>
         <run_address>0xabf6</run_address>
         <size>0x8</size>
         <input_file_ref idref="fl-3"/>
      </object_component>
      <object_component id="oc-14a">
         <name>Cla1ToCpuMsgRAM</name>
         <uninitialized>true</uninitialized>
         <run_address>0x1480</run_address>
         <size>0xe</size>
         <input_file_ref idref="fl-a"/>
      </object_component>
      <object_component id="oc-14b">
         <name>CpuToCla1MsgRAM</name>
         <uninitialized>true</uninitialized>
         <run_address>0x1500</run_address>
         <size>0x20</size>
         <input_file_ref idref="fl-a"/>
      </object_component>
      <object_component id="oc-1d2">
         <name>.TI.ramfunc</name>
         <load_address>0x1a8</load_address>
         <run_address>0x1a8</run_address>
         <size>0x4</size>
         <input_file_ref idref="fl-35"/>
      </object_component>
      <object_component id="oc-109">
         <name>.scratchpad:Cla1Prog:_claGetActiveOffset</name>
         <uninitialized>true</uninitialized>
         <run_address>0x8914</run_address>
         <size>0x2</size>
         <input_file_ref idref="fl-3"/>
      </object_component>
      <object_component id="oc-10b">
         <name>.scratchpad:Cla1Prog:_claGetAuxCmpBaseQ8</name>
         <uninitialized>true</uninitialized>
         <run_address>0x8914</run_address>
         <size>0x2</size>
         <input_file_ref idref="fl-3"/>
      </object_component>
      <object_component id="oc-10d">
         <name>.scratchpad:Cla1Prog:_claGetAuxPrdBaseQ8</name>
         <uninitialized>true</uninitialized>
         <run_address>0x8914</run_address>
         <size>0x2</size>
         <input_file_ref idref="fl-3"/>
      </object_component>
      <object_component id="oc-10f">
         <name>.scratchpad:Cla1Prog:_claWriteTunedAuxCmp</name>
         <uninitialized>true</uninitialized>
         <run_address>0x8900</run_address>
         <size>0x14</size>
         <input_file_ref idref="fl-3"/>
      </object_component>
      <object_component id="oc-111">
         <name>.scratchpad:Cla1Prog:_claUpdateTuningFromPins</name>
         <uninitialized>true</uninitialized>
         <run_address>0x8922</run_address>
         <size>0xe</size>
         <input_file_ref idref="fl-3"/>
      </object_component>
      <object_component id="oc-113">
         <name>.scratchpad:Cla1Prog:_Cla1Task1</name>
         <uninitialized>true</uninitialized>
         <run_address>0x8922</run_address>
         <size>0x6</size>
         <input_file_ref idref="fl-3"/>
      </object_component>
      <object_component id="oc-174">
         <name>.scratchpad:Cla1Prog:___claabi_divu</name>
         <uninitialized>true</uninitialized>
         <run_address>0x8914</run_address>
         <size>0xe</size>
         <input_file_ref idref="fl-22"/>
      </object_component>
      <object_component id="oc-105">
         <name>PieVectTableFile</name>
         <uninitialized>true</uninitialized>
         <run_address>0xd00</run_address>
         <size>0x1c0</size>
         <input_file_ref idref="fl-2"/>
      </object_component>
      <object_component id="oc-d5">
         <name>AccessProtectionRegsFile</name>
         <uninitialized>true</uninitialized>
         <run_address>0x5f4c0</run_address>
         <size>0x2e</size>
         <input_file_ref idref="fl-2"/>
      </object_component>
      <object_component id="oc-ea">
         <name>AdcaRegsFile</name>
         <uninitialized>true</uninitialized>
         <run_address>0x7400</run_address>
         <size>0x7c</size>
         <input_file_ref idref="fl-2"/>
      </object_component>
      <object_component id="oc-eb">
         <name>AdcbRegsFile</name>
         <uninitialized>true</uninitialized>
         <run_address>0x7480</run_address>
         <size>0x7c</size>
         <input_file_ref idref="fl-2"/>
      </object_component>
      <object_component id="oc-ec">
         <name>AdccRegsFile</name>
         <uninitialized>true</uninitialized>
         <run_address>0x7500</run_address>
         <size>0x7c</size>
         <input_file_ref idref="fl-2"/>
      </object_component>
      <object_component id="oc-ed">
         <name>AdcdRegsFile</name>
         <uninitialized>true</uninitialized>
         <run_address>0x7580</run_address>
         <size>0x7c</size>
         <input_file_ref idref="fl-2"/>
      </object_component>
      <object_component id="oc-b2">
         <name>AdcaResultRegsFile</name>
         <uninitialized>true</uninitialized>
         <run_address>0xb00</run_address>
         <size>0x18</size>
         <input_file_ref idref="fl-2"/>
      </object_component>
      <object_component id="oc-b3">
         <name>AdcbResultRegsFile</name>
         <uninitialized>true</uninitialized>
         <run_address>0xb20</run_address>
         <size>0x18</size>
         <input_file_ref idref="fl-2"/>
      </object_component>
      <object_component id="oc-b4">
         <name>AdccResultRegsFile</name>
         <uninitialized>true</uninitialized>
         <run_address>0xb40</run_address>
         <size>0x18</size>
         <input_file_ref idref="fl-2"/>
      </object_component>
      <object_component id="oc-b5">
         <name>AdcdResultRegsFile</name>
         <uninitialized>true</uninitialized>
         <run_address>0xb60</run_address>
         <size>0x18</size>
         <input_file_ref idref="fl-2"/>
      </object_component>
      <object_component id="oc-d9">
         <name>AnalogSubsysRegsFile</name>
         <uninitialized>true</uninitialized>
         <run_address>0x5d180</run_address>
         <size>0x3e</size>
         <input_file_ref idref="fl-2"/>
      </object_component>
      <object_component id="oc-101">
         <name>CanaRegsFile</name>
         <uninitialized>true</uninitialized>
         <run_address>0x48000</run_address>
         <size>0x164</size>
         <input_file_ref idref="fl-2"/>
      </object_component>
      <object_component id="oc-102">
         <name>CanbRegsFile</name>
         <uninitialized>true</uninitialized>
         <run_address>0x4a000</run_address>
         <size>0x164</size>
         <input_file_ref idref="fl-2"/>
      </object_component>
      <object_component id="oc-da">
         <name>Cla1RegsFile</name>
         <uninitialized>true</uninitialized>
         <run_address>0x1400</run_address>
         <size>0x3e</size>
         <input_file_ref idref="fl-2"/>
      </object_component>
      <object_component id="oc-fc">
         <name>Clb1DataExchRegsFile</name>
         <uninitialized>true</uninitialized>
         <run_address>0x3200</run_address>
         <size>0x108</size>
         <input_file_ref idref="fl-2"/>
      </object_component>
      <object_component id="oc-fd">
         <name>Clb2DataExchRegsFile</name>
         <uninitialized>true</uninitialized>
         <run_address>0x3600</run_address>
         <size>0x108</size>
         <input_file_ref idref="fl-2"/>
      </object_component>
      <object_component id="oc-fe">
         <name>Clb3DataExchRegsFile</name>
         <uninitialized>true</uninitialized>
         <run_address>0x3a00</run_address>
         <size>0x108</size>
         <input_file_ref idref="fl-2"/>
      </object_component>
      <object_component id="oc-ff">
         <name>Clb4DataExchRegsFile</name>
         <uninitialized>true</uninitialized>
         <run_address>0x3e00</run_address>
         <size>0x108</size>
         <input_file_ref idref="fl-2"/>
      </object_component>
      <object_component id="oc-db">
         <name>Clb1LogicCfgRegsFile</name>
         <uninitialized>true</uninitialized>
         <run_address>0x3000</run_address>
         <size>0x3e</size>
         <input_file_ref idref="fl-2"/>
      </object_component>
      <object_component id="oc-dc">
         <name>Clb2LogicCfgRegsFile</name>
         <uninitialized>true</uninitialized>
         <run_address>0x3400</run_address>
         <size>0x3e</size>
         <input_file_ref idref="fl-2"/>
      </object_component>
      <object_component id="oc-dd">
         <name>Clb3LogicCfgRegsFile</name>
         <uninitialized>true</uninitialized>
         <run_address>0x3800</run_address>
         <size>0x3e</size>
         <input_file_ref idref="fl-2"/>
      </object_component>
      <object_component id="oc-de">
         <name>Clb4LogicCfgRegsFile</name>
         <uninitialized>true</uninitialized>
         <run_address>0x3c00</run_address>
         <size>0x3e</size>
         <input_file_ref idref="fl-2"/>
      </object_component>
      <object_component id="oc-df">
         <name>Clb1LogicCtrlRegsFile</name>
         <uninitialized>true</uninitialized>
         <run_address>0x3100</run_address>
         <size>0x40</size>
         <input_file_ref idref="fl-2"/>
      </object_component>
      <object_component id="oc-e0">
         <name>Clb2LogicCtrlRegsFile</name>
         <uninitialized>true</uninitialized>
         <run_address>0x3500</run_address>
         <size>0x40</size>
         <input_file_ref idref="fl-2"/>
      </object_component>
      <object_component id="oc-e1">
         <name>Clb3LogicCtrlRegsFile</name>
         <uninitialized>true</uninitialized>
         <run_address>0x3900</run_address>
         <size>0x40</size>
         <input_file_ref idref="fl-2"/>
      </object_component>
      <object_component id="oc-e2">
         <name>Clb4LogicCtrlRegsFile</name>
         <uninitialized>true</uninitialized>
         <run_address>0x3d00</run_address>
         <size>0x40</size>
         <input_file_ref idref="fl-2"/>
      </object_component>
      <object_component id="oc-e3">
         <name>ClbXbarRegsFile</name>
         <uninitialized>true</uninitialized>
         <run_address>0x7a40</run_address>
         <size>0x40</size>
         <input_file_ref idref="fl-2"/>
      </object_component>
      <object_component id="oc-d7">
         <name>ClkCfgRegsFile</name>
         <uninitialized>true</uninitialized>
         <run_address>0x5d200</run_address>
         <size>0x32</size>
         <input_file_ref idref="fl-2"/>
      </object_component>
      <object_component id="oc-be">
         <name>Cmpss1RegsFile</name>
         <uninitialized>true</uninitialized>
         <run_address>0x5c80</run_address>
         <size>0x1b</size>
         <input_file_ref idref="fl-2"/>
      </object_component>
      <object_component id="oc-bf">
         <name>Cmpss2RegsFile</name>
         <uninitialized>true</uninitialized>
         <run_address>0x5ca0</run_address>
         <size>0x1b</size>
         <input_file_ref idref="fl-2"/>
      </object_component>
      <object_component id="oc-c0">
         <name>Cmpss3RegsFile</name>
         <uninitialized>true</uninitialized>
         <run_address>0x5cc0</run_address>
         <size>0x1b</size>
         <input_file_ref idref="fl-2"/>
      </object_component>
      <object_component id="oc-c1">
         <name>Cmpss4RegsFile</name>
         <uninitialized>true</uninitialized>
         <run_address>0x5ce0</run_address>
         <size>0x1b</size>
         <input_file_ref idref="fl-2"/>
      </object_component>
      <object_component id="oc-c2">
         <name>Cmpss5RegsFile</name>
         <uninitialized>true</uninitialized>
         <run_address>0x5d00</run_address>
         <size>0x1b</size>
         <input_file_ref idref="fl-2"/>
      </object_component>
      <object_component id="oc-c3">
         <name>Cmpss6RegsFile</name>
         <uninitialized>true</uninitialized>
         <run_address>0x5d20</run_address>
         <size>0x1b</size>
         <input_file_ref idref="fl-2"/>
      </object_component>
      <object_component id="oc-c4">
         <name>Cmpss7RegsFile</name>
         <uninitialized>true</uninitialized>
         <run_address>0x5d40</run_address>
         <size>0x1b</size>
         <input_file_ref idref="fl-2"/>
      </object_component>
      <object_component id="oc-c5">
         <name>Cmpss8RegsFile</name>
         <uninitialized>true</uninitialized>
         <run_address>0x5d60</run_address>
         <size>0x1b</size>
         <input_file_ref idref="fl-2"/>
      </object_component>
      <object_component id="oc-a3">
         <name>CpuTimer0RegsFile</name>
         <uninitialized>true</uninitialized>
         <run_address>0xc00</run_address>
         <size>0x8</size>
         <input_file_ref idref="fl-2"/>
      </object_component>
      <object_component id="oc-a4">
         <name>CpuTimer1RegsFile</name>
         <uninitialized>true</uninitialized>
         <run_address>0xc08</run_address>
         <size>0x8</size>
         <input_file_ref idref="fl-2"/>
      </object_component>
      <object_component id="oc-a5">
         <name>CpuTimer2RegsFile</name>
         <uninitialized>true</uninitialized>
         <run_address>0xc10</run_address>
         <size>0x8</size>
         <input_file_ref idref="fl-2"/>
      </object_component>
      <object_component id="oc-ee">
         <name>CpuSysRegsFile</name>
         <uninitialized>true</uninitialized>
         <run_address>0x5d300</run_address>
         <size>0x82</size>
         <input_file_ref idref="fl-2"/>
      </object_component>
      <object_component id="oc-9f">
         <name>DacaRegsFile</name>
         <uninitialized>true</uninitialized>
         <run_address>0x5c00</run_address>
         <size>0x7</size>
         <input_file_ref idref="fl-2"/>
      </object_component>
      <object_component id="oc-a0">
         <name>DacbRegsFile</name>
         <uninitialized>true</uninitialized>
         <run_address>0x5c10</run_address>
         <size>0x7</size>
         <input_file_ref idref="fl-2"/>
      </object_component>
      <object_component id="oc-a1">
         <name>DaccRegsFile</name>
         <uninitialized>true</uninitialized>
         <run_address>0x5c20</run_address>
         <size>0x7</size>
         <input_file_ref idref="fl-2"/>
      </object_component>
      <object_component id="oc-9d">
         <name>DcsmCommonRegsFile</name>
         <uninitialized>true</uninitialized>
         <run_address>0x5f070</run_address>
         <size>0x6</size>
         <input_file_ref idref="fl-2"/>
      </object_component>
      <object_component id="oc-c7">
         <name>DcsmZ1RegsFile</name>
         <uninitialized>true</uninitialized>
         <run_address>0x5f000</run_address>
         <size>0x22</size>
         <input_file_ref idref="fl-2"/>
      </object_component>
      <object_component id="oc-c8">
         <name>DcsmZ2RegsFile</name>
         <uninitialized>true</uninitialized>
         <run_address>0x5f040</run_address>
         <size>0x22</size>
         <input_file_ref idref="fl-2"/>
      </object_component>
      <object_component id="oc-100">
         <name>DevCfgRegsFile</name>
         <uninitialized>true</uninitialized>
         <run_address>0x5d000</run_address>
         <size>0x12e</size>
         <input_file_ref idref="fl-2"/>
      </object_component>
      <object_component id="oc-b6">
         <name>DmaClaSrcSelRegsFile</name>
         <uninitialized>true</uninitialized>
         <run_address>0x7980</run_address>
         <size>0x1a</size>
         <input_file_ref idref="fl-2"/>
      </object_component>
      <object_component id="oc-ef">
         <name>DmaRegsFile</name>
         <uninitialized>true</uninitialized>
         <run_address>0x1000</run_address>
         <size>0xe0</size>
         <input_file_ref idref="fl-2"/>
      </object_component>
      <object_component id="oc-b7">
         <name>ECap1RegsFile</name>
         <uninitialized>true</uninitialized>
         <run_address>0x5000</run_address>
         <size>0x1a</size>
         <input_file_ref idref="fl-2"/>
      </object_component>
      <object_component id="oc-b8">
         <name>ECap2RegsFile</name>
         <uninitialized>true</uninitialized>
         <run_address>0x5020</run_address>
         <size>0x1a</size>
         <input_file_ref idref="fl-2"/>
      </object_component>
      <object_component id="oc-b9">
         <name>ECap3RegsFile</name>
         <uninitialized>true</uninitialized>
         <run_address>0x5040</run_address>
         <size>0x1a</size>
         <input_file_ref idref="fl-2"/>
      </object_component>
      <object_component id="oc-ba">
         <name>ECap4RegsFile</name>
         <uninitialized>true</uninitialized>
         <run_address>0x5060</run_address>
         <size>0x1a</size>
         <input_file_ref idref="fl-2"/>
      </object_component>
      <object_component id="oc-bb">
         <name>ECap5RegsFile</name>
         <uninitialized>true</uninitialized>
         <run_address>0x5080</run_address>
         <size>0x1a</size>
         <input_file_ref idref="fl-2"/>
      </object_component>
      <object_component id="oc-bc">
         <name>ECap6RegsFile</name>
         <uninitialized>true</uninitialized>
         <run_address>0x50a0</run_address>
         <size>0x1a</size>
         <input_file_ref idref="fl-2"/>
      </object_component>
      <object_component id="oc-a6">
         <name>Emif1ConfigRegsFile</name>
         <uninitialized>true</uninitialized>
         <run_address>0x5f480</run_address>
         <size>0xa</size>
         <input_file_ref idref="fl-2"/>
      </object_component>
      <object_component id="oc-a7">
         <name>Emif2ConfigRegsFile</name>
         <uninitialized>true</uninitialized>
         <run_address>0x5f4a0</run_address>
         <size>0xa</size>
         <input_file_ref idref="fl-2"/>
      </object_component>
      <object_component id="oc-d1">
         <name>Emif1RegsFile</name>
         <uninitialized>true</uninitialized>
         <run_address>0x47000</run_address>
         <size>0x28</size>
         <input_file_ref idref="fl-2"/>
      </object_component>
      <object_component id="oc-d2">
         <name>Emif2RegsFile</name>
         <uninitialized>true</uninitialized>
         <run_address>0x47800</run_address>
         <size>0x28</size>
         <input_file_ref idref="fl-2"/>
      </object_component>
      <object_component id="oc-f0">
         <name>EPwm1RegsFile</name>
         <uninitialized>true</uninitialized>
         <run_address>0x4000</run_address>
         <size>0x100</size>
         <input_file_ref idref="fl-2"/>
      </object_component>
      <object_component id="oc-f1">
         <name>EPwm2RegsFile</name>
         <uninitialized>true</uninitialized>
         <run_address>0x4100</run_address>
         <size>0x100</size>
         <input_file_ref idref="fl-2"/>
      </object_component>
      <object_component id="oc-f2">
         <name>EPwm3RegsFile</name>
         <uninitialized>true</uninitialized>
         <run_address>0x4200</run_address>
         <size>0x100</size>
         <input_file_ref idref="fl-2"/>
      </object_component>
      <object_component id="oc-f3">
         <name>EPwm4RegsFile</name>
         <uninitialized>true</uninitialized>
         <run_address>0x4300</run_address>
         <size>0x100</size>
         <input_file_ref idref="fl-2"/>
      </object_component>
      <object_component id="oc-f4">
         <name>EPwm5RegsFile</name>
         <uninitialized>true</uninitialized>
         <run_address>0x4400</run_address>
         <size>0x100</size>
         <input_file_ref idref="fl-2"/>
      </object_component>
      <object_component id="oc-f5">
         <name>EPwm6RegsFile</name>
         <uninitialized>true</uninitialized>
         <run_address>0x4500</run_address>
         <size>0x100</size>
         <input_file_ref idref="fl-2"/>
      </object_component>
      <object_component id="oc-f6">
         <name>EPwm7RegsFile</name>
         <uninitialized>true</uninitialized>
         <run_address>0x4600</run_address>
         <size>0x100</size>
         <input_file_ref idref="fl-2"/>
      </object_component>
      <object_component id="oc-f7">
         <name>EPwm8RegsFile</name>
         <uninitialized>true</uninitialized>
         <run_address>0x4700</run_address>
         <size>0x100</size>
         <input_file_ref idref="fl-2"/>
      </object_component>
      <object_component id="oc-f8">
         <name>EPwm9RegsFile</name>
         <uninitialized>true</uninitialized>
         <run_address>0x4800</run_address>
         <size>0x100</size>
         <input_file_ref idref="fl-2"/>
      </object_component>
      <object_component id="oc-f9">
         <name>EPwm10RegsFile</name>
         <uninitialized>true</uninitialized>
         <run_address>0x4900</run_address>
         <size>0x100</size>
         <input_file_ref idref="fl-2"/>
      </object_component>
      <object_component id="oc-fa">
         <name>EPwm11RegsFile</name>
         <uninitialized>true</uninitialized>
         <run_address>0x4a00</run_address>
         <size>0x100</size>
         <input_file_ref idref="fl-2"/>
      </object_component>
      <object_component id="oc-fb">
         <name>EPwm12RegsFile</name>
         <uninitialized>true</uninitialized>
         <run_address>0x4b00</run_address>
         <size>0x100</size>
         <input_file_ref idref="fl-2"/>
      </object_component>
      <object_component id="oc-e4">
         <name>EPwmXbarRegsFile</name>
         <uninitialized>true</uninitialized>
         <run_address>0x7a00</run_address>
         <size>0x40</size>
         <input_file_ref idref="fl-2"/>
      </object_component>
      <object_component id="oc-c9">
         <name>EQep1RegsFile</name>
         <uninitialized>true</uninitialized>
         <run_address>0x5100</run_address>
         <size>0x22</size>
         <input_file_ref idref="fl-2"/>
      </object_component>
      <object_component id="oc-ca">
         <name>EQep2RegsFile</name>
         <uninitialized>true</uninitialized>
         <run_address>0x5140</run_address>
         <size>0x22</size>
         <input_file_ref idref="fl-2"/>
      </object_component>
      <object_component id="oc-cb">
         <name>EQep3RegsFile</name>
         <uninitialized>true</uninitialized>
         <run_address>0x5180</run_address>
         <size>0x22</size>
         <input_file_ref idref="fl-2"/>
      </object_component>
      <object_component id="oc-104">
         <name>Flash0CtrlRegsFile</name>
         <uninitialized>true</uninitialized>
         <run_address>0x5f800</run_address>
         <size>0x182</size>
         <input_file_ref idref="fl-2"/>
      </object_component>
      <object_component id="oc-d3">
         <name>Flash0EccRegsFile</name>
         <uninitialized>true</uninitialized>
         <run_address>0x5fb00</run_address>
         <size>0x28</size>
         <input_file_ref idref="fl-2"/>
      </object_component>
      <object_component id="oc-9a">
         <name>FlashPumpSemaphoreRegsFile</name>
         <uninitialized>true</uninitialized>
         <run_address>0x50024</run_address>
         <size>0x2</size>
         <input_file_ref idref="fl-2"/>
      </object_component>
      <object_component id="oc-103">
         <name>GpioCtrlRegsFile</name>
         <uninitialized>true</uninitialized>
         <run_address>0x7c00</run_address>
         <size>0x180</size>
         <input_file_ref idref="fl-2"/>
      </object_component>
      <object_component id="oc-d6">
         <name>GpioDataRegsFile</name>
         <uninitialized>true</uninitialized>
         <run_address>0x7f00</run_address>
         <size>0x30</size>
         <input_file_ref idref="fl-2"/>
      </object_component>
      <object_component id="oc-cc">
         <name>I2caRegsFile</name>
         <uninitialized>true</uninitialized>
         <run_address>0x7300</run_address>
         <size>0x22</size>
         <input_file_ref idref="fl-2"/>
      </object_component>
      <object_component id="oc-cd">
         <name>I2cbRegsFile</name>
         <uninitialized>true</uninitialized>
         <run_address>0x7340</run_address>
         <size>0x22</size>
         <input_file_ref idref="fl-2"/>
      </object_component>
      <object_component id="oc-c6">
         <name>InputXbarRegsFile</name>
         <uninitialized>true</uninitialized>
         <run_address>0x7900</run_address>
         <size>0x20</size>
         <input_file_ref idref="fl-2"/>
      </object_component>
      <object_component id="oc-ce">
         <name>IpcRegsFile</name>
         <uninitialized>true</uninitialized>
         <run_address>0x50000</run_address>
         <size>0x24</size>
         <input_file_ref idref="fl-2"/>
      </object_component>
      <object_component id="oc-d8">
         <name>MemoryErrorRegsFile</name>
         <uninitialized>true</uninitialized>
         <run_address>0x5f500</run_address>
         <size>0x3a</size>
         <input_file_ref idref="fl-2"/>
      </object_component>
      <object_component id="oc-e9">
         <name>MemCfgRegsFile</name>
         <uninitialized>true</uninitialized>
         <run_address>0x5f400</run_address>
         <size>0x76</size>
         <input_file_ref idref="fl-2"/>
      </object_component>
      <object_component id="oc-cf">
         <name>McbspaRegsFile</name>
         <uninitialized>true</uninitialized>
         <run_address>0x6000</run_address>
         <size>0x24</size>
         <input_file_ref idref="fl-2"/>
      </object_component>
      <object_component id="oc-d0">
         <name>McbspbRegsFile</name>
         <uninitialized>true</uninitialized>
         <run_address>0x6040</run_address>
         <size>0x24</size>
         <input_file_ref idref="fl-2"/>
      </object_component>
      <object_component id="oc-a2">
         <name>NmiIntruptRegsFile</name>
         <uninitialized>true</uninitialized>
         <run_address>0x7060</run_address>
         <size>0x7</size>
         <input_file_ref idref="fl-2"/>
      </object_component>
      <object_component id="oc-e5">
         <name>OutputXbarRegsFile</name>
         <uninitialized>true</uninitialized>
         <run_address>0x7a80</run_address>
         <size>0x40</size>
         <input_file_ref idref="fl-2"/>
      </object_component>
      <object_component id="oc-bd">
         <name>PieCtrlRegsFile</name>
         <uninitialized>true</uninitialized>
         <run_address>0xce0</run_address>
         <size>0x1a</size>
         <input_file_ref idref="fl-2"/>
      </object_component>
      <object_component id="oc-9b">
         <name>RomPrefetchRegsFile</name>
         <uninitialized>true</uninitialized>
         <run_address>0x5e608</run_address>
         <size>0x2</size>
         <input_file_ref idref="fl-2"/>
      </object_component>
      <object_component id="oc-9c">
         <name>RomWaitStateRegsFile</name>
         <uninitialized>true</uninitialized>
         <run_address>0x5f540</run_address>
         <size>0x2</size>
         <input_file_ref idref="fl-2"/>
      </object_component>
      <object_component id="oc-aa">
         <name>SciaRegsFile</name>
         <uninitialized>true</uninitialized>
         <run_address>0x7200</run_address>
         <size>0x10</size>
         <input_file_ref idref="fl-2"/>
      </object_component>
      <object_component id="oc-ab">
         <name>ScibRegsFile</name>
         <uninitialized>true</uninitialized>
         <run_address>0x7210</run_address>
         <size>0x10</size>
         <input_file_ref idref="fl-2"/>
      </object_component>
      <object_component id="oc-ac">
         <name>ScicRegsFile</name>
         <uninitialized>true</uninitialized>
         <run_address>0x7220</run_address>
         <size>0x10</size>
         <input_file_ref idref="fl-2"/>
      </object_component>
      <object_component id="oc-ad">
         <name>ScidRegsFile</name>
         <uninitialized>true</uninitialized>
         <run_address>0x7230</run_address>
         <size>0x10</size>
         <input_file_ref idref="fl-2"/>
      </object_component>
      <object_component id="oc-e6">
         <name>Sdfm1RegsFile</name>
         <uninitialized>true</uninitialized>
         <run_address>0x5e00</run_address>
         <size>0x48</size>
         <input_file_ref idref="fl-2"/>
      </object_component>
      <object_component id="oc-e7">
         <name>Sdfm2RegsFile</name>
         <uninitialized>true</uninitialized>
         <run_address>0x5e80</run_address>
         <size>0x48</size>
         <input_file_ref idref="fl-2"/>
      </object_component>
      <object_component id="oc-ae">
         <name>SpiaRegsFile</name>
         <uninitialized>true</uninitialized>
         <run_address>0x6100</run_address>
         <size>0x10</size>
         <input_file_ref idref="fl-2"/>
      </object_component>
      <object_component id="oc-af">
         <name>SpibRegsFile</name>
         <uninitialized>true</uninitialized>
         <run_address>0x6110</run_address>
         <size>0x10</size>
         <input_file_ref idref="fl-2"/>
      </object_component>
      <object_component id="oc-b0">
         <name>SpicRegsFile</name>
         <uninitialized>true</uninitialized>
         <run_address>0x6120</run_address>
         <size>0x10</size>
         <input_file_ref idref="fl-2"/>
      </object_component>
      <object_component id="oc-9e">
         <name>SyncSocRegsFile</name>
         <uninitialized>true</uninitialized>
         <run_address>0x7940</run_address>
         <size>0x6</size>
         <input_file_ref idref="fl-2"/>
      </object_component>
      <object_component id="oc-e8">
         <name>UppRegsFile</name>
         <uninitialized>true</uninitialized>
         <run_address>0x6200</run_address>
         <size>0x48</size>
         <input_file_ref idref="fl-2"/>
      </object_component>
      <object_component id="oc-d4">
         <name>WdRegsFile</name>
         <uninitialized>true</uninitialized>
         <run_address>0x7000</run_address>
         <size>0x2b</size>
         <input_file_ref idref="fl-2"/>
      </object_component>
      <object_component id="oc-b1">
         <name>UidRegsFile</name>
         <uninitialized>true</uninitialized>
         <run_address>0x703c0</run_address>
         <size>0x10</size>
         <input_file_ref idref="fl-2"/>
      </object_component>
      <object_component id="oc-a9">
         <name>XbarRegsFile</name>
         <uninitialized>true</uninitialized>
         <run_address>0x7920</run_address>
         <size>0xe</size>
         <input_file_ref idref="fl-2"/>
      </object_component>
      <object_component id="oc-a8">
         <name>XintRegsFile</name>
         <uninitialized>true</uninitialized>
         <run_address>0x7070</run_address>
         <size>0xb</size>
         <input_file_ref idref="fl-2"/>
      </object_component>
      <object_component id="oc-99">
         <name>.debug_info</name>
         <load_address>0x0</load_address>
         <run_address>0x0</run_address>
         <size>0x57435</size>
         <input_file_ref idref="fl-2"/>
      </object_component>
      <object_component id="oc-107">
         <name>.debug_info</name>
         <load_address>0x57435</load_address>
         <run_address>0x57435</run_address>
         <size>0x104d</size>
         <input_file_ref idref="fl-3"/>
      </object_component>
      <object_component id="oc-11f">
         <name>.debug_info</name>
         <load_address>0x58482</load_address>
         <run_address>0x58482</run_address>
         <size>0xd21</size>
         <input_file_ref idref="fl-4"/>
      </object_component>
      <object_component id="oc-125">
         <name>.debug_info</name>
         <load_address>0x591a3</load_address>
         <run_address>0x591a3</run_address>
         <size>0xbdc</size>
         <input_file_ref idref="fl-5"/>
      </object_component>
      <object_component id="oc-12d">
         <name>.debug_info</name>
         <load_address>0x59d7f</load_address>
         <run_address>0x59d7f</run_address>
         <size>0xaec</size>
         <input_file_ref idref="fl-6"/>
      </object_component>
      <object_component id="oc-134">
         <name>.debug_info</name>
         <load_address>0x5a86b</load_address>
         <run_address>0x5a86b</run_address>
         <size>0x667b</size>
         <input_file_ref idref="fl-7"/>
      </object_component>
      <object_component id="oc-13c">
         <name>.debug_info</name>
         <load_address>0x60ee6</load_address>
         <run_address>0x60ee6</run_address>
         <size>0x9abc</size>
         <input_file_ref idref="fl-8"/>
      </object_component>
      <object_component id="oc-142">
         <name>.debug_info</name>
         <load_address>0x6a9a2</load_address>
         <run_address>0x6a9a2</run_address>
         <size>0x349</size>
         <input_file_ref idref="fl-9"/>
      </object_component>
      <object_component id="oc-147">
         <name>.debug_info</name>
         <load_address>0x6aceb</load_address>
         <run_address>0x6aceb</run_address>
         <size>0x2c1a</size>
         <input_file_ref idref="fl-a"/>
      </object_component>
      <object_component id="oc-152">
         <name>.debug_info</name>
         <load_address>0x6d905</load_address>
         <run_address>0x6d905</run_address>
         <size>0x140e</size>
         <input_file_ref idref="fl-b"/>
      </object_component>
      <object_component id="oc-158">
         <name>.debug_info</name>
         <load_address>0x6ed13</load_address>
         <run_address>0x6ed13</run_address>
         <size>0xc55</size>
         <input_file_ref idref="fl-c"/>
      </object_component>
      <object_component id="oc-15e">
         <name>.debug_info</name>
         <load_address>0x6f968</load_address>
         <run_address>0x6f968</run_address>
         <size>0xac0</size>
         <input_file_ref idref="fl-d"/>
      </object_component>
      <object_component id="oc-167">
         <name>.debug_info</name>
         <load_address>0x70428</load_address>
         <run_address>0x70428</run_address>
         <size>0x143</size>
         <input_file_ref idref="fl-e"/>
      </object_component>
      <object_component id="oc-16a">
         <name>.debug_info</name>
         <load_address>0x7056b</load_address>
         <run_address>0x7056b</run_address>
         <size>0x3291</size>
         <input_file_ref idref="fl-f"/>
      </object_component>
      <object_component id="oc-172">
         <name>.debug_info</name>
         <load_address>0x737fc</load_address>
         <run_address>0x737fc</run_address>
         <size>0x3a9</size>
         <input_file_ref idref="fl-22"/>
      </object_component>
      <object_component id="oc-17c">
         <name>.debug_info</name>
         <load_address>0x73ba5</load_address>
         <run_address>0x73ba5</run_address>
         <size>0x15b</size>
         <input_file_ref idref="fl-23"/>
      </object_component>
      <object_component id="oc-181">
         <name>.debug_info</name>
         <load_address>0x73d00</load_address>
         <run_address>0x73d00</run_address>
         <size>0xfc</size>
         <input_file_ref idref="fl-24"/>
      </object_component>
      <object_component id="oc-185">
         <name>.debug_info</name>
         <load_address>0x73dfc</load_address>
         <run_address>0x73dfc</run_address>
         <size>0x549</size>
         <input_file_ref idref="fl-25"/>
      </object_component>
      <object_component id="oc-18a">
         <name>.debug_info</name>
         <load_address>0x74345</load_address>
         <run_address>0x74345</run_address>
         <size>0x422</size>
         <input_file_ref idref="fl-26"/>
      </object_component>
      <object_component id="oc-18f">
         <name>.debug_info</name>
         <load_address>0x74767</load_address>
         <run_address>0x74767</run_address>
         <size>0x395</size>
         <input_file_ref idref="fl-27"/>
      </object_component>
      <object_component id="oc-194">
         <name>.debug_info</name>
         <load_address>0x74afc</load_address>
         <run_address>0x74afc</run_address>
         <size>0x392</size>
         <input_file_ref idref="fl-28"/>
      </object_component>
      <object_component id="oc-199">
         <name>.debug_info</name>
         <load_address>0x74e8e</load_address>
         <run_address>0x74e8e</run_address>
         <size>0x52c</size>
         <input_file_ref idref="fl-29"/>
      </object_component>
      <object_component id="oc-1a0">
         <name>.debug_info</name>
         <load_address>0x753ba</load_address>
         <run_address>0x753ba</run_address>
         <size>0x4b4</size>
         <input_file_ref idref="fl-2a"/>
      </object_component>
      <object_component id="oc-1a5">
         <name>.debug_info</name>
         <load_address>0x7586e</load_address>
         <run_address>0x7586e</run_address>
         <size>0x44f</size>
         <input_file_ref idref="fl-2b"/>
      </object_component>
      <object_component id="oc-1aa">
         <name>.debug_info</name>
         <load_address>0x75cbd</load_address>
         <run_address>0x75cbd</run_address>
         <size>0x5aae</size>
         <input_file_ref idref="fl-2f"/>
      </object_component>
      <object_component id="oc-1b1">
         <name>.debug_info</name>
         <load_address>0x7b76b</load_address>
         <run_address>0x7b76b</run_address>
         <size>0xbaf</size>
         <input_file_ref idref="fl-30"/>
      </object_component>
      <object_component id="oc-1b6">
         <name>.debug_info</name>
         <load_address>0x7c31a</load_address>
         <run_address>0x7c31a</run_address>
         <size>0xf87</size>
         <input_file_ref idref="fl-31"/>
      </object_component>
      <object_component id="oc-1bc">
         <name>.debug_info</name>
         <load_address>0x7d2a1</load_address>
         <run_address>0x7d2a1</run_address>
         <size>0x13af</size>
         <input_file_ref idref="fl-32"/>
      </object_component>
      <object_component id="oc-1c2">
         <name>.debug_info</name>
         <load_address>0x7e650</load_address>
         <run_address>0x7e650</run_address>
         <size>0xdf9</size>
         <input_file_ref idref="fl-33"/>
      </object_component>
      <object_component id="oc-1cb">
         <name>.debug_info</name>
         <load_address>0x7f449</load_address>
         <run_address>0x7f449</run_address>
         <size>0xdc7</size>
         <input_file_ref idref="fl-34"/>
      </object_component>
      <object_component id="oc-1d1">
         <name>.debug_info</name>
         <load_address>0x80210</load_address>
         <run_address>0x80210</run_address>
         <size>0x246c</size>
         <input_file_ref idref="fl-35"/>
      </object_component>
      <object_component id="oc-2c1">
         <name>.debug_info</name>
         <load_address>0x8267c</load_address>
         <run_address>0x8267c</run_address>
         <size>0xb2</size>
      </object_component>
      <object_component id="oc-106">
         <name>.debug_abbrev</name>
         <load_address>0x0</load_address>
         <run_address>0x0</run_address>
         <size>0xcb</size>
         <input_file_ref idref="fl-2"/>
      </object_component>
      <object_component id="oc-11d">
         <name>.debug_abbrev</name>
         <load_address>0xcb</load_address>
         <run_address>0xcb</run_address>
         <size>0x14a</size>
         <input_file_ref idref="fl-3"/>
      </object_component>
      <object_component id="oc-123">
         <name>.debug_abbrev</name>
         <load_address>0x215</load_address>
         <run_address>0x215</run_address>
         <size>0x14b</size>
         <input_file_ref idref="fl-4"/>
      </object_component>
      <object_component id="oc-12b">
         <name>.debug_abbrev</name>
         <load_address>0x360</load_address>
         <run_address>0x360</run_address>
         <size>0x158</size>
         <input_file_ref idref="fl-5"/>
      </object_component>
      <object_component id="oc-132">
         <name>.debug_abbrev</name>
         <load_address>0x4b8</load_address>
         <run_address>0x4b8</run_address>
         <size>0x168</size>
         <input_file_ref idref="fl-6"/>
      </object_component>
      <object_component id="oc-13a">
         <name>.debug_abbrev</name>
         <load_address>0x620</load_address>
         <run_address>0x620</run_address>
         <size>0x1cf</size>
         <input_file_ref idref="fl-7"/>
      </object_component>
[...]
      <symbol id="sm-289">
         <name>_I2caRegs</name>
         <value>0x7300</value>
         <object_component_ref idref="oc-cc"/>
      </symbol>
      <symbol id="sm-300">
         <name>_Cla1Task8</name>
         <value>0xabf6</value>
         <object_component_ref idref="oc-11a"/>
      </symbol>
      <symbol id="sm-302">
         <name>_Cla1Task5</name>
         <value>0xabde</value>
         <object_component_ref idref="oc-117"/>
      </symbol>
      <symbol id="sm-304">
         <name>_Cla1Task4</name>
         <value>0xabd6</value>
         <object_component_ref idref="oc-116"/>
      </symbol>
      <symbol id="sm-306">
         <name>_Cla1Task7</name>
         <value>0xabee</value>
         <object_component_ref idref="oc-119"/>
      </symbol>
      <symbol id="sm-308">
         <name>_Cla1Task6</name>
         <value>0xabe6</value>
         <object_component_ref idref="oc-118"/>
      </symbol>
      <symbol id="sm-30a">
         <name>_Cla1Task1</name>
         <value>0xa7f4</value>
         <object_component_ref idref="oc-112"/>
      </symbol>
      <symbol id="sm-30c">
         <name>_Cla1Task3</name>
         <value>0xabc2</value>
         <object_component_ref idref="oc-115"/>
      </symbol>
      <symbol id="sm-30e">
         <name>_Cla1Task2</name>
         <value>0xabae</value>
         <object_component_ref idref="oc-114"/>
      </symbol>
      <symbol id="sm-32e">
         <name>_configureComparatorDACOffsets</name>
         <value>0xbc59</value>
         <object_component_ref idref="oc-1e5"/>
      </symbol>
      <symbol id="sm-350">
         <name>_configureEncoderPins</name>
         <value>0xbcc3</value>
         <object_component_ref idref="oc-1e9"/>
      </symbol>
      <symbol id="sm-352">
         <name>_encoderPollUpdate</name>
         <value>0xbcee</value>
         <object_component_ref idref="oc-1e9"/>
      </symbol>
      <symbol id="sm-354">
         <name>_encoderGetCurrentFreqHz</name>
         <value>0xbd43</value>
         <object_component_ref idref="oc-1e9"/>
      </symbol>
      <symbol id="sm-356">
         <name>_encoderGetCurrentPeriod</name>
         <value>0xbd36</value>
         <object_component_ref idref="oc-1e9"/>
      </symbol>
      <symbol id="sm-358">
         <name>_encoderStepFrequency</name>
         <value>0xbd0f</value>
         <object_component_ref idref="oc-1e9"/>
      </symbol>
      <symbol id="sm-373">
         <name>_configureEPWM2EPWM3Interrupts</name>
         <value>0x11ee5</value>
         <object_component_ref idref="oc-1d8"/>
      </symbol>
      <symbol id="sm-42c">
         <name>_configurePowerStageHRPWMs</name>
         <value>0x127b1</value>
         <object_component_ref idref="oc-1e6"/>
      </symbol>
      <symbol id="sm-42e">
         <name>_gAuxInterruptLeadTicks</name>
         <value>0x9055</value>
         <object_component_ref idref="oc-206"/>
      </symbol>
      <symbol id="sm-42f">
         <name>_precomputePhaseShiftPeriodsForCLA</name>
         <value>0x128c1</value>
         <object_component_ref idref="oc-1e6"/>
      </symbol>
      <symbol id="sm-431">
         <name>_gHrpwmDeadtimeConfig</name>
         <value>0x9018</value>
         <object_component_ref idref="oc-201"/>
      </symbol>
      <symbol id="sm-432">
         <name>_refreshPowerStageHRPWMConfig</name>
         <value>0x12804</value>
         <object_component_ref idref="oc-1e6"/>
      </symbol>
      <symbol id="sm-4a7">
         <name>_myCLA0_init</name>
         <value>0x11556</value>
         <object_component_ref idref="oc-1e4"/>
      </symbol>
      <symbol id="sm-4a9">
         <name>_INTERRUPT_init</name>
         <value>0x11998</value>
         <object_component_ref idref="oc-1e4"/>
      </symbol>
      <symbol id="sm-4ab">
         <name>_SYSCTL_init</name>
         <value>0x11b78</value>
         <object_component_ref idref="oc-1e4"/>
      </symbol>
      <symbol id="sm-4ad">
         <name>_Board_init</name>
         <value>0x114b7</value>
         <object_component_ref idref="oc-1e4"/>
      </symbol>
      <symbol id="sm-4af">
         <name>_PinMux_init</name>
         <value>0x114c8</value>
         <object_component_ref idref="oc-1e4"/>
      </symbol>
      <symbol id="sm-4b1">
         <name>_MEMCFG_init</name>
         <value>0x119f9</value>
         <object_component_ref idref="oc-1e4"/>
      </symbol>
      <symbol id="sm-4b3">
         <name>_SYNC_init</name>
         <value>0x11b5a</value>
         <object_component_ref idref="oc-1e4"/>
      </symbol>
      <symbol id="sm-4b5">
         <name>_EPWM_init</name>
         <value>0x115bb</value>
         <object_component_ref idref="oc-1e4"/>
      </symbol>
      <symbol id="sm-4b7">
         <name>_CLA_init</name>
         <value>0x115b8</value>
         <object_component_ref idref="oc-1e4"/>
      </symbol>
      <symbol id="sm-4f7">
         <name>_main</name>
         <value>0xba8d</value>
         <object_component_ref idref="oc-1d9"/>
      </symbol>
      <symbol id="sm-4f9">
         <name>_status</name>
         <value>0x9070</value>
         <object_component_ref idref="oc-149"/>
      </symbol>
      <symbol id="sm-4fa">
         <name>_MEP_ScaleFactor</name>
         <value>0x9071</value>
         <object_component_ref idref="oc-149"/>
      </symbol>
      <symbol id="sm-4fb">
         <name>_error</name>
         <value>0xbad1</value>
         <object_component_ref idref="oc-1d9"/>
      </symbol>
      <symbol id="sm-4fd">
         <name>_cla1Isr4</name>
         <value>0xb88d</value>
         <object_component_ref idref="oc-14c"/>
      </symbol>
      <symbol id="sm-4ff">
         <name>_cla1Isr5</name>
         <value>0xb8bc</value>
         <object_component_ref idref="oc-14c"/>
      </symbol>
      <symbol id="sm-501">
         <name>_cla1Isr6</name>
         <value>0xb8eb</value>
         <object_component_ref idref="oc-14c"/>
      </symbol>
      <symbol id="sm-503">
         <name>_cla1Isr7</name>
         <value>0xb91a</value>
         <object_component_ref idref="oc-14c"/>
      </symbol>
      <symbol id="sm-505">
         <name>_cla1Isr1</name>
         <value>0xb800</value>
         <object_component_ref idref="oc-14c"/>
      </symbol>
      <symbol id="sm-507">
         <name>_cla1Isr2</name>
         <value>0xb82f</value>
         <object_component_ref idref="oc-14c"/>
      </symbol>
      <symbol id="sm-509">
         <name>_cla1Isr3</name>
         <value>0xb85e</value>
         <object_component_ref idref="oc-14c"/>
      </symbol>
      <symbol id="sm-50b">
         <name>_cla1Isr8</name>
         <value>0xb949</value>
         <object_component_ref idref="oc-14c"/>
      </symbol>
      <symbol id="sm-50d">
         <name>_claToCpuMsg</name>
         <value>0x1480</value>
         <object_component_ref idref="oc-14a"/>
      </symbol>
      <symbol id="sm-50e">
         <name>_ePWM</name>
         <value>0x9030</value>
         <object_component_ref idref="oc-209"/>
      </symbol>
      <symbol id="sm-50f">
         <name>_cpuToClaMsg</name>
         <value>0x1500</value>
         <object_component_ref idref="oc-14b"/>
      </symbol>
      <symbol id="sm-523">
         <name>_configureLagLeadHardwareTriggers</name>
         <value>0xbd75</value>
         <object_component_ref idref="oc-1da"/>
      </symbol>
      <symbol id="sm-525">
         <name>_configureClaTuningTriggers</name>
         <value>0xbdc0</value>
         <object_component_ref idref="oc-1da"/>
      </symbol>
      <symbol id="sm-527">
         <name>_xintLagIsr</name>
         <value>0xbfc6</value>
         <object_component_ref idref="oc-153"/>
      </symbol>
      <symbol id="sm-529">
         <name>_xintLeadIsr</name>
         <value>0xbf8d</value>
         <object_component_ref idref="oc-153"/>
      </symbol>
      <symbol id="sm-54b">
         <name>_spiReferenceInit</name>
         <value>0xbb14</value>
         <object_component_ref idref="oc-1ea"/>
      </symbol>
      <symbol id="sm-54d">
         <name>_spiReferenceSetVoltage</name>
         <value>0xbb8c</value>
         <object_component_ref idref="oc-1ea"/>
      </symbol>
      <symbol id="sm-54f">
         <name>_spiReferenceWriteCode</name>
         <value>0xbb71</value>
         <object_component_ref idref="oc-1ea"/>
      </symbol>
      <symbol id="sm-575">
         <name>_tuningGetVrefBCode</name>
         <value>0xbf85</value>
         <object_component_ref idref="oc-1eb"/>
      </symbol>
      <symbol id="sm-577">
         <name>_tuningTargetsInit</name>
         <value>0xbefe</value>
         <object_component_ref idref="oc-1eb"/>
      </symbol>
      <symbol id="sm-579">
         <name>_tuningApplyStep</name>
         <value>0xbf14</value>
         <object_component_ref idref="oc-1eb"/>
      </symbol>
      <symbol id="sm-57b">
         <name>_gTuningTarget</name>
         <value>0x9068</value>
         <object_component_ref idref="oc-160"/>
      </symbol>
      <symbol id="sm-57c">
         <name>_tuningGetVrefACode</name>
         <value>0xbf81</value>
         <object_component_ref idref="oc-1eb"/>
      </symbol>
      <symbol id="sm-57e">
         <name>_tuningGetAuxDutyOffset</name>
         <value>0xbf89</value>
         <object_component_ref idref="oc-1eb"/>
      </symbol>
      <symbol id="sm-58f">
         <name>code_start</name>
         <value>0x0</value>
         <object_component_ref idref="oc-98"/>
      </symbol>
      <symbol id="sm-5c0">
         <name>_Example_done</name>
         <value>0xb3fe</value>
         <object_component_ref idref="oc-1e0"/>
      </symbol>
      <symbol id="sm-5c2">
         <name>_Example_Fail</name>
         <value>0x9060</value>
         <object_component_ref idref="oc-16c"/>
      </symbol>
      <symbol id="sm-5c3">
         <name>_Device_bootCPU2</name>
         <value>0xb273</value>
         <object_component_ref idref="oc-1e0"/>
      </symbol>
      <symbol id="sm-5c5">
         <name>_Device_initGPIO</name>
         <value>0xb1db</value>
         <object_component_ref idref="oc-1e0"/>
      </symbol>
      <symbol id="sm-5c7">
         <name>_Example_setResultPass</name>
         <value>0xb3f4</value>
         <object_component_ref idref="oc-1e0"/>
      </symbol>
      <symbol id="sm-5c9">
         <name>___error__</name>
         <value>0xb3ed</value>
         <object_component_ref idref="oc-1e0"/>
      </symbol>
      <symbol id="sm-5cb">
         <name>_Example_Result</name>
         <value>0x905c</value>
         <object_component_ref idref="oc-16c"/>
      </symbol>
      <symbol id="sm-5cc">
         <name>_Example_setResultFail</name>
         <value>0xb3f9</value>
         <object_component_ref idref="oc-1e0"/>
      </symbol>
      <symbol id="sm-5ce">
         <name>_Device_enableUnbondedGPIOPullupsFor176Pin</name>
         <value>0xb1fc</value>
         <object_component_ref idref="oc-1e0"/>
      </symbol>
      <symbol id="sm-5d0">
         <name>_Device_enableUnbondedGPIOPullups</name>
         <value>0xb22c</value>
         <object_component_ref idref="oc-1e0"/>
      </symbol>
      <symbol id="sm-5d2">
         <name>_Device_init</name>
         <value>0xb0ae</value>
         <object_component_ref idref="oc-1e0"/>
      </symbol>
      <symbol id="sm-5d4">
         <name>_Example_PassCount</name>
         <value>0x905e</value>
         <object_component_ref idref="oc-16c"/>
      </symbol>
      <symbol id="sm-5d5">
         <name>_Device_enableUnbondedGPIOPullupsFor100Pin</name>
         <value>0xb20f</value>
         <object_component_ref idref="oc-1e0"/>
      </symbol>
      <symbol id="sm-5d7">
         <name>_Device_enableAllPeripherals</name>
         <value>0xb0f0</value>
         <object_component_ref idref="oc-1e0"/>
      </symbol>
      <symbol id="sm-5d9">
         <name>_Device_configureTMXAnalogTrim</name>
         <value>0xb242</value>
         <object_component_ref idref="oc-1e0"/>
      </symbol>
      <symbol id="sm-616">
         <name>___claabi_divu</name>
         <value>0xa000</value>
         <object_component_ref idref="oc-173"/>
      </symbol>
      <symbol id="sm-632">
         <name>_c_int00</name>
         <value>0x12990</value>
         <object_component_ref idref="oc-179"/>
      </symbol>
      <symbol id="sm-633">
         <name>__stack</name>
         <value>0x400</value>
         <object_component_ref idref="oc-17a"/>
      </symbol>
      <symbol id="sm-644">
         <name>FS$$DIV</name>
         <value>0x11dfa</value>
         <object_component_ref idref="oc-180"/>
      </symbol>
      <symbol id="sm-653">
         <name>_copy_in</name>
         <value>0x12d23</value>
         <object_component_ref idref="oc-1dc"/>
      </symbol>
      <symbol id="sm-665">
         <name>_memcpy</name>
         <value>0x12d84</value>
         <object_component_ref idref="oc-1f0"/>
      </symbol>
      <symbol id="sm-672">
         <name>__system_pre_init</name>
         <value>0x12ee0</value>
         <object_component_ref idref="oc-1db"/>
      </symbol>
      <symbol id="sm-680">
         <name>__system_post_cinit</name>
         <value>0xbfff</value>
         <object_component_ref idref="oc-1dd"/>
      </symbol>
      <symbol id="sm-695">
         <name>C$$EXIT</name>
         <value>0x12c86</value>
         <object_component_ref idref="oc-1df"/>
      </symbol>
      <symbol id="sm-696">
         <name>_exit</name>
         <value>0x12c88</value>
         <object_component_ref idref="oc-1df"/>
      </symbol>
      <symbol id="sm-698">
         <name>___TI_cleanup_ptr</name>
         <value>0x9064</value>
         <object_component_ref idref="oc-19b"/>
      </symbol>
      <symbol id="sm-699">
         <name>___TI_enable_exit_profile_output</name>
         <value>0x9062</value>
         <object_component_ref idref="oc-19b"/>
      </symbol>
      <symbol id="sm-69a">
         <name>_abort</name>
         <value>0x12c86</value>
         <object_component_ref idref="oc-1df"/>
      </symbol>
      <symbol id="sm-69c">
         <name>___TI_dtors_ptr</name>
         <value>0x9066</value>
         <object_component_ref idref="oc-19b"/>
      </symbol>
      <symbol id="sm-6b0">
         <name>__unlock</name>
         <value>0x906e</value>
         <object_component_ref idref="oc-214"/>
      </symbol>
      <symbol id="sm-6b1">
         <name>__lock</name>
         <value>0x906c</value>
         <object_component_ref idref="oc-1f1"/>
      </symbol>
      <symbol id="sm-6b2">
         <name>__register_lock</name>
         <value>0x12ecc</value>
         <object_component_ref idref="oc-20e"/>
      </symbol>
      <symbol id="sm-6b4">
         <name>__nop</name>
         <value>0x12ed0</value>
         <object_component_ref idref="oc-20e"/>
      </symbol>
      <symbol id="sm-6b6">
         <name>__register_unlock</name>
         <value>0x12ec8</value>
         <object_component_ref idref="oc-20e"/>
      </symbol>
      <symbol id="sm-6c6">
         <name>__args_main</name>
         <value>0x12e50</value>
         <object_component_ref idref="oc-1de"/>
      </symbol>
      <symbol id="sm-6ee">
         <name>_SFO_CAL</name>
         <value>0x9049</value>
         <object_component_ref idref="oc-1ac"/>
      </symbol>
      <symbol id="sm-6ef">
         <name>_MEP_SF</name>
         <value>0x9040</value>
         <object_component_ref idref="oc-20b"/>
      </symbol>
      <symbol id="sm-6f0">
         <name>_SFO</name>
         <value>0xb608</value>
         <object_component_ref idref="oc-1e8"/>
      </symbol>
      <symbol id="sm-6fe">
         <name>_CLA_setTriggerSource</name>
         <value>0x12cd7</value>
         <object_component_ref idref="oc-1e7"/>
      </symbol>
      <symbol id="sm-715">
         <name>_EPWM_setEmulationMode</name>
         <value>0x11fea</value>
         <object_component_ref idref="oc-200"/>
      </symbol>
      <symbol id="sm-74f">
         <name>_GPIO_setInterruptPin</name>
         <value>0x12c21</value>
         <object_component_ref idref="oc-1ef"/>
      </symbol>
      <symbol id="sm-751">
         <name>_GPIO_setControllerCore</name>
         <value>0x12b45</value>
         <object_component_ref idref="oc-1f8"/>
      </symbol>
      <symbol id="sm-753">
         <name>_GPIO_setPinConfig</name>
         <value>0x12b7c</value>
         <object_component_ref idref="oc-1f7"/>
      </symbol>
      <symbol id="sm-755">
         <name>_GPIO_setDirectionMode</name>
         <value>0x12c55</value>
         <object_component_ref idref="oc-1ec"/>
      </symbol>
      <symbol id="sm-757">
         <name>_GPIO_setQualificationMode</name>
         <value>0x12bb3</value>
         <object_component_ref idref="oc-1ee"/>
      </symbol>
      <symbol id="sm-759">
         <name>_GPIO_setPadConfig</name>
         <value>0x129e6</value>
         <object_component_ref idref="oc-1ed"/>
      </symbol>
      <symbol id="sm-788">
         <name>_Interrupt_illegalOperationHandler</name>
         <value>0xb7f6</value>
         <object_component_ref idref="oc-1c4"/>
      </symbol>
      <symbol id="sm-78a">
         <name>_Interrupt_enable</name>
         <value>0x12bea</value>
         <object_component_ref idref="oc-1e1"/>
      </symbol>
      <symbol id="sm-78c">
         <name>_Interrupt_initVectorTable</name>
         <value>0x12d66</value>
         <object_component_ref idref="oc-1e3"/>
      </symbol>
      <symbol id="sm-78e">
         <name>_Interrupt_initModule</name>
         <value>0xb7b9</value>
         <object_component_ref idref="oc-1e2"/>
      </symbol>
      <symbol id="sm-790">
         <name>_Interrupt_nmiHandler</name>
         <value>0x12eb5</value>
         <object_component_ref idref="oc-1c5"/>
      </symbol>
      <symbol id="sm-792">
         <name>_Interrupt_defaultHandler</name>
         <value>0x12dec</value>
         <object_component_ref idref="oc-1c3"/>
      </symbol>
      <symbol id="sm-7cd">
         <name>_MemCfg_setProtection</name>
         <value>0x11d6f</value>
         <object_component_ref idref="oc-1ff"/>
      </symbol>
      <symbol id="sm-7cf">
         <name>_MemCfg_initSections</name>
         <value>0x11f06</value>
         <object_component_ref idref="oc-1fb"/>
      </symbol>
      <symbol id="sm-7d1">
         <name>_MemCfg_setGSRAMControllerSel</name>
         <value>0x12cfd</value>
         <object_component_ref idref="oc-1fe"/>
      </symbol>
      <symbol id="sm-7d3">
         <name>_MemCfg_setLSRAMControllerSel</name>
         <value>0x12b0c</value>
         <object_component_ref idref="oc-1fd"/>
      </symbol>
      <symbol id="sm-7d5">
         <name>_MemCfg_getInitStatus</name>
         <value>0xbddd</value>
         <object_component_ref idref="oc-1fc"/>
      </symbol>
      <symbol id="sm-85b">
         <name>_SysCtl_selectXTAL</name>
         <value>0xbe6e</value>
         <object_component_ref idref="oc-215"/>
      </symbol>
      <symbol id="sm-85d">
         <name>_SysCtl_delay</name>
         <value>0x1a8</value>
         <object_component_ref idref="oc-1d2"/>
      </symbol>
      <symbol id="sm-85e">
         <name>_SysCtl_selectOscSource</name>
         <value>0x12a89</value>
         <object_component_ref idref="oc-211"/>
      </symbol>
      <symbol id="sm-860">
         <name>_SysCtl_setClock</name>
         <value>0xb3ff</value>
         <object_component_ref idref="oc-1f4"/>
      </symbol>
      <symbol id="sm-862">
         <name>_SysCtl_getLowSpeedClock</name>
         <value>0x12dbb</value>
         <object_component_ref idref="oc-1f6"/>
      </symbol>
      <symbol id="sm-864">
         <name>_SysCtl_getClock</name>
         <value>0x12a38</value>
         <object_component_ref idref="oc-1f5"/>
      </symbol>
      <symbol id="sm-866">
         <name>_SysCtl_getDeviceParametric</name>
         <value>0x11f82</value>
         <object_component_ref idref="oc-1f3"/>
      </symbol>
   </symbol_table>
   <title>Link successful</title>
</link_info>
