******************************************************************************
             TMS320C2000 Linker PC v22.6.3                     
******************************************************************************
>> Linked Tue Mar 10 19:28:51 2026

OUTPUT FILE NAME:   <logturtle_tuning_pm.out>
ENTRY POINT SYMBOL: "code_start"  address: 00000000


MEMORY CONFIGURATION

         name            origin    length      used     unused   attr    fill
----------------------  --------  ---------  --------  --------  ----  --------
PAGE 0:
  BEGIN                 00000000   00000002  00000002  00000000  RWIX
  RAMM0                 00000123   000002dd  00000086  00000257  RWIX
  RAMLS4_5              0000a000   00001000  0000016a  00000e96  RWIX
  RAMD0                 0000b000   00000800  00000800  00000000  RWIX
  RAMD1                 0000b800   00000800  00000800  00000000  RWIX
  RAMGS5                00011000   00001000  00001000  00000000  RWIX
  RAMGS6P0              00012000   00001000  000005a2  00000a5e  RWIX
  RAMGS7P0              00013000   00001000  00000000  00001000  RWIX
  RESET                 003fffc0   00000002  00000000  00000002  RWIX

PAGE 1:
  BOOT_RSVD             00000002   00000121  00000000  00000121  RWIX
  RAMM1                 00000400   000003f8  000003f8  00000000  RWIX
  ADCARESULT            00000b00   00000018  00000018  00000000  RWIX
  ADCBRESULT            00000b20   00000018  00000018  00000000  RWIX
  ADCCRESULT            00000b40   00000018  00000018  00000000  RWIX
  ADCDRESULT            00000b60   00000018  00000018  00000000  RWIX
  CPUTIMER0             00000c00   00000008  00000008  00000000  RWIX
  CPUTIMER1             00000c08   00000008  00000008  00000000  RWIX
  CPUTIMER2             00000c10   00000008  00000008  00000000  RWIX
  PIECTRL               00000ce0   0000001a  0000001a  00000000  RWIX
  PIEVECTTABLE          00000d00   00000200  000001c0  00000040  RWIX
  DMA                   00001000   00000200  000000e0  00000120  RWIX
  CLA1                  00001400   00000080  0000003e  00000042  RWIX
  CLA1_MSGRAMLOW        00001480   00000080  0000000c  00000074  RWIX
  CLA1_MSGRAMHIGH       00001500   00000080  00000010  00000070  RWIX
  EMIF2_CS2n            00002000   00001000  00000000  00001000  RWIX
  CLB1LOGICCFG          00003000   00000052  0000003e  00000014  RWIX
  CLB1LOGICCTRL         00003100   00000040  00000040  00000000  RWIX
  CLB1DATAEXCH          00003200   00000200  00000108  000000f8  RWIX
  CLB2LOGICCFG          00003400   00000052  0000003e  00000014  RWIX
  CLB2LOGICCTRL         00003500   00000040  00000040  00000000  RWIX
  CLB2DATAEXCH          00003600   00000200  00000108  000000f8  RWIX
  CLB3LOGICCFG          00003800   00000052  0000003e  00000014  RWIX
  CLB3LOGICCTRL         00003900   00000040  00000040  00000000  RWIX
  CLB3DATAEXCH          00003a00   00000200  00000108  000000f8  RWIX
  CLB4LOGICCFG          00003c00   00000052  0000003e  00000014  RWIX
  CLB4LOGICCTRL         00003d00   00000040  00000040  00000000  RWIX
  CLB4DATAEXCH          00003e00   00000200  00000108  000000f8  RWIX
  EPWM1                 00004000   00000100  00000100  00000000  RWIX
  EPWM2                 00004100   00000100  00000100  00000000  RWIX
  EPWM3                 00004200   00000100  00000100  00000000  RWIX
  EPWM4                 00004300   00000100  00000100  00000000  RWIX
  EPWM5                 00004400   00000100  00000100  00000000  RWIX
  EPWM6                 00004500   00000100  00000100  00000000  RWIX
  EPWM7                 00004600   00000100  00000100  00000000  RWIX
  EPWM8                 00004700   00000100  00000100  00000000  RWIX
  EPWM9                 00004800   00000100  00000100  00000000  RWIX
  EPWM10                00004900   00000100  00000100  00000000  RWIX
  EPWM11                00004a00   00000100  00000100  00000000  RWIX
  EPWM12                00004b00   00000100  00000100  00000000  RWIX
  ECAP1                 00005000   00000020  0000001a  00000006  RWIX
  ECAP2                 00005020   00000020  0000001a  00000006  RWIX
  ECAP3                 00005040   00000020  0000001a  00000006  RWIX
  ECAP4                 00005060   00000020  0000001a  00000006  RWIX
  ECAP5                 00005080   00000020  0000001a  00000006  RWIX
  ECAP6                 000050a0   00000020  0000001a  00000006  RWIX
  EQEP1                 00005100   00000022  00000022  00000000  RWIX
  EQEP2                 00005140   00000022  00000022  00000000  RWIX
  EQEP3                 00005180   00000022  00000022  00000000  RWIX
  DACA                  00005c00   00000008  00000007  00000001  RWIX
  DACB                  00005c10   00000008  00000007  00000001  RWIX
  DACC                  00005c20   00000008  00000007  00000001  RWIX
  CMPSS1                00005c80   00000020  0000001b  00000005  RWIX
  CMPSS2                00005ca0   00000020  0000001b  00000005  RWIX
  CMPSS3                00005cc0   00000020  0000001b  00000005  RWIX
  CMPSS4                00005ce0   00000020  0000001b  00000005  RWIX
  CMPSS5                00005d00   00000020  0000001b  00000005  RWIX
  CMPSS6                00005d20   00000020  0000001b  00000005  RWIX
  CMPSS7                00005d40   00000020  0000001b  00000005  RWIX
  CMPSS8                00005d60   00000020  0000001b  00000005  RWIX
  SDFM1                 00005e00   00000080  00000048  00000038  RWIX
  SDFM2                 00005e80   00000080  00000048  00000038  RWIX
  MCBSPA                00006000   00000024  00000024  00000000  RWIX
  MCBSPB                00006040   00000024  00000024  00000000  RWIX
  SPIA                  00006100   00000010  00000010  00000000  RWIX
  SPIB                  00006110   00000010  00000010  00000000  RWIX
  SPIC                  00006120   00000010  00000010  00000000  RWIX
  UPP                   00006200   00000048  00000048  00000000  RWIX
  WD                    00007000   0000002b  0000002b  00000000  RWIX
  NMIINTRUPT            00007060   00000007  00000007  00000000  RWIX
  XINT                  00007070   0000000b  0000000b  00000000  RWIX
  SCIA                  00007200   00000010  00000010  00000000  RWIX
  SCIB                  00007210   00000010  00000010  00000000  RWIX
  SCIC                  00007220   00000010  00000010  00000000  RWIX
  SCID                  00007230   00000010  00000010  00000000  RWIX
  I2CA                  00007300   00000022  00000022  00000000  RWIX
  I2CB                  00007340   00000022  00000022  00000000  RWIX
  ADCA                  00007400   00000080  0000007c  00000004  RWIX
  ADCB                  00007480   00000080  0000007c  00000004  RWIX
  ADCC                  00007500   00000080  0000007c  00000004  RWIX
  ADCD                  00007580   00000080  0000007c  00000004  RWIX
  INPUTXBAR             00007900   00000020  00000020  00000000  RWIX
  XBAR                  00007920   00000020  0000000e  00000012  RWIX
  SYNCSOC               00007940   00000006  00000006  00000000  RWIX
  DMACLASRCSEL          00007980   0000001a  0000001a  00000000  RWIX
  EPWMXBAR              00007a00   00000040  00000040  00000000  RWIX
  CLBXBAR               00007a40   00000040  00000040  00000000  RWIX
  OUTPUTXBAR            00007a80   00000040  00000040  00000000  RWIX
  GPIOCTRL              00007c00   00000180  00000180  00000000  RWIX
  GPIODATA              00007f00   00000030  00000030  00000000  RWIX
  RAMLS0                00008000   00000800  00000000  00000800  RWIX
  RAMLS1                00008800   00000800  00000104  000006fc  RWIX
  RAMLS2                00009000   00000800  00000026  000007da  RWIX
  RAMLS3                00009800   00000800  00000509  000002f7  RWIX
  RAMGS0                0000c000   00001000  00000000  00001000  RWIX
  RAMGS1                0000d000   00001000  00000000  00001000  RWIX
  RAMGS2                0000e000   00001000  00000000  00001000  RWIX
  RAMGS3                0000f000   00001000  00000000  00001000  RWIX
  RAMGS4                00010000   00001000  00000000  00001000  RWIX
  RAMGS6                00012000   00001000  00000000  00001000  RWIX
  RAMGS7                00013000   00001000  00000000  00001000  RWIX
  RAMGS8                00014000   00001000  00000000  00001000  RWIX
  RAMGS9                00015000   00001000  00000000  00001000  RWIX
  RAMGS10               00016000   00001000  00000000  00001000  RWIX
  RAMGS11               00017000   00001000  00000000  00001000  RWIX
  RAMGS12               00018000   00001000  00000000  00001000  RWIX
  RAMGS13               00019000   00001000  00000000  00001000  RWIX
  RAMGS14               0001a000   00001000  00000000  00001000  RWIX
  RAMGS15               0001b000   00000ff8  00000000  00000ff8  RWIX
  EMIF1                 00047000   00000070  00000028  00000048  RWIX
  EMIF2                 00047800   00000070  00000028  00000048  RWIX
  CANA                  00048000   00000200  00000164  0000009c  RWIX
  CANA_MSG_RAM          00049000   00000800  00000000  00000800  RWIX
  CANB                  0004a000   00000200  00000164  0000009c  RWIX
  CANB_MSG_RAM          0004b000   00000800  00000000  00000800  RWIX
  IPC                   00050000   00000024  00000024  00000000  RWIX
  FLASHPUMPSEMAPHORE    00050024   00000002  00000002  00000000  RWIX
  DEVCFG                0005d000   0000012e  0000012e  00000000  RWIX
  ANALOGSUBSYS          0005d180   00000048  0000003e  0000000a  RWIX
  CLKCFG                0005d200   00000032  00000032  00000000  RWIX
  CPUSYS                0005d300   00000082  00000082  00000000  RWIX
  ROMPREFETCH           0005e608   00000002  00000002  00000000  RWIX
  DCSMZ1                0005f000   00000024  00000022  00000002  RWIX
  DCSMZ2                0005f040   00000024  00000022  00000002  RWIX
  DCSMCOMMON            0005f070   00000008  00000006  00000002  RWIX
  MEMCFG                0005f400   00000080  00000076  0000000a  RWIX
  EMIF1CONFIG           0005f480   00000020  0000000a  00000016  RWIX
  EMIF2CONFIG           0005f4a0   00000020  0000000a  00000016  RWIX
  ACCESSPROTECTION      0005f4c0   00000040  0000002e  00000012  RWIX
  MEMORYERROR           0005f500   00000040  0000003a  00000006  RWIX
  ROMWAITSTATE          0005f540   00000002  00000002  00000000  RWIX
  FLASH0CTRL            0005f800   00000182  00000182  00000000  RWIX
  FLASH0ECC             0005fb00   00000028  00000028  00000000  RWIX
  UID                   000703c0   00000010  00000010  00000000  RWIX
  EMIF1_CS2n            00100000   00200000  00000000  00200000  RWIX
  EMIF1_CS3n            00300000   00080000  00000000  00080000  RWIX
  EMIF1_CS4n            00380000   00060000  00000000  00060000  RWIX
  EMIF1_CS0n            80000000   10000000  00000000  10000000  RWIX
  EMIF2_CS0n            90000000   10000000  00000000  10000000  RWIX


SECTION ALLOCATION MAP

 output                                  attributes/
section   page    origin      length       input sections
--------  ----  ----------  ----------   ----------------
codestart 
*          0    00000000    00000002     
                  00000000    00000002     F2837xD_CodeStartBranch.obj (codestart)

.cinit     0    00000123    00000082     
                  00000123    0000004e     main.obj (.cinit)
                  00000171    0000000f     device.obj (.cinit)
                  00000180    0000000e     rts2800_fpu32.lib : exit.c.obj (.cinit)
                  0000018e    00000007     main.obj (.cinit:_ePWM)
                  00000195    00000005     rts2800_fpu32.lib : _lock.c.obj (.cinit:__lock)
                  0000019a    00000005                       : _lock.c.obj (.cinit:__unlock)
                  0000019f    00000004     SFO_v8_fpu_lib_build_c28_coff.lib : SFO_v8_fpu_lib_build_c28.obj (.cinit)
                  000001a3    00000002     --HOLE-- [fill = 0]

.reset     0    003fffc0    00000002     DSECT
                  003fffc0    00000002     rts2800_fpu32.lib : boot28.asm.obj (.reset)

.stack     1    00000400    000003f8     UNINITIALIZED
                  00000400    000003f8     --HOLE--

.pinit     0    00000123    00000000     UNINITIALIZED

AdcaResultRegsFile 
*          1    00000b00    00000018     UNINITIALIZED
                  00000b00    00000018     F2837xD_GlobalVariableDefs.obj (AdcaResultRegsFile)

AdcbResultRegsFile 
*          1    00000b20    00000018     UNINITIALIZED
                  00000b20    00000018     F2837xD_GlobalVariableDefs.obj (AdcbResultRegsFile)

AdccResultRegsFile 
*          1    00000b40    00000018     UNINITIALIZED
                  00000b40    00000018     F2837xD_GlobalVariableDefs.obj (AdccResultRegsFile)

AdcdResultRegsFile 
*          1    00000b60    00000018     UNINITIALIZED
                  00000b60    00000018     F2837xD_GlobalVariableDefs.obj (AdcdResultRegsFile)

AdcaRegsFile 
*          1    00007400    0000007c     UNINITIALIZED
                  00007400    0000007c     F2837xD_GlobalVariableDefs.obj (AdcaRegsFile)

AdcbRegsFile 
*          1    00007480    0000007c     UNINITIALIZED
                  00007480    0000007c     F2837xD_GlobalVariableDefs.obj (AdcbRegsFile)

AdccRegsFile 
*          1    00007500    0000007c     UNINITIALIZED
                  00007500    0000007c     F2837xD_GlobalVariableDefs.obj (AdccRegsFile)

AdcdRegsFile 
*          1    00007580    0000007c     UNINITIALIZED
                  00007580    0000007c     F2837xD_GlobalVariableDefs.obj (AdcdRegsFile)

.ebss      1    00009000    00000026     UNINITIALIZED
                  00009000    00000009     SFO_v8_fpu_lib_build_c28_coff.lib : SFO_v8_fpu_lib_build_c28.obj (.ebss:_MEP_SF)
                  00009009    00000006                                       : SFO_v8_fpu_lib_build_c28.obj (.ebss)
                  0000900f    00000001     --HOLE--
                  00009010    00000006     device.obj (.ebss)
                  00009016    00000006     rts2800_fpu32.lib : exit.c.obj (.ebss)
                  0000901c    00000004     main.obj (.ebss:_ePWM)
                  00009020    00000002     rts2800_fpu32.lib : _lock.c.obj (.ebss:__lock)
                  00009022    00000002                       : _lock.c.obj (.ebss:__unlock)
                  00009024    00000002     main.obj (.ebss)

.econst    1    00009800    00000509     
                  00009800    0000013c     board.obj (.econst:.string)
                  0000993c    000000c2     driverlib_coff.lib : sysctl.obj (.econst:.string)
                  000099fe    000000bc                        : epwm.obj (.econst:.string)
                  00009aba    000000bc                        : gpio.obj (.econst:.string)
                  00009b76    000000bb     main.obj (.econst:.string)
                  00009c31    00000001     --HOLE-- [fill = 0]
                  00009c32    00000063     driverlib_coff.lib : interrupt.obj (.econst:.string)
                  00009c95    00000001     --HOLE-- [fill = 0]
                  00009c96    00000060                        : memcfg.obj (.econst:.string)
                  00009cf6    00000013     device.obj (.econst:.string)

Cla1Prog   0    0000a000    0000016a     
                  0000a000    00000132     cla_tasks.obj (Cla1Prog:_Cla1Task1)
                  0000a132    00000008     cla_tasks.obj (Cla1Prog:_Cla1Task2)
                  0000a13a    00000008     cla_tasks.obj (Cla1Prog:_Cla1Task3)
                  0000a142    00000008     cla_tasks.obj (Cla1Prog:_Cla1Task4)
                  0000a14a    00000008     cla_tasks.obj (Cla1Prog:_Cla1Task5)
                  0000a152    00000008     cla_tasks.obj (Cla1Prog:_Cla1Task6)
                  0000a15a    00000008     cla_tasks.obj (Cla1Prog:_Cla1Task7)
                  0000a162    00000008     cla_tasks.obj (Cla1Prog:_Cla1Task8)

Cla1ToCpuMsgRAM 
*          1    00001480    0000000c     UNINITIALIZED
                  00001480    0000000c     main.obj (Cla1ToCpuMsgRAM)

CpuToCla1MsgRAM 
*          1    00001500    00000010     UNINITIALIZED
                  00001500    00000010     main.obj (CpuToCla1MsgRAM)

.TI.ramfunc 
*          0    000001a5    00000004     
                  000001a5    00000004     driverlib_coff.lib : sysctl.obj (.TI.ramfunc)

CpuTimer0RegsFile 
*          1    00000c00    00000008     UNINITIALIZED
                  00000c00    00000008     F2837xD_GlobalVariableDefs.obj (CpuTimer0RegsFile)

CpuTimer1RegsFile 
*          1    00000c08    00000008     UNINITIALIZED
                  00000c08    00000008     F2837xD_GlobalVariableDefs.obj (CpuTimer1RegsFile)

CpuTimer2RegsFile 
*          1    00000c10    00000008     UNINITIALIZED
                  00000c10    00000008     F2837xD_GlobalVariableDefs.obj (CpuTimer2RegsFile)

PieCtrlRegsFile 
*          1    00000ce0    0000001a     UNINITIALIZED
                  00000ce0    0000001a     F2837xD_GlobalVariableDefs.obj (PieCtrlRegsFile)

DmaRegsFile 
*          1    00001000    000000e0     UNINITIALIZED
                  00001000    000000e0     F2837xD_GlobalVariableDefs.obj (DmaRegsFile)

Cla1RegsFile 
*          1    00001400    0000003e     UNINITIALIZED
                  00001400    0000003e     F2837xD_GlobalVariableDefs.obj (Cla1RegsFile)

Clb1LogicCfgRegsFile 
*          1    00003000    0000003e     UNINITIALIZED
                  00003000    0000003e     F2837xD_GlobalVariableDefs.obj (Clb1LogicCfgRegsFile)

Clb1LogicCtrlRegsFile 
*          1    00003100    00000040     UNINITIALIZED
                  00003100    00000040     F2837xD_GlobalVariableDefs.obj (Clb1LogicCtrlRegsFile)

Clb1DataExchRegsFile 
*          1    00003200    00000108     UNINITIALIZED
                  00003200    00000108     F2837xD_GlobalVariableDefs.obj (Clb1DataExchRegsFile)

Clb2LogicCfgRegsFile 
*          1    00003400    0000003e     UNINITIALIZED
                  00003400    0000003e     F2837xD_GlobalVariableDefs.obj (Clb2LogicCfgRegsFile)

Clb2LogicCtrlRegsFile 
*          1    00003500    00000040     UNINITIALIZED
                  00003500    00000040     F2837xD_GlobalVariableDefs.obj (Clb2LogicCtrlRegsFile)

Clb2DataExchRegsFile 
*          1    00003600    00000108     UNINITIALIZED
                  00003600    00000108     F2837xD_GlobalVariableDefs.obj (Clb2DataExchRegsFile)

Clb3LogicCfgRegsFile 
*          1    00003800    0000003e     UNINITIALIZED
                  00003800    0000003e     F2837xD_GlobalVariableDefs.obj (Clb3LogicCfgRegsFile)

Clb3LogicCtrlRegsFile 
*          1    00003900    00000040     UNINITIALIZED
                  00003900    00000040     F2837xD_GlobalVariableDefs.obj (Clb3LogicCtrlRegsFile)

Clb3DataExchRegsFile 
*          1    00003a00    00000108     UNINITIALIZED
                  00003a00    00000108     F2837xD_GlobalVariableDefs.obj (Clb3DataExchRegsFile)

Clb4LogicCfgRegsFile 
*          1    00003c00    0000003e     UNINITIALIZED
                  00003c00    0000003e     F2837xD_GlobalVariableDefs.obj (Clb4LogicCfgRegsFile)

Clb4LogicCtrlRegsFile 
*          1    00003d00    00000040     UNINITIALIZED
                  00003d00    00000040     F2837xD_GlobalVariableDefs.obj (Clb4LogicCtrlRegsFile)

Clb4DataExchRegsFile 
*          1    00003e00    00000108     UNINITIALIZED
                  00003e00    00000108     F2837xD_GlobalVariableDefs.obj (Clb4DataExchRegsFile)

EPwm1RegsFile 
*          1    00004000    00000100     UNINITIALIZED
                  00004000    00000100     F2837xD_GlobalVariableDefs.obj (EPwm1RegsFile)

EPwm2RegsFile 
*          1    00004100    00000100     UNINITIALIZED
                  00004100    00000100     F2837xD_GlobalVariableDefs.obj (EPwm2RegsFile)

EPwm3RegsFile 
*          1    00004200    00000100     UNINITIALIZED
                  00004200    00000100     F2837xD_GlobalVariableDefs.obj (EPwm3RegsFile)

EPwm4RegsFile 
*          1    00004300    00000100     UNINITIALIZED
                  00004300    00000100     F2837xD_GlobalVariableDefs.obj (EPwm4RegsFile)

EPwm5RegsFile 
*          1    00004400    00000100     UNINITIALIZED
                  00004400    00000100     F2837xD_GlobalVariableDefs.obj (EPwm5RegsFile)

EPwm6RegsFile 
*          1    00004500    00000100     UNINITIALIZED
                  00004500    00000100     F2837xD_GlobalVariableDefs.obj (EPwm6RegsFile)

EPwm7RegsFile 
*          1    00004600    00000100     UNINITIALIZED
                  00004600    00000100     F2837xD_GlobalVariableDefs.obj (EPwm7RegsFile)

EPwm8RegsFile 
*          1    00004700    00000100     UNINITIALIZED
                  00004700    00000100     F2837xD_GlobalVariableDefs.obj (EPwm8RegsFile)

EPwm9RegsFile 
*          1    00004800    00000100     UNINITIALIZED
                  00004800    00000100     F2837xD_GlobalVariableDefs.obj (EPwm9RegsFile)

EPwm10RegsFile 
*          1    00004900    00000100     UNINITIALIZED
                  00004900    00000100     F2837xD_GlobalVariableDefs.obj (EPwm10RegsFile)

EPwm11RegsFile 
*          1    00004a00    00000100     UNINITIALIZED
                  00004a00    00000100     F2837xD_GlobalVariableDefs.obj (EPwm11RegsFile)

EPwm12RegsFile 
*          1    00004b00    00000100     UNINITIALIZED
                  00004b00    00000100     F2837xD_GlobalVariableDefs.obj (EPwm12RegsFile)

ECap1RegsFile 
*          1    00005000    0000001a     UNINITIALIZED
                  00005000    0000001a     F2837xD_GlobalVariableDefs.obj (ECap1RegsFile)

ECap2RegsFile 
*          1    00005020    0000001a     UNINITIALIZED
                  00005020    0000001a     F2837xD_GlobalVariableDefs.obj (ECap2RegsFile)

ECap3RegsFile 
*          1    00005040    0000001a     UNINITIALIZED
                  00005040    0000001a     F2837xD_GlobalVariableDefs.obj (ECap3RegsFile)

ECap4RegsFile 
*          1    00005060    0000001a     UNINITIALIZED
                  00005060    0000001a     F2837xD_GlobalVariableDefs.obj (ECap4RegsFile)

ECap5RegsFile 
*          1    00005080    0000001a     UNINITIALIZED
                  00005080    0000001a     F2837xD_GlobalVariableDefs.obj (ECap5RegsFile)

ECap6RegsFile 
*          1    000050a0    0000001a     UNINITIALIZED
                  000050a0    0000001a     F2837xD_GlobalVariableDefs.obj (ECap6RegsFile)

EQep1RegsFile 
*          1    00005100    00000022     UNINITIALIZED
                  00005100    00000022     F2837xD_GlobalVariableDefs.obj (EQep1RegsFile)

EQep2RegsFile 
*          1    00005140    00000022     UNINITIALIZED
                  00005140    00000022     F2837xD_GlobalVariableDefs.obj (EQep2RegsFile)

EQep3RegsFile 
*          1    00005180    00000022     UNINITIALIZED
                  00005180    00000022     F2837xD_GlobalVariableDefs.obj (EQep3RegsFile)

DacaRegsFile 
*          1    00005c00    00000007     UNINITIALIZED
                  00005c00    00000007     F2837xD_GlobalVariableDefs.obj (DacaRegsFile)

DacbRegsFile 
*          1    00005c10    00000007     UNINITIALIZED
                  00005c10    00000007     F2837xD_GlobalVariableDefs.obj (DacbRegsFile)

DaccRegsFile 
*          1    00005c20    00000007     UNINITIALIZED
                  00005c20    00000007     F2837xD_GlobalVariableDefs.obj (DaccRegsFile)

Cmpss1RegsFile 
*          1    00005c80    0000001b     UNINITIALIZED
                  00005c80    0000001b     F2837xD_GlobalVariableDefs.obj (Cmpss1RegsFile)

Cmpss2RegsFile 
*          1    00005ca0    0000001b     UNINITIALIZED
                  00005ca0    0000001b     F2837xD_GlobalVariableDefs.obj (Cmpss2RegsFile)

Cmpss3RegsFile 
*          1    00005cc0    0000001b     UNINITIALIZED
                  00005cc0    0000001b     F2837xD_GlobalVariableDefs.obj (Cmpss3RegsFile)

Cmpss4RegsFile 
*          1    00005ce0    0000001b     UNINITIALIZED
                  00005ce0    0000001b     F2837xD_GlobalVariableDefs.obj (Cmpss4RegsFile)

Cmpss5RegsFile 
*          1    00005d00    0000001b     UNINITIALIZED
                  00005d00    0000001b     F2837xD_GlobalVariableDefs.obj (Cmpss5RegsFile)

Cmpss6RegsFile 
*          1    00005d20    0000001b     UNINITIALIZED
                  00005d20    0000001b     F2837xD_GlobalVariableDefs.obj (Cmpss6RegsFile)

Cmpss7RegsFile 
*          1    00005d40    0000001b     UNINITIALIZED
                  00005d40    0000001b     F2837xD_GlobalVariableDefs.obj (Cmpss7RegsFile)

Cmpss8RegsFile 
*          1    00005d60    0000001b     UNINITIALIZED
                  00005d60    0000001b     F2837xD_GlobalVariableDefs.obj (Cmpss8RegsFile)

Sdfm1RegsFile 
*          1    00005e00    00000048     UNINITIALIZED
                  00005e00    00000048     F2837xD_GlobalVariableDefs.obj (Sdfm1RegsFile)

Sdfm2RegsFile 
*          1    00005e80    00000048     UNINITIALIZED
                  00005e80    00000048     F2837xD_GlobalVariableDefs.obj (Sdfm2RegsFile)

McbspaRegsFile 
*          1    00006000    00000024     UNINITIALIZED
                  00006000    00000024     F2837xD_GlobalVariableDefs.obj (McbspaRegsFile)

McbspbRegsFile 
*          1    00006040    00000024     UNINITIALIZED
                  00006040    00000024     F2837xD_GlobalVariableDefs.obj (McbspbRegsFile)

SpiaRegsFile 
*          1    00006100    00000010     UNINITIALIZED
                  00006100    00000010     F2837xD_GlobalVariableDefs.obj (SpiaRegsFile)

SpibRegsFile 
*          1    00006110    00000010     UNINITIALIZED
                  00006110    00000010     F2837xD_GlobalVariableDefs.obj (SpibRegsFile)

SpicRegsFile 
*          1    00006120    00000010     UNINITIALIZED
                  00006120    00000010     F2837xD_GlobalVariableDefs.obj (SpicRegsFile)

UppRegsFile 
*          1    00006200    00000048     UNINITIALIZED
                  00006200    00000048     F2837xD_GlobalVariableDefs.obj (UppRegsFile)

WdRegsFile 
*          1    00007000    0000002b     UNINITIALIZED
                  00007000    0000002b     F2837xD_GlobalVariableDefs.obj (WdRegsFile)

NmiIntruptRegsFile 
*          1    00007060    00000007     UNINITIALIZED
                  00007060    00000007     F2837xD_GlobalVariableDefs.obj (NmiIntruptRegsFile)

XintRegsFile 
*          1    00007070    0000000b     UNINITIALIZED
                  00007070    0000000b     F2837xD_GlobalVariableDefs.obj (XintRegsFile)

SciaRegsFile 
*          1    00007200    00000010     UNINITIALIZED
                  00007200    00000010     F2837xD_GlobalVariableDefs.obj (SciaRegsFile)

ScibRegsFile 
*          1    00007210    00000010     UNINITIALIZED
                  00007210    00000010     F2837xD_GlobalVariableDefs.obj (ScibRegsFile)

ScicRegsFile 
*          1    00007220    00000010     UNINITIALIZED
                  00007220    00000010     F2837xD_GlobalVariableDefs.obj (ScicRegsFile)

ScidRegsFile 
*          1    00007230    00000010     UNINITIALIZED
                  00007230    00000010     F2837xD_GlobalVariableDefs.obj (ScidRegsFile)

I2caRegsFile 
*          1    00007300    00000022     UNINITIALIZED
                  00007300    00000022     F2837xD_GlobalVariableDefs.obj (I2caRegsFile)

I2cbRegsFile 
*          1    00007340    00000022     UNINITIALIZED
                  00007340    00000022     F2837xD_GlobalVariableDefs.obj (I2cbRegsFile)

InputXbarRegsFile 
*          1    00007900    00000020     UNINITIALIZED
                  00007900    00000020     F2837xD_GlobalVariableDefs.obj (InputXbarRegsFile)

XbarRegsFile 
*          1    00007920    0000000e     UNINITIALIZED
                  00007920    0000000e     F2837xD_GlobalVariableDefs.obj (XbarRegsFile)

SyncSocRegsFile 
*          1    00007940    00000006     UNINITIALIZED
                  00007940    00000006     F2837xD_GlobalVariableDefs.obj (SyncSocRegsFile)

DmaClaSrcSelRegsFile 
*          1    00007980    0000001a     UNINITIALIZED
                  00007980    0000001a     F2837xD_GlobalVariableDefs.obj (DmaClaSrcSelRegsFile)

EPwmXbarRegsFile 
*          1    00007a00    00000040     UNINITIALIZED
                  00007a00    00000040     F2837xD_GlobalVariableDefs.obj (EPwmXbarRegsFile)

ClbXbarRegsFile 
*          1    00007a40    00000040     UNINITIALIZED
                  00007a40    00000040     F2837xD_GlobalVariableDefs.obj (ClbXbarRegsFile)

OutputXbarRegsFile 
*          1    00007a80    00000040     UNINITIALIZED
                  00007a80    00000040     F2837xD_GlobalVariableDefs.obj (OutputXbarRegsFile)

GpioCtrlRegsFile 
*          1    00007c00    00000180     UNINITIALIZED
                  00007c00    00000180     F2837xD_GlobalVariableDefs.obj (GpioCtrlRegsFile)

GpioDataRegsFile 
*          1    00007f00    00000030     UNINITIALIZED
                  00007f00    00000030     F2837xD_GlobalVariableDefs.obj (GpioDataRegsFile)

CLAscratch 
*          1    00008800    00000100     UNINITIALIZED
                  00008800    00000100     --HOLE--

.scratchpad 
*          1    00008900    00000004     UNINITIALIZED
                  00008900    00000004     cla_tasks.obj (.scratchpad:Cla1Prog:_Cla1Task1)

PieVectTableFile 
*          1    00000d00    000001c0     UNINITIALIZED
                  00000d00    000001c0     F2837xD_GlobalVariableDefs.obj (PieVectTableFile)

EmuKeyVar 
*          1    00000d00    00000000     UNINITIALIZED

EmuBModeVar 
*          1    00000d00    00000000     UNINITIALIZED

EmuBootPinsVar 
*          1    00000d00    00000000     UNINITIALIZED

FlashCallbackVar 
*          1    00000d00    00000000     UNINITIALIZED

FlashScalingVar 
*          1    00000d00    00000000     UNINITIALIZED

Emif1RegsFile 
*          1    00047000    00000028     UNINITIALIZED
                  00047000    00000028     F2837xD_GlobalVariableDefs.obj (Emif1RegsFile)

Emif2RegsFile 
*          1    00047800    00000028     UNINITIALIZED
                  00047800    00000028     F2837xD_GlobalVariableDefs.obj (Emif2RegsFile)

CanaRegsFile 
*          1    00048000    00000164     UNINITIALIZED
                  00048000    00000164     F2837xD_GlobalVariableDefs.obj (CanaRegsFile)

CanbRegsFile 
*          1    0004a000    00000164     UNINITIALIZED
                  0004a000    00000164     F2837xD_GlobalVariableDefs.obj (CanbRegsFile)

IpcRegsFile 
*          1    00050000    00000024     UNINITIALIZED
                  00050000    00000024     F2837xD_GlobalVariableDefs.obj (IpcRegsFile)

FlashPumpSemaphoreRegsFile 
*          1    00050024    00000002     UNINITIALIZED
                  00050024    00000002     F2837xD_GlobalVariableDefs.obj (FlashPumpSemaphoreRegsFile)

DevCfgRegsFile 
*          1    0005d000    0000012e     UNINITIALIZED
                  0005d000    0000012e     F2837xD_GlobalVariableDefs.obj (DevCfgRegsFile)

AnalogSubsysRegsFile 
*          1    0005d180    0000003e     UNINITIALIZED
                  0005d180    0000003e     F2837xD_GlobalVariableDefs.obj (AnalogSubsysRegsFile)

ClkCfgRegsFile 
*          1    0005d200    00000032     UNINITIALIZED
                  0005d200    00000032     F2837xD_GlobalVariableDefs.obj (ClkCfgRegsFile)

CpuSysRegsFile 
*          1    0005d300    00000082     UNINITIALIZED
                  0005d300    00000082     F2837xD_GlobalVariableDefs.obj (CpuSysRegsFile)

RomPrefetchRegsFile 
*          1    0005e608    00000002     UNINITIALIZED
                  0005e608    00000002     F2837xD_GlobalVariableDefs.obj (RomPrefetchRegsFile)

DcsmZ1RegsFile 
*          1    0005f000    00000022     UNINITIALIZED
                  0005f000    00000022     F2837xD_GlobalVariableDefs.obj (DcsmZ1RegsFile)

DcsmZ2RegsFile 
*          1    0005f040    00000022     UNINITIALIZED
                  0005f040    00000022     F2837xD_GlobalVariableDefs.obj (DcsmZ2RegsFile)

DcsmCommonRegsFile 
*          1    0005f070    00000006     UNINITIALIZED
                  0005f070    00000006     F2837xD_GlobalVariableDefs.obj (DcsmCommonRegsFile)

MemCfgRegsFile 
*          1    0005f400    00000076     UNINITIALIZED
                  0005f400    00000076     F2837xD_GlobalVariableDefs.obj (MemCfgRegsFile)

Emif1ConfigRegsFile 
*          1    0005f480    0000000a     UNINITIALIZED
                  0005f480    0000000a     F2837xD_GlobalVariableDefs.obj (Emif1ConfigRegsFile)

Emif2ConfigRegsFile 
*          1    0005f4a0    0000000a     UNINITIALIZED
                  0005f4a0    0000000a     F2837xD_GlobalVariableDefs.obj (Emif2ConfigRegsFile)

AccessProtectionRegsFile 
*          1    0005f4c0    0000002e     UNINITIALIZED
                  0005f4c0    0000002e     F2837xD_GlobalVariableDefs.obj (AccessProtectionRegsFile)

MemoryErrorRegsFile 
*          1    0005f500    0000003a     UNINITIALIZED
                  0005f500    0000003a     F2837xD_GlobalVariableDefs.obj (MemoryErrorRegsFile)

RomWaitStateRegsFile 
*          1    0005f540    00000002     UNINITIALIZED
                  0005f540    00000002     F2837xD_GlobalVariableDefs.obj (RomWaitStateRegsFile)

Flash0CtrlRegsFile 
*          1    0005f800    00000182     UNINITIALIZED
                  0005f800    00000182     F2837xD_GlobalVariableDefs.obj (Flash0CtrlRegsFile)

Flash0EccRegsFile 
*          1    0005fb00    00000028     UNINITIALIZED
                  0005fb00    00000028     F2837xD_GlobalVariableDefs.obj (Flash0EccRegsFile)

UidRegsFile 
*          1    000703c0    00000010     UNINITIALIZED
                  000703c0    00000010     F2837xD_GlobalVariableDefs.obj (UidRegsFile)

.text.1    0    0000b000    00000800     
                  0000b000    0000069a     main.obj (.text)
                  0000b69a    00000091     driverlib_coff.lib : memcfg.obj (.text:_MemCfg_getInitStatus)
                  0000b72b    00000090                        : sysctl.obj (.text:_SysCtl_selectXTAL)
                  0000b7bb    0000003d                        : interrupt.obj (.text:_Interrupt_initModule)
                  0000b7f8    00000008     F2837xD_CodeStartBranch.obj (.text)

.text.2    0    0000b800    00000800     
                  0000b800    000003ff     device.obj (.text)
                  0000bbff    00000209     driverlib_coff.lib : sysctl.obj (.text:_SysCtl_setClock)
                  0000be08    000001f0     main.obj (.text:retain)
                  0000bff8    00000007     driverlib_coff.lib : sysctl.obj (.text:_SysCtl_resetMCD)
                  0000bfff    00000001     rts2800_fpu32.lib : startup.c.obj (.text)

.text.3    0    00011000    00001000     
                  00011000    00000c97     board.obj (.text)
                  00011c97    000001b1     SFO_v8_fpu_lib_build_c28_coff.lib : SFO_v8_fpu_lib_build_c28.obj (.text)
                  00011e48    0000008b     driverlib_coff.lib : memcfg.obj (.text:_MemCfg_setProtection)
                  00011ed3    00000088     rts2800_fpu32.lib : fs_div28.asm.obj (.text)
                  00011f5b    0000007c     driverlib_coff.lib : memcfg.obj (.text:_MemCfg_initSections)
                  00011fd7    00000029     rts2800_fpu32.lib : exit.c.obj (.text)

.text.4    0    00012000    000005a2     
                  00012000    00000068     driverlib_coff.lib : sysctl.obj (.text:_SysCtl_getDeviceParametric)
                  00012068    00000056     rts2800_fpu32.lib : boot28.asm.obj (.text)
                  000120be    00000052     driverlib_coff.lib : gpio.obj (.text:_GPIO_setPadConfig)
                  00012110    00000051                        : sysctl.obj (.text:_SysCtl_getClock)
                  00012161    00000048                        : sysctl.obj (.text:_SysCtl_selectOscSource)
                  000121a9    0000003b                        : epwm.obj (.text:_EPWM_isBaseValid)
                  000121e4    00000039                        : memcfg.obj (.text:_MemCfg_setLSRAMControllerSel)
                  0001221d    00000037                        : gpio.obj (.text:_GPIO_setControllerCore)
                  00012254    00000037                        : gpio.obj (.text:_GPIO_setPinConfig)
                  0001228b    00000037                        : gpio.obj (.text:_GPIO_setQualificationMode)
                  000122c2    00000037                        : interrupt.obj (.text:_Interrupt_enable)
                  000122f9    00000034                        : gpio.obj (.text:_GPIO_setInterruptPin)
                  0001232d    00000031                        : gpio.obj (.text:_GPIO_setDirectionMode)
                  0001235e    00000028                        : sysctl.obj (.text:_CPUTimer_selectClockSource)
                  00012386    00000026                        : cla.obj (.text:_CLA_setTriggerSource)
                  000123ac    00000026                        : memcfg.obj (.text:_MemCfg_setGSRAMControllerSel)
                  000123d2    00000024     rts2800_fpu32.lib : cpy_tbl.c.obj (.text)
                  000123f6    0000001f     driverlib_coff.lib : sysctl.obj (.text:_CPUTimer_getTimerOverflowStatus)
                  00012415    0000001e                        : interrupt.obj (.text:_Interrupt_initVectorTable)
                  00012433    0000001d     rts2800_fpu32.lib : memcpy.c.obj (.text)
                  00012450    0000001a     driverlib_coff.lib : sysctl.obj (.text:_CPUTimer_startTimer)
                  0001246a    0000001a                        : sysctl.obj (.text:_SysCtl_getLowSpeedClock)
                  00012484    00000017                        : sysctl.obj (.text:_CPUTimer_isBaseValid)
                  0001249b    00000016                        : epwm.obj (.text:_EPWM_setEmulationMode)
                  000124b1    00000016                        : interrupt.obj (.text:_Interrupt_defaultHandler)
                  000124c7    00000016                        : gpio.obj (.text:_XBAR_setInputPin)
                  000124dd    00000014                        : sysctl.obj (.text:_CPUTimer_stopTimer)
                  000124f1    00000012                        : sysctl.obj (.text:_CPUTimer_clearOverflowFlag)
                  00012503    00000012                        : sysctl.obj (.text:_CPUTimer_disableInterrupt)
                  00012515    00000012     rts2800_fpu32.lib : args_main.c.obj (.text)
                  00012527    00000011     driverlib_coff.lib : sysctl.obj (.text:_CPUTimer_setPeriod)
                  00012538    0000000f                        : sysctl.obj (.text:_SysCtl_pollCpuTimer)
                  00012547    0000000e                        : gpio.obj (.text:_GPIO_isPinValid)
                  00012555    0000000d                        : interrupt.obj (.text:_Interrupt_disableGlobal)
                  00012562    0000000d                        : interrupt.obj (.text:_Interrupt_enableGlobal)
                  0001256f    0000000b                        : sysctl.obj (.text:_SysCtl_isMCDClockFailureDetected)
                  0001257a    0000000a                        : interrupt.obj (.text:_Interrupt_illegalOperationHandler)
                  00012584    0000000a                        : interrupt.obj (.text:_Interrupt_nmiHandler)
                  0001258e    00000009                        : sysctl.obj (.text:_SysCtl_serviceWatchdog)
                  00012597    00000009     rts2800_fpu32.lib : _lock.c.obj (.text)
                  000125a0    00000002                       : pre_init.c.obj (.text)

MODULE SUMMARY

       Module                           code    initialized data   uninitialized data
       ------                           ----    ----------------   ------------------
    .\
       F2837xD_GlobalVariableDefs.obj   0       0                  9870              
       main.obj                         2186    272                34                
       cla_tasks.obj                    362     0                  4                 
    +--+--------------------------------+-------+------------------+--------------------+
       Total:                           2548    272                9908              
                                                                                     
    .\device\
       device.obj                       1023    34                 6                 
       F2837xD_CodeStartBranch.obj      10      0                  0                 
    +--+--------------------------------+-------+------------------+--------------------+
       Total:                           1033    34                 6                 
                                                                                     
    .\syscfg\
       board.obj                        3223    316                0                 
    +--+--------------------------------+-------+------------------+--------------------+
       Total:                           3223    316                0                 
                                                                                     
    C:/ti/C2000Ware_6_00_01_00/driverlib/f2837xd/driverlib/ccs/debug/driverlib_coff.lib
       sysctl.obj                       1187    194                0                 
       memcfg.obj                       503     96                 0                 
       gpio.obj                         384     188                0                 
       interrupt.obj                    214     99                 0                 
       epwm.obj                         81      188                0                 
       cla.obj                          38      0                  0                 
    +--+--------------------------------+-------+------------------+--------------------+
       Total:                           2407    765                0                 
                                                                                     
    C:\ti\C2000Ware_6_00_01_00\libraries\calibration\hrpwm\f2837xd\lib\SFO_v8_fpu_lib_build_c28_coff.lib
       SFO_v8_fpu_lib_build_c28.obj     433     4                  15                
    +--+--------------------------------+-------+------------------+--------------------+
       Total:                           433     4                  15                
                                                                                     
    C:\ti\ccs2041\ccs\tools\compiler\ti-cgt-c2000_22.6.3.LTS\lib\rts2800_fpu32.lib
       fs_div28.asm.obj                 136     0                  0                 
       boot28.asm.obj                   86      0                  0                 
       exit.c.obj                       41      14                 6                 
       cpy_tbl.c.obj                    36      0                  0                 
       memcpy.c.obj                     29      0                  0                 
       _lock.c.obj                      9       10                 4                 
       args_main.c.obj                  18      0                  0                 
       pre_init.c.obj                   2       0                  0                 
       startup.c.obj                    1       0                  0                 
    +--+--------------------------------+-------+------------------+--------------------+
       Total:                           358     24                 10                
                                                                                     
       Stack:                           0       0                  1016              
    +--+--------------------------------+-------+------------------+--------------------+
       Grand Total:                     10002   1415               10955             


GLOBAL DATA SYMBOLS: SORTED BY DATA PAGE

address     data page           name
--------    ----------------    ----
00000400      10 (00000400)     __stack

00000b00      2c (00000b00)     _AdcaResultRegs
00000b20      2c (00000b00)     _AdcbResultRegs

00000b40      2d (00000b40)     _AdccResultRegs
00000b60      2d (00000b40)     _AdcdResultRegs

00000c00      30 (00000c00)     _CpuTimer0Regs
00000c08      30 (00000c00)     _CpuTimer1Regs
00000c10      30 (00000c00)     _CpuTimer2Regs

00000ce0      33 (00000cc0)     _PieCtrlRegs

00000d00      34 (00000d00)     _PieVectTable

00001000      40 (00001000)     _DmaRegs

00001400      50 (00001400)     _Cla1Regs

00001480      52 (00001480)     _cla_state_direction
00001481      52 (00001480)     _cla_state_cycles_remaining
00001482      52 (00001480)     _cla_state_active
00001483      52 (00001480)     _cla_cmd_ack_seq
00001484      52 (00001480)     _cla_done_count
00001486      52 (00001480)     _cla_task1_hits
00001488      52 (00001480)     _xint1_hits
0000148a      52 (00001480)     _xint2_hits

00001500      54 (00001500)     _cla_cmd_direction
00001501      54 (00001500)     _cla_cmd_cycles
00001502      54 (00001500)     _cla_cmd_seq
00001504      54 (00001500)     _cla_period_hr_normal_q8
00001506      54 (00001500)     _cla_period_hr_slow_q8
00001508      54 (00001500)     _cla_period_hr_fast_q8
0000150a      54 (00001500)     _cla_cmpa_hr_normal_q8
0000150c      54 (00001500)     _cla_cmpa_hr_slow_q8
0000150e      54 (00001500)     _cla_cmpa_hr_fast_q8

00003000      c0 (00003000)     _Clb1LogicCfgRegs

00003100      c4 (00003100)     _Clb1LogicCtrlRegs

00003200      c8 (00003200)     _Clb1DataExchRegs

00003400      d0 (00003400)     _Clb2LogicCfgRegs

00003500      d4 (00003500)     _Clb2LogicCtrlRegs

00003600      d8 (00003600)     _Clb2DataExchRegs

00003800      e0 (00003800)     _Clb3LogicCfgRegs

00003900      e4 (00003900)     _Clb3LogicCtrlRegs

00003a00      e8 (00003a00)     _Clb3DataExchRegs

00003c00      f0 (00003c00)     _Clb4LogicCfgRegs

00003d00      f4 (00003d00)     _Clb4LogicCtrlRegs

00003e00      f8 (00003e00)     _Clb4DataExchRegs

00004000     100 (00004000)     _EPwm1Regs

00004100     104 (00004100)     _EPwm2Regs

00004200     108 (00004200)     _EPwm3Regs

00004300     10c (00004300)     _EPwm4Regs

00004400     110 (00004400)     _EPwm5Regs

00004500     114 (00004500)     _EPwm6Regs

00004600     118 (00004600)     _EPwm7Regs

00004700     11c (00004700)     _EPwm8Regs

00004800     120 (00004800)     _EPwm9Regs

00004900     124 (00004900)     _EPwm10Regs

00004a00     128 (00004a00)     _EPwm11Regs

00004b00     12c (00004b00)     _EPwm12Regs

00005000     140 (00005000)     _ECap1Regs
00005020     140 (00005000)     _ECap2Regs

00005040     141 (00005040)     _ECap3Regs
00005060     141 (00005040)     _ECap4Regs

00005080     142 (00005080)     _ECap5Regs
000050a0     142 (00005080)     _ECap6Regs

00005100     144 (00005100)     _EQep1Regs

00005140     145 (00005140)     _EQep2Regs

00005180     146 (00005180)     _EQep3Regs

00005c00     170 (00005c00)     _DacaRegs
00005c10     170 (00005c00)     _DacbRegs
00005c20     170 (00005c00)     _DaccRegs

00005c80     172 (00005c80)     _Cmpss1Regs
00005ca0     172 (00005c80)     _Cmpss2Regs

00005cc0     173 (00005cc0)     _Cmpss3Regs
00005ce0     173 (00005cc0)     _Cmpss4Regs

00005d00     174 (00005d00)     _Cmpss5Regs
00005d20     174 (00005d00)     _Cmpss6Regs

00005d40     175 (00005d40)     _Cmpss7Regs
00005d60     175 (00005d40)     _Cmpss8Regs

00005e00     178 (00005e00)     _Sdfm1Regs

00005e80     17a (00005e80)     _Sdfm2Regs

00006000     180 (00006000)     _McbspaRegs

00006040     181 (00006040)     _McbspbRegs

00006100     184 (00006100)     _SpiaRegs
00006110     184 (00006100)     _SpibRegs
00006120     184 (00006100)     _SpicRegs

00006200     188 (00006200)     _UppRegs

00007000     1c0 (00007000)     _WdRegs

00007060     1c1 (00007040)     _NmiIntruptRegs
00007070     1c1 (00007040)     _XintRegs

00007200     1c8 (00007200)     _SciaRegs
00007210     1c8 (00007200)     _ScibRegs
00007220     1c8 (00007200)     _ScicRegs
00007230     1c8 (00007200)     _ScidRegs

00007300     1cc (00007300)     _I2caRegs

00007340     1cd (00007340)     _I2cbRegs

00007400     1d0 (00007400)     _AdcaRegs

00007480     1d2 (00007480)     _AdcbRegs

00007500     1d4 (00007500)     _AdccRegs

00007580     1d6 (00007580)     _AdcdRegs

00007900     1e4 (00007900)     _InputXbarRegs
00007920     1e4 (00007900)     _XbarRegs

00007940     1e5 (00007940)     _SyncSocRegs

00007980     1e6 (00007980)     _DmaClaSrcSelRegs

00007a00     1e8 (00007a00)     _EPwmXbarRegs

00007a40     1e9 (00007a40)     _ClbXbarRegs

00007a80     1ea (00007a80)     _OutputXbarRegs

00007c00     1f0 (00007c00)     _GpioCtrlRegs

00007f00     1fc (00007f00)     _GpioDataRegs

00009000     240 (00009000)     _MEP_SF
00009009     240 (00009000)     _SFO_CAL
00009010     240 (00009000)     _Example_Result
00009012     240 (00009000)     _Example_PassCount
00009014     240 (00009000)     _Example_Fail
00009016     240 (00009000)     ___TI_enable_exit_profile_output
00009018     240 (00009000)     ___TI_cleanup_ptr
0000901a     240 (00009000)     ___TI_dtors_ptr
0000901c     240 (00009000)     _ePWM
00009020     240 (00009000)     __lock
00009022     240 (00009000)     __unlock
00009024     240 (00009000)     _status
00009025     240 (00009000)     _MEP_ScaleFactor

00047000    11c0 (00047000)     _Emif1Regs

00047800    11e0 (00047800)     _Emif2Regs

00048000    1200 (00048000)     _CanaRegs

0004a000    1280 (0004a000)     _CanbRegs

00050000    1400 (00050000)     _IpcRegs
00050024    1400 (00050000)     _FlashPumpSemaphoreRegs

0005d000    1740 (0005d000)     _DevCfgRegs

0005d180    1746 (0005d180)     _AnalogSubsysRegs

0005d200    1748 (0005d200)     _ClkCfgRegs

0005d300    174c (0005d300)     _CpuSysRegs

0005e608    1798 (0005e600)     _RomPrefetchRegs

0005f000    17c0 (0005f000)     _DcsmZ1Regs

0005f040    17c1 (0005f040)     _DcsmZ2Regs
0005f070    17c1 (0005f040)     _DcsmCommonRegs

0005f400    17d0 (0005f400)     _MemCfgRegs

0005f480    17d2 (0005f480)     _Emif1ConfigRegs
0005f4a0    17d2 (0005f480)     _Emif2ConfigRegs

0005f4c0    17d3 (0005f4c0)     _AccessProtectionRegs

0005f500    17d4 (0005f500)     _MemoryErrorRegs

0005f540    17d5 (0005f540)     _RomWaitStateRegs

0005f800    17e0 (0005f800)     _Flash0CtrlRegs

0005fb00    17ec (0005fb00)     _Flash0EccRegs

000703c0    1c0f (000703c0)     _UidRegs


GLOBAL SYMBOLS: SORTED ALPHABETICALLY BY Name 

page  address   name                                      
----  -------   ----                                      
abs   ffffffff  .text                                     
0     00011fd7  C$$EXIT                                   
abs   00000100  CLA_SCRATCHPAD_SIZE                       
0     00011ed3  FS$$DIV                                   
1     0005f4c0  _AccessProtectionRegs                     
1     00007400  _AdcaRegs                                 
1     00000b00  _AdcaResultRegs                           
1     00007480  _AdcbRegs                                 
1     00000b20  _AdcbResultRegs                           
1     00007500  _AdccRegs                                 
1     00000b40  _AdccResultRegs                           
1     00007580  _AdcdRegs                                 
1     00000b60  _AdcdResultRegs                           
1     0005d180  _AnalogSubsysRegs                         
0     000114b7  _Board_init                               
0     0001159c  _CLA_init                                 
0     00012386  _CLA_setTriggerSource                     
1     00048000  _CanaRegs                                 
1     0004a000  _CanbRegs                                 
1     00001400  _Cla1Regs                                 
0     0000a000  _Cla1Task1                                
0     0000a132  _Cla1Task2                                
0     0000a13a  _Cla1Task3                                
0     0000a142  _Cla1Task4                                
0     0000a14a  _Cla1Task5                                
0     0000a152  _Cla1Task6                                
0     0000a15a  _Cla1Task7                                
0     0000a162  _Cla1Task8                                
1     00003200  _Clb1DataExchRegs                         
1     00003000  _Clb1LogicCfgRegs                         
1     00003100  _Clb1LogicCtrlRegs                        
1     00003600  _Clb2DataExchRegs                         
1     00003400  _Clb2LogicCfgRegs                         
1     00003500  _Clb2LogicCtrlRegs                        
1     00003a00  _Clb3DataExchRegs                         
1     00003800  _Clb3LogicCfgRegs                         
1     00003900  _Clb3LogicCtrlRegs                        
1     00003e00  _Clb4DataExchRegs                         
1     00003c00  _Clb4LogicCfgRegs                         
1     00003d00  _Clb4LogicCtrlRegs                        
1     00007a40  _ClbXbarRegs                              
1     0005d200  _ClkCfgRegs                               
1     00005c80  _Cmpss1Regs                               
1     00005ca0  _Cmpss2Regs                               
1     00005cc0  _Cmpss3Regs                               
1     00005ce0  _Cmpss4Regs                               
1     00005d00  _Cmpss5Regs                               
1     00005d20  _Cmpss6Regs                               
1     00005d40  _Cmpss7Regs                               
1     00005d60  _Cmpss8Regs                               
1     0005d300  _CpuSysRegs                               
1     00000c00  _CpuTimer0Regs                            
1     00000c08  _CpuTimer1Regs                            
1     00000c10  _CpuTimer2Regs                            
1     00005c00  _DacaRegs                                 
1     00005c10  _DacbRegs                                 
1     00005c20  _DaccRegs                                 
1     0005f070  _DcsmCommonRegs                           
1     0005f000  _DcsmZ1Regs                               
1     0005f040  _DcsmZ2Regs                               
1     0005d000  _DevCfgRegs                               
0     0000ba73  _Device_bootCPU2                          
0     0000ba42  _Device_configureTMXAnalogTrim            
0     0000b8f0  _Device_enableAllPeripherals              
0     0000ba2c  _Device_enableUnbondedGPIOPullups         
0     0000ba0f  _Device_enableUnbondedGPIOPullupsFor100Pin
0     0000b9fc  _Device_enableUnbondedGPIOPullupsFor176Pin
0     0000b8ae  _Device_init                              
0     0000b9db  _Device_initGPIO                          
1     00007980  _DmaClaSrcSelRegs                         
1     00001000  _DmaRegs                                  
1     00005000  _ECap1Regs                                
1     00005020  _ECap2Regs                                
1     00005040  _ECap3Regs                                
1     00005060  _ECap4Regs                                
1     00005080  _ECap5Regs                                
1     000050a0  _ECap6Regs                                
0     0001159f  _EPWM_init                                
0     0001249b  _EPWM_setEmulationMode                    
1     00004900  _EPwm10Regs                               
1     00004a00  _EPwm11Regs                               
1     00004b00  _EPwm12Regs                               
1     00004000  _EPwm1Regs                                
1     00004100  _EPwm2Regs                                
1     00004200  _EPwm3Regs                                
1     00004300  _EPwm4Regs                                
1     00004400  _EPwm5Regs                                
1     00004500  _EPwm6Regs                                
1     00004600  _EPwm7Regs                                
1     00004700  _EPwm8Regs                                
1     00004800  _EPwm9Regs                                
1     00007a00  _EPwmXbarRegs                             
1     00005100  _EQep1Regs                                
1     00005140  _EQep2Regs                                
1     00005180  _EQep3Regs                                
1     0005f480  _Emif1ConfigRegs                          
1     00047000  _Emif1Regs                                
1     0005f4a0  _Emif2ConfigRegs                          
1     00047800  _Emif2Regs                                
1     00009014  _Example_Fail                             
1     00009012  _Example_PassCount                        
1     00009010  _Example_Result                           
0     0000bbfe  _Example_done                             
0     0000bbf9  _Example_setResultFail                    
0     0000bbf4  _Example_setResultPass                    
1     0005f800  _Flash0CtrlRegs                           
1     0005fb00  _Flash0EccRegs                            
1     00050024  _FlashPumpSemaphoreRegs                   
0     0001221d  _GPIO_setControllerCore                   
0     0001232d  _GPIO_setDirectionMode                    
0     000122f9  _GPIO_setInterruptPin                     
0     000120be  _GPIO_setPadConfig                        
0     00012254  _GPIO_setPinConfig                        
0     0001228b  _GPIO_setQualificationMode                
1     00007c00  _GpioCtrlRegs                             
1     00007f00  _GpioDataRegs                             
1     00007300  _I2caRegs                                 
1     00007340  _I2cbRegs                                 
0     000118c0  _INTERRUPT_init                           
1     00007900  _InputXbarRegs                            
0     000124b1  _Interrupt_defaultHandler                 
0     000122c2  _Interrupt_enable                         
0     0001257a  _Interrupt_illegalOperationHandler        
0     0000b7bb  _Interrupt_initModule                     
0     00012415  _Interrupt_initVectorTable                
0     00012584  _Interrupt_nmiHandler                     
1     00050000  _IpcRegs                                  
0     00011921  _MEMCFG_init                              
1     00009000  _MEP_SF                                   
1     00009025  _MEP_ScaleFactor                          
1     00006000  _McbspaRegs                               
1     00006040  _McbspbRegs                               
1     0005f400  _MemCfgRegs                               
0     0000b69a  _MemCfg_getInitStatus                     
0     00011f5b  _MemCfg_initSections                      
0     000123ac  _MemCfg_setGSRAMControllerSel             
0     000121e4  _MemCfg_setLSRAMControllerSel             
0     00011e48  _MemCfg_setProtection                     
1     0005f500  _MemoryErrorRegs                          
1     00007060  _NmiIntruptRegs                           
1     00007a80  _OutputXbarRegs                           
1     00000ce0  _PieCtrlRegs                              
1     00000d00  _PieVectTable                             
0     000114c8  _PinMux_init                              
1     0005e608  _RomPrefetchRegs                          
1     0005f540  _RomWaitStateRegs                         
0     00011c97  _SFO                                      
1     00009009  _SFO_CAL                                  
0     00011a82  _SYNC_init                                
0     00011aa0  _SYSCTL_init                              
1     00007200  _SciaRegs                                 
1     00007210  _ScibRegs                                 
1     00007220  _ScicRegs                                 
1     00007230  _ScidRegs                                 
1     00005e00  _Sdfm1Regs                                
1     00005e80  _Sdfm2Regs                                
1     00006100  _SpiaRegs                                 
1     00006110  _SpibRegs                                 
1     00006120  _SpicRegs                                 
1     00007940  _SyncSocRegs                              
0     000001a5  _SysCtl_delay                             
0     00012110  _SysCtl_getClock                          
0     00012000  _SysCtl_getDeviceParametric               
0     0001246a  _SysCtl_getLowSpeedClock                  
0     00012161  _SysCtl_selectOscSource                   
0     0000b72b  _SysCtl_selectXTAL                        
0     0000bbff  _SysCtl_setClock                          
1     000703c0  _UidRegs                                  
1     00006200  _UppRegs                                  
1     00007000  _WdRegs                                   
1     00007920  _XbarRegs                                 
1     00007070  _XintRegs                                 
1     000007f8  __STACK_END                               
abs   000003f8  __STACK_SIZE                              
1     00009018  ___TI_cleanup_ptr                         
1     0000901a  ___TI_dtors_ptr                           
1     00009016  ___TI_enable_exit_profile_output          
abs   ffffffff  ___TI_pprof_out_hndl                      
abs   ffffffff  ___TI_prof_data_size                      
abs   ffffffff  ___TI_prof_data_start                     
abs   ffffffff  ___binit__                                
abs   ffffffff  ___c_args__                               
0     00000123  ___cinit__                                
0     0000bbed  ___error__                                
abs   ffffffff  ___etext__                                
abs   ffffffff  ___pinit__                                
abs   ffffffff  ___text__                                 
0     00012515  __args_main                               
1     00009020  __lock                                    
0     0001259f  __nop                                     
0     0001259b  __register_lock                           
0     00012597  __register_unlock                         
1     00000400  __stack                                   
0     0000bfff  __system_post_cinit                       
0     000125a0  __system_pre_init                         
1     00009022  __unlock                                  
0     00011fd7  _abort                                    
0     00012068  _c_int00                                  
0     0000be08  _cla1Isr1                                 
0     0000be37  _cla1Isr2                                 
0     0000be66  _cla1Isr3                                 
0     0000be95  _cla1Isr4                                 
0     0000bec4  _cla1Isr5                                 
0     0000bef3  _cla1Isr6                                 
0     0000bf22  _cla1Isr7                                 
0     0000bf51  _cla1Isr8                                 
1     00001483  _cla_cmd_ack_seq                          
1     00001501  _cla_cmd_cycles                           
1     00001500  _cla_cmd_direction                        
1     00001502  _cla_cmd_seq                              
1     0000150e  _cla_cmpa_hr_fast_q8                      
1     0000150a  _cla_cmpa_hr_normal_q8                    
1     0000150c  _cla_cmpa_hr_slow_q8                      
1     00001484  _cla_done_count                           
1     00001508  _cla_period_hr_fast_q8                    
1     00001504  _cla_period_hr_normal_q8                  
1     00001506  _cla_period_hr_slow_q8                    
1     00001482  _cla_state_active                         
1     00001481  _cla_state_cycles_remaining               
1     00001480  _cla_state_direction                      
1     00001486  _cla_task1_hits                           
0     000123d2  _copy_in                                  
1     0000901c  _ePWM                                     
0     0000b697  _error                                    
0     00011fd9  _exit                                     
0     0000b551  _initHRPWM1                               
0     0000b4f4  _main                                     
0     00012433  _memcpy                                   
0     0001153a  _myCLA0_init                              
1     00009024  _status                                   
1     00001488  _xint1_hits                               
1     0000148a  _xint2_hits                               
0     0000bfbc  _xintLagIsr                               
0     0000bf80  _xintLeadIsr                              
abs   ffffffff  binit                                     
0     00000123  cinit                                     
0     00000000  code_start                                
abs   ffffffff  etext                                     
abs   ffffffff  pinit                                     


GLOBAL SYMBOLS: SORTED BY Symbol Address 

page  address   name                                      
----  -------   ----                                      
0     00000000  code_start                                
0     00000123  ___cinit__                                
0     00000123  cinit                                     
0     000001a5  _SysCtl_delay                             
0     0000a000  _Cla1Task1                                
0     0000a132  _Cla1Task2                                
0     0000a13a  _Cla1Task3                                
0     0000a142  _Cla1Task4                                
0     0000a14a  _Cla1Task5                                
0     0000a152  _Cla1Task6                                
0     0000a15a  _Cla1Task7                                
0     0000a162  _Cla1Task8                                
0     0000b4f4  _main                                     
0     0000b551  _initHRPWM1                               
0     0000b697  _error                                    
0     0000b69a  _MemCfg_getInitStatus                     
0     0000b72b  _SysCtl_selectXTAL                        
0     0000b7bb  _Interrupt_initModule                     
0     0000b8ae  _Device_init                              
0     0000b8f0  _Device_enableAllPeripherals              
0     0000b9db  _Device_initGPIO                          
0     0000b9fc  _Device_enableUnbondedGPIOPullupsFor176Pin
0     0000ba0f  _Device_enableUnbondedGPIOPullupsFor100Pin
0     0000ba2c  _Device_enableUnbondedGPIOPullups         
0     0000ba42  _Device_configureTMXAnalogTrim            
0     0000ba73  _Device_bootCPU2                          
0     0000bbed  ___error__                                
0     0000bbf4  _Example_setResultPass                    
0     0000bbf9  _Example_setResultFail                    
0     0000bbfe  _Example_done                             
0     0000bbff  _SysCtl_setClock                          
0     0000be08  _cla1Isr1                                 
0     0000be37  _cla1Isr2                                 
0     0000be66  _cla1Isr3                                 
0     0000be95  _cla1Isr4                                 
0     0000bec4  _cla1Isr5                                 
0     0000bef3  _cla1Isr6                                 
0     0000bf22  _cla1Isr7                                 
0     0000bf51  _cla1Isr8                                 
0     0000bf80  _xintLeadIsr                              
0     0000bfbc  _xintLagIsr                               
0     0000bfff  __system_post_cinit                       
0     000114b7  _Board_init                               
0     000114c8  _PinMux_init                              
0     0001153a  _myCLA0_init                              
0     0001159c  _CLA_init                                 
0     0001159f  _EPWM_init                                
0     000118c0  _INTERRUPT_init                           
0     00011921  _MEMCFG_init                              
0     00011a82  _SYNC_init                                
0     00011aa0  _SYSCTL_init                              
0     00011c97  _SFO                                      
0     00011e48  _MemCfg_setProtection                     
0     00011ed3  FS$$DIV                                   
0     00011f5b  _MemCfg_initSections                      
0     00011fd7  C$$EXIT                                   
0     00011fd7  _abort                                    
0     00011fd9  _exit                                     
0     00012000  _SysCtl_getDeviceParametric               
0     00012068  _c_int00                                  
0     000120be  _GPIO_setPadConfig                        
0     00012110  _SysCtl_getClock                          
0     00012161  _SysCtl_selectOscSource                   
0     000121e4  _MemCfg_setLSRAMControllerSel             
0     0001221d  _GPIO_setControllerCore                   
0     00012254  _GPIO_setPinConfig                        
0     0001228b  _GPIO_setQualificationMode                
0     000122c2  _Interrupt_enable                         
0     000122f9  _GPIO_setInterruptPin                     
0     0001232d  _GPIO_setDirectionMode                    
0     00012386  _CLA_setTriggerSource                     
0     000123ac  _MemCfg_setGSRAMControllerSel             
0     000123d2  _copy_in                                  
0     00012415  _Interrupt_initVectorTable                
0     00012433  _memcpy                                   
0     0001246a  _SysCtl_getLowSpeedClock                  
0     0001249b  _EPWM_setEmulationMode                    
0     000124b1  _Interrupt_defaultHandler                 
0     00012515  __args_main                               
0     0001257a  _Interrupt_illegalOperationHandler        
0     00012584  _Interrupt_nmiHandler                     
0     00012597  __register_unlock                         
0     0001259b  __register_lock                           
0     0001259f  __nop                                     
0     000125a0  __system_pre_init                         
1     00000400  __stack                                   
1     000007f8  __STACK_END                               
1     00000b00  _AdcaResultRegs                           
1     00000b20  _AdcbResultRegs                           
1     00000b40  _AdccResultRegs                           
1     00000b60  _AdcdResultRegs                           
1     00000c00  _CpuTimer0Regs                            
1     00000c08  _CpuTimer1Regs                            
1     00000c10  _CpuTimer2Regs                            
1     00000ce0  _PieCtrlRegs                              
1     00000d00  _PieVectTable                             
1     00001000  _DmaRegs                                  
1     00001400  _Cla1Regs                                 
1     00001480  _cla_state_direction                      
1     00001481  _cla_state_cycles_remaining               
1     00001482  _cla_state_active                         
1     00001483  _cla_cmd_ack_seq                          
1     00001484  _cla_done_count                           
1     00001486  _cla_task1_hits                           
1     00001488  _xint1_hits                               
1     0000148a  _xint2_hits                               
1     00001500  _cla_cmd_direction                        
1     00001501  _cla_cmd_cycles                           
1     00001502  _cla_cmd_seq                              
1     00001504  _cla_period_hr_normal_q8                  
1     00001506  _cla_period_hr_slow_q8                    
1     00001508  _cla_period_hr_fast_q8                    
1     0000150a  _cla_cmpa_hr_normal_q8                    
1     0000150c  _cla_cmpa_hr_slow_q8                      
1     0000150e  _cla_cmpa_hr_fast_q8                      
1     00003000  _Clb1LogicCfgRegs                         
1     00003100  _Clb1LogicCtrlRegs                        
1     00003200  _Clb1DataExchRegs                         
1     00003400  _Clb2LogicCfgRegs                         
1     00003500  _Clb2LogicCtrlRegs                        
1     00003600  _Clb2DataExchRegs                         
1     00003800  _Clb3LogicCfgRegs                         
1     00003900  _Clb3LogicCtrlRegs                        
1     00003a00  _Clb3DataExchRegs                         
1     00003c00  _Clb4LogicCfgRegs                         
1     00003d00  _Clb4LogicCtrlRegs                        
1     00003e00  _Clb4DataExchRegs                         
1     00004000  _EPwm1Regs                                
1     00004100  _EPwm2Regs                                
1     00004200  _EPwm3Regs                                
1     00004300  _EPwm4Regs                                
1     00004400  _EPwm5Regs                                
1     00004500  _EPwm6Regs                                
1     00004600  _EPwm7Regs                                
1     00004700  _EPwm8Regs                                
1     00004800  _EPwm9Regs                                
1     00004900  _EPwm10Regs                               
1     00004a00  _EPwm11Regs                               
1     00004b00  _EPwm12Regs                               
1     00005000  _ECap1Regs                                
1     00005020  _ECap2Regs                                
1     00005040  _ECap3Regs                                
1     00005060  _ECap4Regs                                
1     00005080  _ECap5Regs                                
1     000050a0  _ECap6Regs                                
1     00005100  _EQep1Regs                                
1     00005140  _EQep2Regs                                
1     00005180  _EQep3Regs                                
1     00005c00  _DacaRegs                                 
1     00005c10  _DacbRegs                                 
1     00005c20  _DaccRegs                                 
1     00005c80  _Cmpss1Regs                               
1     00005ca0  _Cmpss2Regs                               
1     00005cc0  _Cmpss3Regs                               
1     00005ce0  _Cmpss4Regs                               
1     00005d00  _Cmpss5Regs                               
1     00005d20  _Cmpss6Regs                               
1     00005d40  _Cmpss7Regs                               
1     00005d60  _Cmpss8Regs                               
1     00005e00  _Sdfm1Regs                                
1     00005e80  _Sdfm2Regs                                
1     00006000  _McbspaRegs                               
1     00006040  _McbspbRegs                               
1     00006100  _SpiaRegs                                 
1     00006110  _SpibRegs                                 
1     00006120  _SpicRegs                                 
1     00006200  _UppRegs                                  
1     00007000  _WdRegs                                   
1     00007060  _NmiIntruptRegs                           
1     00007070  _XintRegs                                 
1     00007200  _SciaRegs                                 
1     00007210  _ScibRegs                                 
1     00007220  _ScicRegs                                 
1     00007230  _ScidRegs                                 
1     00007300  _I2caRegs                                 
1     00007340  _I2cbRegs                                 
1     00007400  _AdcaRegs                                 
1     00007480  _AdcbRegs                                 
1     00007500  _AdccRegs                                 
1     00007580  _AdcdRegs                                 
1     00007900  _InputXbarRegs                            
1     00007920  _XbarRegs                                 
1     00007940  _SyncSocRegs                              
1     00007980  _DmaClaSrcSelRegs                         
1     00007a00  _EPwmXbarRegs                             
1     00007a40  _ClbXbarRegs                              
1     00007a80  _OutputXbarRegs                           
1     00007c00  _GpioCtrlRegs                             
1     00007f00  _GpioDataRegs                             
1     00009000  _MEP_SF                                   
1     00009009  _SFO_CAL                                  
1     00009010  _Example_Result                           
1     00009012  _Example_PassCount                        
1     00009014  _Example_Fail                             
1     00009016  ___TI_enable_exit_profile_output          
1     00009018  ___TI_cleanup_ptr                         
1     0000901a  ___TI_dtors_ptr                           
1     0000901c  _ePWM                                     
1     00009020  __lock                                    
1     00009022  __unlock                                  
1     00009024  _status                                   
1     00009025  _MEP_ScaleFactor                          
1     00047000  _Emif1Regs                                
1     00047800  _Emif2Regs                                
1     00048000  _CanaRegs                                 
1     0004a000  _CanbRegs                                 
1     00050000  _IpcRegs                                  
1     00050024  _FlashPumpSemaphoreRegs                   
1     0005d000  _DevCfgRegs                               
1     0005d180  _AnalogSubsysRegs                         
1     0005d200  _ClkCfgRegs                               
1     0005d300  _CpuSysRegs                               
1     0005e608  _RomPrefetchRegs                          
1     0005f000  _DcsmZ1Regs                               
1     0005f040  _DcsmZ2Regs                               
1     0005f070  _DcsmCommonRegs                           
1     0005f400  _MemCfgRegs                               
1     0005f480  _Emif1ConfigRegs                          
1     0005f4a0  _Emif2ConfigRegs                          
1     0005f4c0  _AccessProtectionRegs                     
1     0005f500  _MemoryErrorRegs                          
1     0005f540  _RomWaitStateRegs                         
1     0005f800  _Flash0CtrlRegs                           
1     0005fb00  _Flash0EccRegs                            
1     000703c0  _UidRegs                                  
abs   00000100  CLA_SCRATCHPAD_SIZE                       
abs   000003f8  __STACK_SIZE                              
abs   ffffffff  .text                                     
abs   ffffffff  ___TI_pprof_out_hndl                      
abs   ffffffff  ___TI_prof_data_size                      
abs   ffffffff  ___TI_prof_data_start                     
abs   ffffffff  ___binit__                                
abs   ffffffff  ___c_args__                               
abs   ffffffff  ___etext__                                
abs   ffffffff  ___pinit__                                
abs   ffffffff  ___text__                                 
abs   ffffffff  binit                                     
abs   ffffffff  etext                                     
abs   ffffffff  pinit                                     

[239 symbols]
